2021-03-20 04:25:17.361 13315-13767/com.reapex.sv D/ml-vadenergy: get -> tag = 65459225
2021-03-20 04:25:17.361 13315-13767/com.reapex.sv I/ml-vadenergy: Detect -> type = 2, energy = 10710482.0
2021-03-20 04:25:17.362 13315-13767/com.reapex.sv D/Leo: onVoiceDataReceived-- energy =1.0730482E7
2021-03-20 04:25:17.363 13315-13767/com.reapex.sv I/MLASR_AsrVadDetector: lowerEnergy = 43.01, energy = 70.31, diff = 0.63
2021-03-20 04:25:17.398 13315-13767/com.reapex.sv D/ml-vadenergy: get -> tag = 65459225
2021-03-20 04:25:17.398 13315-13767/com.reapex.sv I/ml-vadenergy: Detect -> type = 2, energy = 3444406.0
2021-03-20 04:25:17.399 13315-13767/com.reapex.sv D/Leo: onVoiceDataReceived-- energy =3464406.0
2021-03-20 04:25:17.400 13315-13767/com.reapex.sv I/MLASR_AsrVadDetector: lowerEnergy = 43.01, energy = 65.40, diff = 0.52
2021-03-20 04:25:17.436 13315-13767/com.reapex.sv D/ml-vadenergy: get -> tag = 65459225
2021-03-20 04:25:17.436 13315-13767/com.reapex.sv I/ml-vadenergy: Detect -> type = 2, energy = 9050061.0
2021-03-20 04:25:17.436 13315-13767/com.reapex.sv D/Leo: onVoiceDataReceived-- energy =9070061.0
2021-03-20 04:25:17.437 13315-13767/com.reapex.sv I/MLASR_AsrVadDetector: lowerEnergy = 43.01, energy = 69.58, diff = 0.62
2021-03-20 04:25:17.481 13315-13767/com.reapex.sv D/ml-vadenergy: get -> tag = 65459225
2021-03-20 04:25:17.482 13315-13767/com.reapex.sv I/ml-vadenergy: Detect -> type = 2, energy = 7543537.0
2021-03-20 04:25:17.482 13315-13767/com.reapex.sv D/Leo: onVoiceDataReceived-- energy =7563537.0
2021-03-20 04:25:17.483 13315-13767/com.reapex.sv I/MLASR_AsrVadDetector: lowerEnergy = 43.01, energy = 68.79, diff = 0.60
2021-03-20 04:25:17.484 13315-13772/com.reapex.sv I/MLASR_AsrProcessor: send data in thread, messageSeqNo: 203
2021-03-20 04:25:17.484 13315-13772/com.reapex.sv I/MLASR_HaAdapter_MLKitAsr: handleMsg, taskId: 1616185473579381msg: 5
2021-03-20 04:25:17.485 13315-13772/com.reapex.sv E/MLASR_HaAdapter_MLKitAsr: mEventsToBeReported: has no response event isInfoGatherStart:falsemsg: 5
2021-03-20 04:25:17.485 13315-13772/com.reapex.sv I/MLASR_HaAdapter_MLKitAsr: handleMsg, taskId: 1616185473579381msg: 6
2021-03-20 04:25:17.485 13315-13772/com.reapex.sv E/MLASR_HaAdapter_MLKitAsr: mEventsToBeReported: has no response event isInfoGatherStart:falsemsg: 6
2021-03-20 04:25:17.485 13315-13772/com.reapex.sv I/MLASR_HaAdapter_MLKitAsr: handleMsg, taskId: 1616185473579381msg: 11
2021-03-20 04:25:17.485 13315-13772/com.reapex.sv E/MLASR_HaAdapter_MLKitAsr: mEventsToBeReported: has no response event isInfoGatherStart:falsemsg: 11
2021-03-20 04:25:17.489 13315-13768/com.reapex.sv D/WebSocketManager: onMessage: {"command":"DATA","result":{"isFinal":false,"isPartialFinal":false,"text":"12345671234567123456712345671234567 123456712345671234567 12345671234567123456712345676789十11 12 13 56781bcdeft我是正月标准定的中国第二第二我6788嗨嗨嗨嗨嗨嗨嗨还要333333335566666669999999777777777888888888888888888888888888888好好好好哦芭芭把我"},"retCode":"0","retMsg":"Success"}
2021-03-20 04:25:17.490 13315-13768/com.reapex.sv I/MLASR_AsrProcessor: onMessage:
2021-03-20 04:25:17.498 13315-13315/com.reapex.sv D/Leo: OnResults
2021-03-20 04:25:17.499 13315-13315/com.reapex.sv D/Leo: onRecognizingResults is_sv Bundle[{results_recognizing=12345671234567123456712345671234567 123456712345671234567 12345671234567123456712345676789十11 12 13 56781bcdeft我是正月标准定的中国第二第二我6788嗨嗨嗨嗨嗨嗨嗨还要333333335566666669999999777777777888888888888888888888888888888好好好好哦芭芭把我}]
2021-03-20 04:25:17.515 13315-13767/com.reapex.sv D/ml-vadenergy: get -> tag = 65459225
2021-03-20 04:25:17.516 13315-13767/com.reapex.sv I/ml-vadenergy: Detect -> type = 2, energy = 4847533.0
2021-03-20 04:25:17.516 13315-13767/com.reapex.sv D/Leo: onVoiceDataReceived-- energy =4867533.0
2021-03-20 04:25:17.517 13315-13767/com.reapex.sv I/MLASR_AsrVadDetector: lowerEnergy = 43.01, energy = 66.87, diff = 0.55
2021-03-20 04:25:17.556 13315-13767/com.reapex.sv D/ml-vadenergy: get -> tag = 65459225
2021-03-20 04:25:17.556 13315-13767/com.reapex.sv I/ml-vadenergy: Detect -> type = 2, energy = 3056572.0
2021-03-20 04:25:17.556 13315-13767/com.reapex.sv D/Leo: onVoiceDataReceived-- energy =3076572.0
2021-03-20 04:25:17.557 13315-13767/com.reapex.sv I/MLASR_AsrVadDetector: lowerEnergy = 43.01, energy = 64.88, diff = 0.51
2021-03-20 04:25:17.595 13315-13767/com.reapex.sv D/ml-vadenergy: get -> tag = 65459225
2021-03-20 04:25:17.596 13315-13767/com.reapex.sv I/ml-vadenergy: Detect -> type = 2, energy = 9646762.0
2021-03-20 04:25:17.596 13315-13767/com.reapex.sv D/Leo: onVoiceDataReceived-- energy =9666762.0
2021-03-20 04:25:17.597 13315-13767/com.reapex.sv I/MLASR_AsrVadDetector: lowerEnergy = 43.01, energy = 69.85, diff = 0.62
2021-03-20 04:25:17.635 13315-13767/com.reapex.sv D/ml-vadenergy: get -> tag = 65459225
2021-03-20 04:25:17.635 13315-13767/com.reapex.sv I/ml-vadenergy: Detect -> type = 2, energy = 9402135.0
2021-03-20 04:25:17.635 13315-13767/com.reapex.sv D/Leo: onVoiceDataReceived-- energy =9422135.0
2021-03-20 04:25:17.636 13315-13767/com.reapex.sv I/MLASR_AsrVadDetector: lowerEnergy = 43.01, energy = 69.74, diff = 0.62
2021-03-20 04:25:17.675 13315-13767/com.reapex.sv D/ml-vadenergy: get -> tag = 65459225
2021-03-20 04:25:17.675 13315-13767/com.reapex.sv I/ml-vadenergy: Detect -> type = 2, energy = 6304650.0
2021-03-20 04:25:17.676 13315-13767/com.reapex.sv D/Leo: onVoiceDataReceived-- energy =6324650.0
2021-03-20 04:25:17.677 13315-13767/com.reapex.sv I/MLASR_AsrVadDetector: lowerEnergy = 43.01, energy = 68.01, diff = 0.58
2021-03-20 04:25:17.677 13315-13772/com.reapex.sv I/MLASR_AsrProcessor: send data in thread, messageSeqNo: 204
2021-03-20 04:25:17.677 13315-13772/com.reapex.sv I/MLASR_HaAdapter_MLKitAsr: handleMsg, taskId: 1616185473579381msg: 5
2021-03-20 04:25:17.677 13315-13772/com.reapex.sv E/MLASR_HaAdapter_MLKitAsr: mEventsToBeReported: has no response event isInfoGatherStart:falsemsg: 5
2021-03-20 04:25:17.677 13315-13772/com.reapex.sv I/MLASR_HaAdapter_MLKitAsr: handleMsg, taskId: 1616185473579381msg: 6
2021-03-20 04:25:17.677 13315-13772/com.reapex.sv E/MLASR_HaAdapter_MLKitAsr: mEventsToBeReported: has no response event isInfoGatherStart:falsemsg: 6
2021-03-20 04:25:17.677 13315-13772/com.reapex.sv I/MLASR_HaAdapter_MLKitAsr: handleMsg, taskId: 1616185473579381msg: 11
2021-03-20 04:25:17.677 13315-13772/com.reapex.sv E/MLASR_HaAdapter_MLKitAsr: mEventsToBeReported: has no response event isInfoGatherStart:falsemsg: 11
2021-03-20 04:25:17.715 13315-13767/com.reapex.sv D/ml-vadenergy: get -> tag = 65459225
2021-03-20 04:25:17.716 13315-13767/com.reapex.sv I/ml-vadenergy: Detect -> type = 2, energy = 1851395.2
2021-03-20 04:25:17.716 13315-13767/com.reapex.sv D/Leo: onVoiceDataReceived-- energy =1871395.2
2021-03-20 04:25:17.716 13315-13767/com.reapex.sv I/MLASR_AsrVadDetector: lowerEnergy = 43.01, energy = 62.72, diff = 0.46
2021-03-20 04:25:17.755 13315-13767/com.reapex.sv D/ml-vadenergy: get -> tag = 65459225
2021-03-20 04:25:17.755 13315-13768/com.reapex.sv D/WebSocketManager: onMessage: {"command":"DATA","result":{"isFinal":false,"isPartialFinal":false,"text":"12345671234567123456712345671234567 123456712345671234567 12345671234567123456712345676789十11 12 13 56781bcdeft我是正月标准定的中国第二第二我6788嗨嗨嗨嗨嗨嗨嗨还要333333335566666669999999777777777888888888888888888888888888888好好好好哦我爸爸我爸爸"},"retCode":"0","retMsg":"Success"}
2021-03-20 04:25:17.755 13315-13768/com.reapex.sv I/MLASR_AsrProcessor: onMessage:
2021-03-20 04:25:17.755 13315-13767/com.reapex.sv I/ml-vadenergy: Detect -> type = 2, energy = 302371.6
2021-03-20 04:25:17.755 13315-13767/com.reapex.sv D/Leo: onVoiceDataReceived-- energy =322371.62
2021-03-20 04:25:17.756 13315-13767/com.reapex.sv I/MLASR_AsrVadDetector: lowerEnergy = 43.01, energy = 55.08, diff = 0.28
2021-03-20 04:25:17.760 13315-13315/com.reapex.sv D/Leo: OnResults
2021-03-20 04:25:17.760 13315-13315/com.reapex.sv D/Leo: onRecognizingResults is_sv Bundle[{results_recognizing=12345671234567123456712345671234567 123456712345671234567 12345671234567123456712345676789十11 12 13 56781bcdeft我是正月标准定的中国第二第二我6788嗨嗨嗨嗨嗨嗨嗨还要333333335566666669999999777777777888888888888888888888888888888好好好好哦我爸爸我爸爸}]
2021-03-20 04:25:17.795 13315-13767/com.reapex.sv D/ml-vadenergy: get -> tag = 65459225
2021-03-20 04:25:17.796 13315-13767/com.reapex.sv I/ml-vadenergy: Detect -> type = 2, energy = 1467531.8
2021-03-20 04:25:17.796 13315-13767/com.reapex.sv D/Leo: onVoiceDataReceived-- energy =1487531.8
2021-03-20 04:25:17.797 13315-13767/com.reapex.sv I/MLASR_AsrVadDetector: lowerEnergy = 43.01, energy = 61.72, diff = 0.44
2021-03-20 04:25:17.835 13315-13767/com.reapex.sv D/ml-vadenergy: get -> tag = 65459225
2021-03-20 04:25:17.835 13315-13767/com.reapex.sv I/ml-vadenergy: Detect -> type = 2, energy = 2717963.2
2021-03-20 04:25:17.836 13315-13767/com.reapex.sv D/Leo: onVoiceDataReceived-- energy =2737963.2
2021-03-20 04:25:17.836 13315-13767/com.reapex.sv I/MLASR_AsrVadDetector: lowerEnergy = 43.01, energy = 64.37, diff = 0.50
2021-03-20 04:25:17.875 13315-13767/com.reapex.sv D/ml-vadenergy: get -> tag = 65459225
2021-03-20 04:25:17.875 13315-13767/com.reapex.sv I/ml-vadenergy: Detect -> type = 2, energy = 4118234.8
2021-03-20 04:25:17.876 13315-13767/com.reapex.sv D/Leo: onVoiceDataReceived-- energy =4138234.8
2021-03-20 04:25:17.877 13315-13767/com.reapex.sv I/MLASR_AsrVadDetector: lowerEnergy = 43.01, energy = 66.17, diff = 0.54
2021-03-20 04:25:17.878 13315-13772/com.reapex.sv I/MLASR_AsrProcessor: send data in thread, messageSeqNo: 205
2021-03-20 04:25:17.878 13315-13772/com.reapex.sv I/MLASR_HaAdapter_MLKitAsr: handleMsg, taskId: 1616185473579381msg: 5
2021-03-20 04:25:17.879 13315-13772/com.reapex.sv E/MLASR_HaAdapter_MLKitAsr: mEventsToBeReported: has no response event isInfoGatherStart:falsemsg: 5
2021-03-20 04:25:17.879 13315-13772/com.reapex.sv I/MLASR_HaAdapter_MLKitAsr: handleMsg, taskId: 1616185473579381msg: 6
2021-03-20 04:25:17.879 13315-13772/com.reapex.sv E/MLASR_HaAdapter_MLKitAsr: mEventsToBeReported: has no response event isInfoGatherStart:falsemsg: 6
2021-03-20 04:25:17.879 13315-13772/com.reapex.sv I/MLASR_HaAdapter_MLKitAsr: handleMsg, taskId: 1616185473579381msg: 11
2021-03-20 04:25:17.879 13315-13772/com.reapex.sv E/MLASR_HaAdapter_MLKitAsr: mEventsToBeReported: has no response event isInfoGatherStart:falsemsg: 11
2021-03-20 04:25:17.916 13315-13767/com.reapex.sv D/ml-vadenergy: get -> tag = 65459225
2021-03-20 04:25:17.916 13315-13767/com.reapex.sv I/ml-vadenergy: Detect -> type = 2, energy = 3951353.2
2021-03-20 04:25:17.917 13315-13767/com.reapex.sv D/Leo: onVoiceDataReceived-- energy =3971353.2
2021-03-20 04:25:17.917 13315-13767/com.reapex.sv I/MLASR_AsrVadDetector: lowerEnergy = 43.01, energy = 65.99, diff = 0.53
2021-03-20 04:25:17.961 13315-13767/com.reapex.sv D/ml-vadenergy: get -> tag = 65459225
2021-03-20 04:25:17.962 13315-13767/com.reapex.sv I/ml-vadenergy: Detect -> type = 2, energy = 5569177.0
2021-03-20 04:25:17.962 13315-13767/com.reapex.sv D/Leo: onVoiceDataReceived-- energy =5589177.0
2021-03-20 04:25:17.963 13315-13767/com.reapex.sv I/MLASR_AsrVadDetector: lowerEnergy = 43.01, energy = 67.47, diff = 0.57
2021-03-20 04:25:17.997 13315-13767/com.reapex.sv D/ml-vadenergy: get -> tag = 65459225
2021-03-20 04:25:17.998 13315-13767/com.reapex.sv I/ml-vadenergy: Detect -> type = 2, energy = 4682095.0
2021-03-20 04:25:17.998 13315-13767/com.reapex.sv D/Leo: onVoiceDataReceived-- energy =4702095.0
2021-03-20 04:25:17.999 13315-13767/com.reapex.sv I/MLASR_AsrVadDetector: lowerEnergy = 43.01, energy = 66.72, diff = 0.55
2021-03-20 04:25:18.041 13315-13767/com.reapex.sv D/ml-vadenergy: get -> tag = 65459225
2021-03-20 04:25:18.041 13315-13767/com.reapex.sv I/ml-vadenergy: Detect -> type = 2, energy = 214759.2
2021-03-20 04:25:18.042 13315-13767/com.reapex.sv D/Leo: onVoiceDataReceived-- energy =234759.22
2021-03-20 04:25:18.043 13315-13767/com.reapex.sv I/MLASR_AsrVadDetector: lowerEnergy = 43.01, energy = 53.71, diff = 0.25
2021-03-20 04:25:18.081 13315-13767/com.reapex.sv D/ml-vadenergy: get -> tag = 65459225
2021-03-20 04:25:18.082 13315-13767/com.reapex.sv I/ml-vadenergy: Detect -> type = 2, energy = 113222.4
2021-03-20 04:25:18.082 13315-13767/com.reapex.sv D/Leo: onVoiceDataReceived-- energy =133222.39
2021-03-20 04:25:18.084 13315-13767/com.reapex.sv I/MLASR_AsrVadDetector: lowerEnergy = 43.01, energy = 51.25, diff = 0.19
2021-03-20 04:25:18.084 13315-13772/com.reapex.sv I/MLASR_AsrProcessor: send data in thread, messageSeqNo: 206
2021-03-20 04:25:18.085 13315-13772/com.reapex.sv I/MLASR_HaAdapter_MLKitAsr: handleMsg, taskId: 1616185473579381msg: 5
2021-03-20 04:25:18.085 13315-13772/com.reapex.sv E/MLASR_HaAdapter_MLKitAsr: mEventsToBeReported: has no response event isInfoGatherStart:falsemsg: 5
2021-03-20 04:25:18.085 13315-13772/com.reapex.sv I/MLASR_HaAdapter_MLKitAsr: handleMsg, taskId: 1616185473579381msg: 6
2021-03-20 04:25:18.085 13315-13772/com.reapex.sv E/MLASR_HaAdapter_MLKitAsr: mEventsToBeReported: has no response event isInfoGatherStart:falsemsg: 6
2021-03-20 04:25:18.085 13315-13772/com.reapex.sv I/MLASR_HaAdapter_MLKitAsr: handleMsg, taskId: 1616185473579381msg: 11
2021-03-20 04:25:18.085 13315-13772/com.reapex.sv E/MLASR_HaAdapter_MLKitAsr: mEventsToBeReported: has no response event isInfoGatherStart:falsemsg: 11
2021-03-20 04:25:18.116 13315-13767/com.reapex.sv D/ml-vadenergy: get -> tag = 65459225
2021-03-20 04:25:18.116 13315-13767/com.reapex.sv I/ml-vadenergy: Detect -> type = 2, energy = 2854201.5
2021-03-20 04:25:18.116 13315-13767/com.reapex.sv D/Leo: onVoiceDataReceived-- energy =2874201.5
2021-03-20 04:25:18.117 13315-13767/com.reapex.sv I/MLASR_AsrVadDetector: lowerEnergy = 43.01, energy = 64.59, diff = 0.50
2021-03-20 04:25:18.147 13315-13768/com.reapex.sv D/WebSocketManager: onMessage: {"command":"DATA","result":{"isFinal":false,"isPartialFinal":false,"text":"12345671234567123456712345671234567 123456712345671234567 12345671234567123456712345676789十11 12 13 56781bcdeft我是正月标准定的中国第二第二我6788嗨嗨嗨嗨嗨嗨嗨还要333333335566666669999999777777777888888888888888888888888888888好好好好哦88888888"},"retCode":"0","retMsg":"Success"}
2021-03-20 04:25:18.147 13315-13768/com.reapex.sv I/MLASR_AsrProcessor: onMessage:
2021-03-20 04:25:18.155 13315-13767/com.reapex.sv D/ml-vadenergy: get -> tag = 65459225
2021-03-20 04:25:18.156 13315-13767/com.reapex.sv I/ml-vadenergy: Detect -> type = 2, energy = 8281417.5
2021-03-20 04:25:18.156 13315-13767/com.reapex.sv D/Leo: onVoiceDataReceived-- energy =8301417.5
2021-03-20 04:25:18.156 13315-13315/com.reapex.sv D/Leo: OnResults
2021-03-20 04:25:18.156 13315-13315/com.reapex.sv D/Leo: onRecognizingResults is_sv Bundle[{results_recognizing=12345671234567123456712345671234567 123456712345671234567 12345671234567123456712345676789十11 12 13 56781bcdeft我是正月标准定的中国第二第二我6788嗨嗨嗨嗨嗨嗨嗨还要333333335566666669999999777777777888888888888888888888888888888好好好好哦88888888}]
2021-03-20 04:25:18.156 13315-13767/com.reapex.sv I/MLASR_AsrVadDetector: lowerEnergy = 43.01, energy = 69.19, diff = 0.61
2021-03-20 04:25:18.195 13315-13767/com.reapex.sv D/ml-vadenergy: get -> tag = 65459225
2021-03-20 04:25:18.196 13315-13767/com.reapex.sv I/ml-vadenergy: Detect -> type = 2, energy = 2076521.4
2021-03-20 04:25:18.196 13315-13767/com.reapex.sv D/Leo: onVoiceDataReceived-- energy =2096521.4
2021-03-20 04:25:18.197 13315-13767/com.reapex.sv I/MLASR_AsrVadDetector: lowerEnergy = 43.01, energy = 63.21, diff = 0.47
2021-03-20 04:25:18.235 13315-13767/com.reapex.sv D/ml-vadenergy: get -> tag = 65459225
2021-03-20 04:25:18.236 13315-13767/com.reapex.sv I/ml-vadenergy: Detect -> type = 2, energy = 2489305.2
2021-03-20 04:25:18.236 13315-13767/com.reapex.sv D/Leo: onVoiceDataReceived-- energy =2509305.2
2021-03-20 04:25:18.237 13315-13767/com.reapex.sv I/MLASR_AsrVadDetector: lowerEnergy = 43.01, energy = 64.00, diff = 0.49
2021-03-20 04:25:18.275 13315-13767/com.reapex.sv D/ml-vadenergy: get -> tag = 65459225
2021-03-20 04:25:18.275 13315-13767/com.reapex.sv I/ml-vadenergy: Detect -> type = 2, energy = 3773093.2
2021-03-20 04:25:18.275 13315-13767/com.reapex.sv D/Leo: onVoiceDataReceived-- energy =3793093.2
2021-03-20 04:25:18.276 13315-13767/com.reapex.sv I/MLASR_AsrVadDetector: lowerEnergy = 43.01, energy = 65.79, diff = 0.53
2021-03-20 04:25:18.277 13315-13772/com.reapex.sv I/MLASR_AsrProcessor: send data in thread, messageSeqNo: 207
2021-03-20 04:25:18.278 13315-13772/com.reapex.sv I/MLASR_HaAdapter_MLKitAsr: handleMsg, taskId: 1616185473579381msg: 5
2021-03-20 04:25:18.278 13315-13772/com.reapex.sv E/MLASR_HaAdapter_MLKitAsr: mEventsToBeReported: has no response event isInfoGatherStart:falsemsg: 5
2021-03-20 04:25:18.278 13315-13772/com.reapex.sv I/MLASR_HaAdapter_MLKitAsr: handleMsg, taskId: 1616185473579381msg: 6
2021-03-20 04:25:18.278 13315-13772/com.reapex.sv E/MLASR_HaAdapter_MLKitAsr: mEventsToBeReported: has no response event isInfoGatherStart:falsemsg: 6
2021-03-20 04:25:18.278 13315-13772/com.reapex.sv I/MLASR_HaAdapter_MLKitAsr: handleMsg, taskId: 1616185473579381msg: 11
2021-03-20 04:25:18.278 13315-13772/com.reapex.sv E/MLASR_HaAdapter_MLKitAsr: mEventsToBeReported: has no response event isInfoGatherStart:falsemsg: 11
2021-03-20 04:25:18.319 13315-13767/com.reapex.sv D/ml-vadenergy: get -> tag = 65459225
2021-03-20 04:25:18.319 13315-13767/com.reapex.sv I/ml-vadenergy: Detect -> type = 2, energy = 3875613.2
2021-03-20 04:25:18.319 13315-13767/com.reapex.sv D/Leo: onVoiceDataReceived-- energy =3895613.2
2021-03-20 04:25:18.320 13315-13767/com.reapex.sv I/MLASR_AsrVadDetector: lowerEnergy = 43.01, energy = 65.91, diff = 0.53
2021-03-20 04:25:18.361 13315-13767/com.reapex.sv D/ml-vadenergy: get -> tag = 65459225
2021-03-20 04:25:18.361 13315-13767/com.reapex.sv I/ml-vadenergy: Detect -> type = 2, energy = 4374998.5
2021-03-20 04:25:18.362 13315-13767/com.reapex.sv D/Leo: onVoiceDataReceived-- energy =4394998.5
2021-03-20 04:25:18.363 13315-13767/com.reapex.sv I/MLASR_AsrVadDetector: lowerEnergy = 43.01, energy = 66.43, diff = 0.54
2021-03-20 04:25:18.398 13315-13767/com.reapex.sv D/ml-vadenergy: get -> tag = 65459225
2021-03-20 04:25:18.398 13315-13767/com.reapex.sv I/ml-vadenergy: Detect -> type = 2, energy = 7527195.0
2021-03-20 04:25:18.399 13315-13767/com.reapex.sv D/Leo: onVoiceDataReceived-- energy =7547195.0
2021-03-20 04:25:18.400 13315-13767/com.reapex.sv I/MLASR_AsrVadDetector: lowerEnergy = 43.01, energy = 68.78, diff = 0.60
2021-03-20 04:25:18.437 13315-13767/com.reapex.sv D/ml-vadenergy: get -> tag = 65459225
2021-03-20 04:25:18.438 13315-13767/com.reapex.sv I/ml-vadenergy: Detect -> type = 2, energy = 6008264.0
2021-03-20 04:25:18.438 13315-13767/com.reapex.sv D/Leo: onVoiceDataReceived-- energy =6028264.0
2021-03-20 04:25:18.439 13315-13767/com.reapex.sv I/MLASR_AsrVadDetector: lowerEnergy = 43.01, energy = 67.80, diff = 0.58
2021-03-20 04:25:18.461 13315-13768/com.reapex.sv D/WebSocketManager: onMessage: {"command":"DATA","result":{"isFinal":false,"isPartialFinal":false,"text":"12345671234567123456712345671234567 123456712345671234567 12345671234567123456712345676789十11 12 13 56781bcdeft我是正月标准定的中国第二第二我6788嗨嗨嗨嗨嗨嗨嗨还要333333335566666669999999777777777888888888888888888888888888888好好好好哦888888888"},"retCode":"0","retMsg":"Success"}
2021-03-20 04:25:18.461 13315-13768/com.reapex.sv I/MLASR_AsrProcessor: onMessage:
2021-03-20 04:25:18.470 13315-13315/com.reapex.sv D/Leo: OnResults
2021-03-20 04:25:18.470 13315-13315/com.reapex.sv D/Leo: onRecognizingResults is_sv Bundle[{results_recognizing=12345671234567123456712345671234567 123456712345671234567 12345671234567123456712345676789十11 12 13 56781bcdeft我是正月标准定的中国第二第二我6788嗨嗨嗨嗨嗨嗨嗨还要333333335566666669999999777777777888888888888888888888888888888好好好好哦888888888}]
2021-03-20 04:25:18.475 13315-13767/com.reapex.sv D/ml-vadenergy: get -> tag = 65459225
2021-03-20 04:25:18.476 13315-13767/com.reapex.sv I/ml-vadenergy: Detect -> type = 2, energy = 2908415.8
2021-03-20 04:25:18.476 13315-13767/com.reapex.sv D/Leo: onVoiceDataReceived-- energy =2928415.8
2021-03-20 04:25:18.477 13315-13767/com.reapex.sv I/MLASR_AsrVadDetector: lowerEnergy = 43.01, energy = 64.67, diff = 0.50
2021-03-20 04:25:18.478 13315-13772/com.reapex.sv I/MLASR_AsrProcessor: send data in thread, messageSeqNo: 208
2021-03-20 04:25:18.479 13315-13772/com.reapex.sv I/MLASR_HaAdapter_MLKitAsr: handleMsg, taskId: 1616185473579381msg: 5
2021-03-20 04:25:18.479 13315-13772/com.reapex.sv E/MLASR_HaAdapter_MLKitAsr: mEventsToBeReported: has no response event isInfoGatherStart:falsemsg: 5
2021-03-20 04:25:18.479 13315-13772/com.reapex.sv I/MLASR_HaAdapter_MLKitAsr: handleMsg, taskId: 1616185473579381msg: 6
2021-03-20 04:25:18.479 13315-13772/com.reapex.sv E/MLASR_HaAdapter_MLKitAsr: mEventsToBeReported: has no response event isInfoGatherStart:falsemsg: 6
2021-03-20 04:25:18.479 13315-13772/com.reapex.sv I/MLASR_HaAdapter_MLKitAsr: handleMsg, taskId: 1616185473579381msg: 11
2021-03-20 04:25:18.479 13315-13772/com.reapex.sv E/MLASR_HaAdapter_MLKitAsr: mEventsToBeReported: has no response event isInfoGatherStart:falsemsg: 11
2021-03-20 04:25:18.515 13315-13767/com.reapex.sv D/ml-vadenergy: get -> tag = 65459225
2021-03-20 04:25:18.516 13315-13767/com.reapex.sv I/ml-vadenergy: Detect -> type = 2, energy = 201727.0
2021-03-20 04:25:18.516 13315-13767/com.reapex.sv D/Leo: onVoiceDataReceived-- energy =221726.97
2021-03-20 04:25:18.517 13315-13767/com.reapex.sv I/MLASR_AsrVadDetector: lowerEnergy = 43.01, energy = 53.46, diff = 0.24
2021-03-20 04:25:18.555 13315-13767/com.reapex.sv D/ml-vadenergy: get -> tag = 65459225
2021-03-20 04:25:18.555 13315-13767/com.reapex.sv I/ml-vadenergy: Detect -> type = 2, energy = 1665931.0
2021-03-20 04:25:18.556 13315-13767/com.reapex.sv D/Leo: onVoiceDataReceived-- energy =1685931.0
2021-03-20 04:25:18.556 13315-13767/com.reapex.sv I/MLASR_AsrVadDetector: lowerEnergy = 43.01, energy = 62.27, diff = 0.45
2021-03-20 04:25:18.595 13315-13767/com.reapex.sv D/ml-vadenergy: get -> tag = 65459225
2021-03-20 04:25:18.595 13315-13767/com.reapex.sv I/ml-vadenergy: Detect -> type = 2, energy = 9569074.0
2021-03-20 04:25:18.596 13315-13767/com.reapex.sv D/Leo: onVoiceDataReceived-- energy =9589074.0
2021-03-20 04:25:18.596 13315-13767/com.reapex.sv I/MLASR_AsrVadDetector: lowerEnergy = 43.01, energy = 69.82, diff = 0.62
2021-03-20 04:25:18.636 13315-13767/com.reapex.sv D/ml-vadenergy: get -> tag = 65459225
2021-03-20 04:25:18.636 13315-13767/com.reapex.sv I/ml-vadenergy: Detect -> type = 2, energy = 5435276.5
2021-03-20 04:25:18.636 13315-13767/com.reapex.sv D/Leo: onVoiceDataReceived-- energy =5455276.5
2021-03-20 04:25:18.637 13315-13767/com.reapex.sv I/MLASR_AsrVadDetector: lowerEnergy = 43.01, energy = 67.37, diff = 0.57
2021-03-20 04:25:18.675 13315-13767/com.reapex.sv D/ml-vadenergy: get -> tag = 65459225
2021-03-20 04:25:18.676 13315-13767/com.reapex.sv I/ml-vadenergy: Detect -> type = 2, energy = 3216558.5
2021-03-20 04:25:18.676 13315-13767/com.reapex.sv D/Leo: onVoiceDataReceived-- energy =3236558.5
2021-03-20 04:25:18.677 13315-13767/com.reapex.sv I/MLASR_AsrVadDetector: lowerEnergy = 43.01, energy = 65.10, diff = 0.51
2021-03-20 04:25:18.678 13315-13772/com.reapex.sv I/MLASR_AsrProcessor: send data in thread, messageSeqNo: 209
2021-03-20 04:25:18.679 13315-13772/com.reapex.sv I/MLASR_HaAdapter_MLKitAsr: handleMsg, taskId: 1616185473579381msg: 5
2021-03-20 04:25:18.679 13315-13772/com.reapex.sv E/MLASR_HaAdapter_MLKitAsr: mEventsToBeReported: has no response event isInfoGatherStart:falsemsg: 5
2021-03-20 04:25:18.679 13315-13772/com.reapex.sv I/MLASR_HaAdapter_MLKitAsr: handleMsg, taskId: 1616185473579381msg: 6
2021-03-20 04:25:18.679 13315-13772/com.reapex.sv E/MLASR_HaAdapter_MLKitAsr: mEventsToBeReported: has no response event isInfoGatherStart:falsemsg: 6
2021-03-20 04:25:18.679 13315-13772/com.reapex.sv I/MLASR_HaAdapter_MLKitAsr: handleMsg, taskId: 1616185473579381msg: 11
2021-03-20 04:25:18.679 13315-13772/com.reapex.sv E/MLASR_HaAdapter_MLKitAsr: mEventsToBeReported: has no response event isInfoGatherStart:falsemsg: 11
2021-03-20 04:25:18.710 13315-13768/com.reapex.sv D/WebSocketManager: onMessage: {"command":"DATA","result":{"isFinal":false,"isPartialFinal":false,"text":"12345671234567123456712345671234567 123456712345671234567 12345671234567123456712345676789十11 12 13 56781bcdeft我是正月标准定的中国第二第二我6788嗨嗨嗨嗨嗨嗨嗨还要333333335566666669999999777777777888888888888888888888888888888好好好好哦888888888我要说"},"retCode":"0","retMsg":"Success"}
2021-03-20 04:25:18.710 13315-13768/com.reapex.sv I/MLASR_AsrProcessor: onMessage:
2021-03-20 04:25:18.716 13315-13767/com.reapex.sv D/ml-vadenergy: get -> tag = 65459225
2021-03-20 04:25:18.716 13315-13767/com.reapex.sv I/ml-vadenergy: Detect -> type = 2, energy = 137808.6
2021-03-20 04:25:18.716 13315-13767/com.reapex.sv D/Leo: onVoiceDataReceived-- energy =157808.61
2021-03-20 04:25:18.717 13315-13767/com.reapex.sv I/MLASR_AsrVadDetector: lowerEnergy = 43.01, energy = 51.98, diff = 0.21
2021-03-20 04:25:18.720 13315-13315/com.reapex.sv D/Leo: OnResults
2021-03-20 04:25:18.721 13315-13315/com.reapex.sv D/Leo: onRecognizingResults is_sv Bundle[{results_recognizing=12345671234567123456712345671234567 123456712345671234567 12345671234567123456712345676789十11 12 13 56781bcdeft我是正月标准定的中国第二第二我6788嗨嗨嗨嗨嗨嗨嗨还要333333335566666669999999777777777888888888888888888888888888888好好好好哦888888888我要说}]
2021-03-20 04:25:18.755 13315-13767/com.reapex.sv D/ml-vadenergy: get -> tag = 65459225
2021-03-20 04:25:18.756 13315-13767/com.reapex.sv I/ml-vadenergy: Detect -> type = 2, energy = 121887.6
2021-03-20 04:25:18.756 13315-13767/com.reapex.sv D/Leo: onVoiceDataReceived-- energy =141887.58
2021-03-20 04:25:18.757 13315-13767/com.reapex.sv I/MLASR_AsrVadDetector: lowerEnergy = 43.01, energy = 51.52, diff = 0.20
2021-03-20 04:25:18.795 13315-13767/com.reapex.sv D/ml-vadenergy: get -> tag = 65459225
2021-03-20 04:25:18.795 13315-13767/com.reapex.sv I/ml-vadenergy: Detect -> type = 2, energy = 5058999.0
2021-03-20 04:25:18.795 13315-13767/com.reapex.sv D/Leo: onVoiceDataReceived-- energy =5078999.0
2021-03-20 04:25:18.796 13315-13767/com.reapex.sv I/MLASR_AsrVadDetector: lowerEnergy = 43.01, energy = 67.06, diff = 0.56
2021-03-20 04:25:18.835 13315-13767/com.reapex.sv D/ml-vadenergy: get -> tag = 65459225
2021-03-20 04:25:18.835 13315-13767/com.reapex.sv I/ml-vadenergy: Detect -> type = 2, energy = 6121944.0
2021-03-20 04:25:18.836 13315-13767/com.reapex.sv D/Leo: onVoiceDataReceived-- energy =6141944.0
2021-03-20 04:25:18.837 13315-13767/com.reapex.sv I/MLASR_AsrVadDetector: lowerEnergy = 43.01, energy = 67.88, diff = 0.58
2021-03-20 04:25:18.881 13315-13767/com.reapex.sv D/ml-vadenergy: get -> tag = 65459225
2021-03-20 04:25:18.881 13315-13767/com.reapex.sv I/ml-vadenergy: Detect -> type = 2, energy = 6564549.5
2021-03-20 04:25:18.882 13315-13767/com.reapex.sv D/Leo: onVoiceDataReceived-- energy =6584549.5
2021-03-20 04:25:18.883 13315-13767/com.reapex.sv I/MLASR_AsrVadDetector: lowerEnergy = 43.01, energy = 68.19, diff = 0.59
2021-03-20 04:25:18.883 13315-13772/com.reapex.sv I/MLASR_AsrProcessor: send data in thread, messageSeqNo: 210
2021-03-20 04:25:18.884 13315-13772/com.reapex.sv I/MLASR_HaAdapter_MLKitAsr: handleMsg, taskId: 1616185473579381msg: 5
2021-03-20 04:25:18.884 13315-13772/com.reapex.sv E/MLASR_HaAdapter_MLKitAsr: mEventsToBeReported: has no response event isInfoGatherStart:falsemsg: 5
2021-03-20 04:25:18.885 13315-13772/com.reapex.sv I/MLASR_HaAdapter_MLKitAsr: handleMsg, taskId: 1616185473579381msg: 6
2021-03-20 04:25:18.885 13315-13772/com.reapex.sv E/MLASR_HaAdapter_MLKitAsr: mEventsToBeReported: has no response event isInfoGatherStart:falsemsg: 6
2021-03-20 04:25:18.885 13315-13772/com.reapex.sv I/MLASR_HaAdapter_MLKitAsr: handleMsg, taskId: 1616185473579381msg: 11
2021-03-20 04:25:18.885 13315-13772/com.reapex.sv E/MLASR_HaAdapter_MLKitAsr: mEventsToBeReported: has no response event isInfoGatherStart:falsemsg: 11
2021-03-20 04:25:18.915 13315-13767/com.reapex.sv D/ml-vadenergy: get -> tag = 65459225
2021-03-20 04:25:18.915 13315-13767/com.reapex.sv I/ml-vadenergy: Detect -> type = 2, energy = 2011418.4
2021-03-20 04:25:18.915 13315-13767/com.reapex.sv D/Leo: onVoiceDataReceived-- energy =2031418.4
2021-03-20 04:25:18.916 13315-13767/com.reapex.sv I/MLASR_AsrVadDetector: lowerEnergy = 43.01, energy = 63.08, diff = 0.47
2021-03-20 04:25:18.955 13315-13767/com.reapex.sv D/ml-vadenergy: get -> tag = 65459225
2021-03-20 04:25:18.956 13315-13767/com.reapex.sv I/ml-vadenergy: Detect -> type = 2, energy = 203016.9
2021-03-20 04:25:18.956 13315-13767/com.reapex.sv D/Leo: onVoiceDataReceived-- energy =223016.89
2021-03-20 04:25:18.957 13315-13767/com.reapex.sv I/MLASR_AsrVadDetector: lowerEnergy = 43.01, energy = 53.48, diff = 0.24
2021-03-20 04:25:18.999 13315-13767/com.reapex.sv D/ml-vadenergy: get -> tag = 65459225
2021-03-20 04:25:18.999 13315-13767/com.reapex.sv I/ml-vadenergy: Detect -> type = 2, energy = 3300233.8
2021-03-20 04:25:19.000 13315-13767/com.reapex.sv D/Leo: onVoiceDataReceived-- energy =3320233.8
2021-03-20 04:25:19.001 13315-13767/com.reapex.sv I/MLASR_AsrVadDetector: lowerEnergy = 43.01, energy = 65.21, diff = 0.52
2021-03-20 04:25:19.041 13315-13767/com.reapex.sv D/ml-vadenergy: get -> tag = 65459225
2021-03-20 04:25:19.041 13315-13767/com.reapex.sv I/ml-vadenergy: Detect -> type = 2, energy = 3844964.0
2021-03-20 04:25:19.042 13315-13767/com.reapex.sv D/Leo: onVoiceDataReceived-- energy =3864964.0
2021-03-20 04:25:19.043 13315-13767/com.reapex.sv I/MLASR_AsrVadDetector: lowerEnergy = 43.01, energy = 65.87, diff = 0.53
2021-03-20 04:25:19.076 13315-13767/com.reapex.sv D/ml-vadenergy: get -> tag = 65459225
2021-03-20 04:25:19.077 13315-13767/com.reapex.sv I/ml-vadenergy: Detect -> type = 2, energy = 2841118.5
2021-03-20 04:25:19.078 13315-13767/com.reapex.sv D/Leo: onVoiceDataReceived-- energy =2861118.5
2021-03-20 04:25:19.079 13315-13772/com.reapex.sv I/MLASR_AsrProcessor: send data in thread, messageSeqNo: 211
2021-03-20 04:25:19.081 13315-13767/com.reapex.sv I/MLASR_AsrVadDetector: lowerEnergy = 43.01, energy = 64.57, diff = 0.50
2021-03-20 04:25:19.082 13315-13772/com.reapex.sv I/MLASR_HaAdapter_MLKitAsr: handleMsg, taskId: 1616185473579381msg: 5
2021-03-20 04:25:19.082 13315-13772/com.reapex.sv E/MLASR_HaAdapter_MLKitAsr: mEventsToBeReported: has no response event isInfoGatherStart:falsemsg: 5
2021-03-20 04:25:19.083 13315-13772/com.reapex.sv I/MLASR_HaAdapter_MLKitAsr: handleMsg, taskId: 1616185473579381msg: 6
2021-03-20 04:25:19.083 13315-13772/com.reapex.sv E/MLASR_HaAdapter_MLKitAsr: mEventsToBeReported: has no response event isInfoGatherStart:falsemsg: 6
2021-03-20 04:25:19.083 13315-13768/com.reapex.sv D/WebSocketManager: onMessage: {"command":"DATA","result":{"isFinal":false,"isPartialFinal":false,"text":"12345671234567123456712345671234567 123456712345671234567 12345671234567123456712345676789十11 12 13 56781bcdeft我是正月标准定的中国第二第二我6788嗨嗨嗨嗨嗨嗨嗨还要333333335566666669999999777777777888888888888888888888888888888好好好好哦888888888我要瘦我要"},"retCode":"0","retMsg":"Success"}
2021-03-20 04:25:19.083 13315-13772/com.reapex.sv I/MLASR_HaAdapter_MLKitAsr: handleMsg, taskId: 1616185473579381msg: 11
2021-03-20 04:25:19.083 13315-13772/com.reapex.sv E/MLASR_HaAdapter_MLKitAsr: mEventsToBeReported: has no response event isInfoGatherStart:falsemsg: 11
2021-03-20 04:25:19.083 13315-13768/com.reapex.sv I/MLASR_AsrProcessor: onMessage:
2021-03-20 04:25:19.091 13315-13315/com.reapex.sv D/Leo: OnResults
2021-03-20 04:25:19.092 13315-13315/com.reapex.sv D/Leo: onRecognizingResults is_sv Bundle[{results_recognizing=12345671234567123456712345671234567 123456712345671234567 12345671234567123456712345676789十11 12 13 56781bcdeft我是正月标准定的中国第二第二我6788嗨嗨嗨嗨嗨嗨嗨还要333333335566666669999999777777777888888888888888888888888888888好好好好哦888888888我要瘦我要}]
2021-03-20 04:25:19.116 13315-13767/com.reapex.sv D/ml-vadenergy: get -> tag = 65459225
2021-03-20 04:25:19.116 13315-13767/com.reapex.sv I/ml-vadenergy: Detect -> type = 2, energy = 1208404.1
2021-03-20 04:25:19.116 13315-13767/com.reapex.sv D/Leo: onVoiceDataReceived-- energy =1228404.1
2021-03-20 04:25:19.118 13315-13767/com.reapex.sv I/MLASR_AsrVadDetector: lowerEnergy = 43.01, energy = 60.89, diff = 0.42
2021-03-20 04:25:19.155 13315-13767/com.reapex.sv D/ml-vadenergy: get -> tag = 65459225
2021-03-20 04:25:19.155 13315-13767/com.reapex.sv I/ml-vadenergy: Detect -> type = 2, energy = 63706.5
2021-03-20 04:25:19.156 13315-13767/com.reapex.sv D/Leo: onVoiceDataReceived-- energy =83706.51
2021-03-20 04:25:19.157 13315-13767/com.reapex.sv I/MLASR_AsrVadDetector: lowerEnergy = 43.01, energy = 49.23, diff = 0.14
2021-03-20 04:25:19.195 13315-13767/com.reapex.sv D/ml-vadenergy: get -> tag = 65459225
2021-03-20 04:25:19.195 13315-13767/com.reapex.sv I/ml-vadenergy: Detect -> type = 2, energy = 83040.3
2021-03-20 04:25:19.195 13315-13767/com.reapex.sv D/Leo: onVoiceDataReceived-- energy =103040.26
2021-03-20 04:25:19.196 13315-13767/com.reapex.sv I/MLASR_AsrVadDetector: lowerEnergy = 43.01, energy = 50.13, diff = 0.17
2021-03-20 04:25:19.235 13315-13767/com.reapex.sv D/ml-vadenergy: get -> tag = 65459225
2021-03-20 04:25:19.236 13315-13767/com.reapex.sv I/ml-vadenergy: Detect -> type = 2, energy = 8308546.5
2021-03-20 04:25:19.236 13315-13767/com.reapex.sv D/Leo: onVoiceDataReceived-- energy =8328546.5
2021-03-20 04:25:19.236 13315-13767/com.reapex.sv I/MLASR_AsrVadDetector: lowerEnergy = 43.01, energy = 69.21, diff = 0.61
2021-03-20 04:25:19.279 13315-13767/com.reapex.sv D/ml-vadenergy: get -> tag = 65459225
2021-03-20 04:25:19.279 13315-13767/com.reapex.sv I/ml-vadenergy: Detect -> type = 2, energy = 7882617.5
2021-03-20 04:25:19.280 13315-13767/com.reapex.sv D/Leo: onVoiceDataReceived-- energy =7902617.5
2021-03-20 04:25:19.280 13315-13767/com.reapex.sv I/MLASR_AsrVadDetector: lowerEnergy = 43.01, energy = 68.98, diff = 0.60
2021-03-20 04:25:19.281 13315-13772/com.reapex.sv I/MLASR_AsrProcessor: send data in thread, messageSeqNo: 212
2021-03-20 04:25:19.282 13315-13772/com.reapex.sv I/MLASR_HaAdapter_MLKitAsr: handleMsg, taskId: 1616185473579381msg: 5
2021-03-20 04:25:19.282 13315-13772/com.reapex.sv E/MLASR_HaAdapter_MLKitAsr: mEventsToBeReported: has no response event isInfoGatherStart:falsemsg: 5
2021-03-20 04:25:19.282 13315-13772/com.reapex.sv I/MLASR_HaAdapter_MLKitAsr: handleMsg, taskId: 1616185473579381msg: 6
2021-03-20 04:25:19.282 13315-13772/com.reapex.sv E/MLASR_HaAdapter_MLKitAsr: mEventsToBeReported: has no response event isInfoGatherStart:falsemsg: 6
2021-03-20 04:25:19.282 13315-13772/com.reapex.sv I/MLASR_HaAdapter_MLKitAsr: handleMsg, taskId: 1616185473579381msg: 11
2021-03-20 04:25:19.282 13315-13772/com.reapex.sv E/MLASR_HaAdapter_MLKitAsr: mEventsToBeReported: has no response event isInfoGatherStart:falsemsg: 11
2021-03-20 04:25:19.321 13315-13767/com.reapex.sv D/ml-vadenergy: get -> tag = 65459225
2021-03-20 04:25:19.321 13315-13767/com.reapex.sv I/ml-vadenergy: Detect -> type = 2, energy = 5626753.5
2021-03-20 04:25:19.322 13315-13767/com.reapex.sv D/Leo: onVoiceDataReceived-- energy =5646753.5
2021-03-20 04:25:19.323 13315-13767/com.reapex.sv I/MLASR_AsrVadDetector: lowerEnergy = 43.01, energy = 67.52, diff = 0.57
2021-03-20 04:25:19.357 13315-13767/com.reapex.sv D/ml-vadenergy: get -> tag = 65459225
2021-03-20 04:25:19.358 13315-13767/com.reapex.sv I/ml-vadenergy: Detect -> type = 2, energy = 908874.6
2021-03-20 04:25:19.358 13315-13767/com.reapex.sv D/Leo: onVoiceDataReceived-- energy =928874.6
2021-03-20 04:25:19.359 13315-13767/com.reapex.sv I/MLASR_AsrVadDetector: lowerEnergy = 43.01, energy = 59.68, diff = 0.39
2021-03-20 04:25:19.377 13315-13615/com.reapex.sv D/WebSocketManager: mHeartMessage: {"command":"HEART"}
2021-03-20 04:25:19.395 13315-13767/com.reapex.sv D/ml-vadenergy: get -> tag = 65459225
2021-03-20 04:25:19.395 13315-13767/com.reapex.sv I/ml-vadenergy: Detect -> type = 2, energy = 158982.9
2021-03-20 04:25:19.396 13315-13767/com.reapex.sv D/Leo: onVoiceDataReceived-- energy =178982.88
2021-03-20 04:25:19.396 13315-13767/com.reapex.sv I/MLASR_AsrVadDetector: lowerEnergy = 43.01, energy = 52.53, diff = 0.22
2021-03-20 04:25:19.441 13315-13767/com.reapex.sv D/ml-vadenergy: get -> tag = 65459225
2021-03-20 04:25:19.442 13315-13767/com.reapex.sv I/ml-vadenergy: Detect -> type = 2, energy = 1442270.5
2021-03-20 04:25:19.442 13315-13767/com.reapex.sv D/Leo: onVoiceDataReceived-- energy =1462270.5
2021-03-20 04:25:19.443 13315-13767/com.reapex.sv I/MLASR_AsrVadDetector: lowerEnergy = 43.01, energy = 61.65, diff = 0.43
2021-03-20 04:25:19.463 13315-13768/com.reapex.sv D/WebSocketManager: onMessage: {"command":"DATA","result":{"isFinal":false,"isPartialFinal":false,"text":"12345671234567123456712345671234567 123456712345671234567 12345671234567123456712345676789十11 12 13 56781bcdeft我是正月标准定的中国第二第二我6788嗨嗨嗨嗨嗨嗨嗨还要333333335566666669999999777777777888888888888888888888888888888好好好好哦888888888我要说我要说"},"retCode":"0","retMsg":"Success"}
2021-03-20 04:25:19.463 13315-13768/com.reapex.sv I/MLASR_AsrProcessor: onMessage:
2021-03-20 04:25:19.472 13315-13315/com.reapex.sv D/Leo: OnResults
2021-03-20 04:25:19.472 13315-13315/com.reapex.sv D/Leo: onRecognizingResults is_sv Bundle[{results_recognizing=12345671234567123456712345671234567 123456712345671234567 12345671234567123456712345676789十11 12 13 56781bcdeft我是正月标准定的中国第二第二我6788嗨嗨嗨嗨嗨嗨嗨还要333333335566666669999999777777777888888888888888888888888888888好好好好哦888888888我要说我要说}]
2021-03-20 04:25:19.475 13315-13767/com.reapex.sv D/ml-vadenergy: get -> tag = 65459225
2021-03-20 04:25:19.475 13315-13767/com.reapex.sv I/ml-vadenergy: Detect -> type = 2, energy = 3406118.8
2021-03-20 04:25:19.475 13315-13767/com.reapex.sv D/Leo: onVoiceDataReceived-- energy =3426118.8
2021-03-20 04:25:19.476 13315-13767/com.reapex.sv I/MLASR_AsrVadDetector: lowerEnergy = 43.01, energy = 65.35, diff = 0.52
2021-03-20 04:25:19.476 13315-13772/com.reapex.sv I/MLASR_AsrProcessor: send data in thread, messageSeqNo: 213
2021-03-20 04:25:19.477 13315-13772/com.reapex.sv I/MLASR_HaAdapter_MLKitAsr: handleMsg, taskId: 1616185473579381msg: 5
2021-03-20 04:25:19.477 13315-13772/com.reapex.sv E/MLASR_HaAdapter_MLKitAsr: mEventsToBeReported: has no response event isInfoGatherStart:falsemsg: 5
2021-03-20 04:25:19.477 13315-13772/com.reapex.sv I/MLASR_HaAdapter_MLKitAsr: handleMsg, taskId: 1616185473579381msg: 6
2021-03-20 04:25:19.477 13315-13772/com.reapex.sv E/MLASR_HaAdapter_MLKitAsr: mEventsToBeReported: has no response event isInfoGatherStart:falsemsg: 6
2021-03-20 04:25:19.478 13315-13772/com.reapex.sv I/MLASR_HaAdapter_MLKitAsr: handleMsg, taskId: 1616185473579381msg: 11
2021-03-20 04:25:19.478 13315-13772/com.reapex.sv E/MLASR_HaAdapter_MLKitAsr: mEventsToBeReported: has no response event isInfoGatherStart:falsemsg: 11
2021-03-20 04:25:19.515 13315-13767/com.reapex.sv D/ml-vadenergy: get -> tag = 65459225
2021-03-20 04:25:19.516 13315-13767/com.reapex.sv I/ml-vadenergy: Detect -> type = 2, energy = 2908498.8
2021-03-20 04:25:19.516 13315-13767/com.reapex.sv D/Leo: onVoiceDataReceived-- energy =2928498.8
2021-03-20 04:25:19.517 13315-13767/com.reapex.sv I/MLASR_AsrVadDetector: lowerEnergy = 43.01, energy = 64.67, diff = 0.50
2021-03-20 04:25:19.535 13315-13768/com.reapex.sv D/WebSocketManager: onMessage: {"command":"HEART","retCode":"0","retMsg":"Success"}
2021-03-20 04:25:19.535 13315-13768/com.reapex.sv I/MLASR_AsrProcessor: onMessage:
2021-03-20 04:25:19.555 13315-13767/com.reapex.sv D/ml-vadenergy: get -> tag = 65459225
2021-03-20 04:25:19.556 13315-13767/com.reapex.sv I/ml-vadenergy: Detect -> type = 2, energy = 2749087.5
2021-03-20 04:25:19.556 13315-13767/com.reapex.sv D/Leo: onVoiceDataReceived-- energy =2769087.5
2021-03-20 04:25:19.557 13315-13767/com.reapex.sv I/MLASR_AsrVadDetector: lowerEnergy = 43.01, energy = 64.42, diff = 0.50
2021-03-20 04:25:19.595 13315-13767/com.reapex.sv D/ml-vadenergy: get -> tag = 65459225
2021-03-20 04:25:19.595 13315-13767/com.reapex.sv I/ml-vadenergy: Detect -> type = 2, energy = 152312.7
2021-03-20 04:25:19.596 13315-13767/com.reapex.sv D/Leo: onVoiceDataReceived-- energy =172312.66
2021-03-20 04:25:19.596 13315-13767/com.reapex.sv I/MLASR_AsrVadDetector: lowerEnergy = 43.01, energy = 52.36, diff = 0.22
2021-03-20 04:25:19.635 13315-13767/com.reapex.sv D/ml-vadenergy: get -> tag = 65459225
2021-03-20 04:25:19.635 13315-13767/com.reapex.sv I/ml-vadenergy: Detect -> type = 2, energy = 69260.7
2021-03-20 04:25:19.636 13315-13767/com.reapex.sv D/Leo: onVoiceDataReceived-- energy =89260.74
2021-03-20 04:25:19.636 13315-13767/com.reapex.sv I/MLASR_AsrVadDetector: lowerEnergy = 43.01, energy = 49.51, diff = 0.15
2021-03-20 04:25:19.675 13315-13767/com.reapex.sv D/ml-vadenergy: get -> tag = 65459225
2021-03-20 04:25:19.676 13315-13767/com.reapex.sv I/ml-vadenergy: Detect -> type = 2, energy = 6501436.5
2021-03-20 04:25:19.676 13315-13767/com.reapex.sv D/Leo: onVoiceDataReceived-- energy =6521436.5
2021-03-20 04:25:19.677 13315-13767/com.reapex.sv I/MLASR_AsrVadDetector: lowerEnergy = 43.01, energy = 68.14, diff = 0.58
2021-03-20 04:25:19.678 13315-13772/com.reapex.sv I/MLASR_AsrProcessor: send data in thread, messageSeqNo: 214
2021-03-20 04:25:19.679 13315-13772/com.reapex.sv I/MLASR_HaAdapter_MLKitAsr: handleMsg, taskId: 1616185473579381msg: 5
2021-03-20 04:25:19.679 13315-13772/com.reapex.sv E/MLASR_HaAdapter_MLKitAsr: mEventsToBeReported: has no response event isInfoGatherStart:falsemsg: 5
2021-03-20 04:25:19.679 13315-13772/com.reapex.sv I/MLASR_HaAdapter_MLKitAsr: handleMsg, taskId: 1616185473579381msg: 6
2021-03-20 04:25:19.679 13315-13772/com.reapex.sv E/MLASR_HaAdapter_MLKitAsr: mEventsToBeReported: has no response event isInfoGatherStart:falsemsg: 6
2021-03-20 04:25:19.679 13315-13772/com.reapex.sv I/MLASR_HaAdapter_MLKitAsr: handleMsg, taskId: 1616185473579381msg: 11
2021-03-20 04:25:19.679 13315-13772/com.reapex.sv E/MLASR_HaAdapter_MLKitAsr: mEventsToBeReported: has no response event isInfoGatherStart:falsemsg: 11
2021-03-20 04:25:19.716 13315-13767/com.reapex.sv D/ml-vadenergy: get -> tag = 65459225
2021-03-20 04:25:19.716 13315-13767/com.reapex.sv I/ml-vadenergy: Detect -> type = 2, energy = 7855705.0
2021-03-20 04:25:19.716 13315-13767/com.reapex.sv D/Leo: onVoiceDataReceived-- energy =7875705.0
2021-03-20 04:25:19.717 13315-13767/com.reapex.sv I/MLASR_AsrVadDetector: lowerEnergy = 43.01, energy = 68.96, diff = 0.60
2021-03-20 04:25:19.756 13315-13767/com.reapex.sv D/ml-vadenergy: get -> tag = 65459225
2021-03-20 04:25:19.757 13315-13768/com.reapex.sv D/WebSocketManager: onMessage: {"command":"DATA","result":{"isFinal":false,"isPartialFinal":false,"text":"12345671234567123456712345671234567 123456712345671234567 12345671234567123456712345676789十11 12 13 56781bcdeft我是正月标准定的中国第二第二我6788嗨嗨嗨嗨嗨嗨嗨还要333333335566666669999999777777777888888888888888888888888888888好好好好哦888888888我要说我要说三星"},"retCode":"0","retMsg":"Success"}
2021-03-20 04:25:19.757 13315-13768/com.reapex.sv I/MLASR_AsrProcessor: onMessage:
2021-03-20 04:25:19.757 13315-13767/com.reapex.sv I/ml-vadenergy: Detect -> type = 2, energy = 6060472.5
2021-03-20 04:25:19.757 13315-13767/com.reapex.sv D/Leo: onVoiceDataReceived-- energy =6080472.5
2021-03-20 04:25:19.758 13315-13767/com.reapex.sv I/MLASR_AsrVadDetector: lowerEnergy = 43.01, energy = 67.84, diff = 0.58
2021-03-20 04:25:19.765 13315-13315/com.reapex.sv D/Leo: OnResults
2021-03-20 04:25:19.765 13315-13315/com.reapex.sv D/Leo: onRecognizingResults is_sv Bundle[{results_recognizing=12345671234567123456712345671234567 123456712345671234567 12345671234567123456712345676789十11 12 13 56781bcdeft我是正月标准定的中国第二第二我6788嗨嗨嗨嗨嗨嗨嗨还要333333335566666669999999777777777888888888888888888888888888888好好好好哦888888888我要说我要说三星}]
2021-03-20 04:25:19.796 13315-13767/com.reapex.sv D/ml-vadenergy: get -> tag = 65459225
2021-03-20 04:25:19.796 13315-13767/com.reapex.sv I/ml-vadenergy: Detect -> type = 2, energy = 1363039.2
2021-03-20 04:25:19.796 13315-13767/com.reapex.sv D/Leo: onVoiceDataReceived-- energy =1383039.2
2021-03-20 04:25:19.797 13315-13767/com.reapex.sv I/MLASR_AsrVadDetector: lowerEnergy = 43.01, energy = 61.41, diff = 0.43
2021-03-20 04:25:19.835 13315-13767/com.reapex.sv D/ml-vadenergy: get -> tag = 65459225
2021-03-20 04:25:19.835 13315-13767/com.reapex.sv I/ml-vadenergy: Detect -> type = 2, energy = 159435.2
2021-03-20 04:25:19.836 13315-13767/com.reapex.sv D/Leo: onVoiceDataReceived-- energy =179435.25
2021-03-20 04:25:19.837 13315-13767/com.reapex.sv I/MLASR_AsrVadDetector: lowerEnergy = 43.01, energy = 52.54, diff = 0.22
2021-03-20 04:25:19.875 13315-13767/com.reapex.sv D/ml-vadenergy: get -> tag = 65459225
2021-03-20 04:25:19.875 13315-13767/com.reapex.sv I/ml-vadenergy: Detect -> type = 2, energy = 1280050.8
2021-03-20 04:25:19.876 13315-13767/com.reapex.sv D/Leo: onVoiceDataReceived-- energy =1300050.8
2021-03-20 04:25:19.877 13315-13767/com.reapex.sv I/MLASR_AsrVadDetector: lowerEnergy = 43.01, energy = 61.14, diff = 0.42
2021-03-20 04:25:19.878 13315-13772/com.reapex.sv I/MLASR_AsrProcessor: send data in thread, messageSeqNo: 215
2021-03-20 04:25:19.879 13315-13772/com.reapex.sv I/MLASR_HaAdapter_MLKitAsr: handleMsg, taskId: 1616185473579381msg: 5
2021-03-20 04:25:19.879 13315-13772/com.reapex.sv E/MLASR_HaAdapter_MLKitAsr: mEventsToBeReported: has no response event isInfoGatherStart:falsemsg: 5
2021-03-20 04:25:19.879 13315-13772/com.reapex.sv I/MLASR_HaAdapter_MLKitAsr: handleMsg, taskId: 1616185473579381msg: 6
2021-03-20 04:25:19.879 13315-13772/com.reapex.sv E/MLASR_HaAdapter_MLKitAsr: mEventsToBeReported: has no response event isInfoGatherStart:falsemsg: 6
2021-03-20 04:25:19.879 13315-13772/com.reapex.sv I/MLASR_HaAdapter_MLKitAsr: handleMsg, taskId: 1616185473579381msg: 11
2021-03-20 04:25:19.879 13315-13772/com.reapex.sv E/MLASR_HaAdapter_MLKitAsr: mEventsToBeReported: has no response event isInfoGatherStart:falsemsg: 11
2021-03-20 04:25:19.921 13315-13767/com.reapex.sv D/ml-vadenergy: get -> tag = 65459225
2021-03-20 04:25:19.921 13315-13767/com.reapex.sv I/ml-vadenergy: Detect -> type = 2, energy = 4504399.0
2021-03-20 04:25:19.922 13315-13767/com.reapex.sv D/Leo: onVoiceDataReceived-- energy =4524399.0
2021-03-20 04:25:19.922 13315-13767/com.reapex.sv I/MLASR_AsrVadDetector: lowerEnergy = 43.01, energy = 66.56, diff = 0.55
2021-03-20 04:25:19.960 13315-13767/com.reapex.sv D/ml-vadenergy: get -> tag = 65459225
2021-03-20 04:25:19.961 13315-13767/com.reapex.sv I/ml-vadenergy: Detect -> type = 2, energy = 2576953.0
2021-03-20 04:25:19.961 13315-13767/com.reapex.sv D/Leo: onVoiceDataReceived-- energy =2596953.0
2021-03-20 04:25:19.962 13315-13767/com.reapex.sv I/MLASR_AsrVadDetector: lowerEnergy = 43.01, energy = 64.14, diff = 0.49
2021-03-20 04:25:19.995 13315-13767/com.reapex.sv D/ml-vadenergy: get -> tag = 65459225
2021-03-20 04:25:19.996 13315-13767/com.reapex.sv I/ml-vadenergy: Detect -> type = 2, energy = 1383941.8
2021-03-20 04:25:19.996 13315-13767/com.reapex.sv D/Leo: onVoiceDataReceived-- energy =1403941.8
2021-03-20 04:25:19.996 13315-13767/com.reapex.sv I/MLASR_AsrVadDetector: lowerEnergy = 43.01, energy = 61.47, diff = 0.43
2021-03-20 04:25:20.036 13315-13767/com.reapex.sv D/ml-vadenergy: get -> tag = 65459225
2021-03-20 04:25:20.036 13315-13767/com.reapex.sv I/ml-vadenergy: Detect -> type = 2, energy = 83992.5
2021-03-20 04:25:20.036 13315-13767/com.reapex.sv D/Leo: onVoiceDataReceived-- energy =103992.484
2021-03-20 04:25:20.037 13315-13767/com.reapex.sv I/MLASR_AsrVadDetector: lowerEnergy = 43.01, energy = 50.17, diff = 0.17
2021-03-20 04:25:20.075 13315-13767/com.reapex.sv D/ml-vadenergy: get -> tag = 65459225
2021-03-20 04:25:20.076 13315-13767/com.reapex.sv I/ml-vadenergy: Detect -> type = 2, energy = 395449.2
2021-03-20 04:25:20.076 13315-13767/com.reapex.sv D/Leo: onVoiceDataReceived-- energy =415449.16
2021-03-20 04:25:20.077 13315-13767/com.reapex.sv I/MLASR_AsrVadDetector: lowerEnergy = 43.01, energy = 56.19, diff = 0.31
2021-03-20 04:25:20.077 13315-13772/com.reapex.sv I/MLASR_AsrProcessor: send data in thread, messageSeqNo: 216
2021-03-20 04:25:20.077 13315-13772/com.reapex.sv I/MLASR_HaAdapter_MLKitAsr: handleMsg, taskId: 1616185473579381msg: 5
2021-03-20 04:25:20.078 13315-13772/com.reapex.sv E/MLASR_HaAdapter_MLKitAsr: mEventsToBeReported: has no response event isInfoGatherStart:falsemsg: 5
2021-03-20 04:25:20.078 13315-13772/com.reapex.sv I/MLASR_HaAdapter_MLKitAsr: handleMsg, taskId: 1616185473579381msg: 6
2021-03-20 04:25:20.078 13315-13772/com.reapex.sv E/MLASR_HaAdapter_MLKitAsr: mEventsToBeReported: has no response event isInfoGatherStart:falsemsg: 6
2021-03-20 04:25:20.078 13315-13772/com.reapex.sv I/MLASR_HaAdapter_MLKitAsr: handleMsg, taskId: 1616185473579381msg: 11
2021-03-20 04:25:20.078 13315-13772/com.reapex.sv E/MLASR_HaAdapter_MLKitAsr: mEventsToBeReported: has no response event isInfoGatherStart:falsemsg: 11
2021-03-20 04:25:20.079 13315-13768/com.reapex.sv D/WebSocketManager: onMessage: {"command":"DATA","result":{"isFinal":false,"isPartialFinal":false,"text":"12345671234567123456712345671234567 123456712345671234567 12345671234567123456712345676789十11 12 13 56781bcdeft我是正月标准定的中国第二第二我6788嗨嗨嗨嗨嗨嗨嗨还要333333335566666669999999777777777888888888888888888888888888888好好好好哦888888888我要说我要说三星三星"},"retCode":"0","retMsg":"Success"}
2021-03-20 04:25:20.080 13315-13768/com.reapex.sv I/MLASR_AsrProcessor: onMessage:
2021-03-20 04:25:20.084 13315-13315/com.reapex.sv D/Leo: OnResults
2021-03-20 04:25:20.084 13315-13315/com.reapex.sv D/Leo: onRecognizingResults is_sv Bundle[{results_recognizing=12345671234567123456712345671234567 123456712345671234567 12345671234567123456712345676789十11 12 13 56781bcdeft我是正月标准定的中国第二第二我6788嗨嗨嗨嗨嗨嗨嗨还要333333335566666669999999777777777888888888888888888888888888888好好好好哦888888888我要说我要说三星三星}]
2021-03-20 04:25:20.115 13315-13767/com.reapex.sv D/ml-vadenergy: get -> tag = 65459225
