2021-03-20 04:25:31.277 13315-13772/com.reapex.sv I/MLASR_HaAdapter_MLKitAsr: handleMsg, taskId: 1616185473579381msg: 11
2021-03-20 04:25:31.277 13315-13772/com.reapex.sv E/MLASR_HaAdapter_MLKitAsr: mEventsToBeReported: has no response event isInfoGatherStart:falsemsg: 11
2021-03-20 04:25:31.286 13315-13768/com.reapex.sv D/WebSocketManager: onMessage: {"command":"DATA","result":{"isFinal":false,"isPartialFinal":false,"text":"12345671234567123456712345671234567 123456712345671234567 12345671234567123456712345676789十11 12 13 56781bcdeft我是正月标准定的中国第二第二我6788嗨嗨嗨嗨嗨嗨嗨还要333333335566666669999999777777777888888888888888888888888888888好好好好哦888888888我要说我要说三星三星三星索尼索尼索尼索尼三星三星a b c a b c d d d a b c d e f g h i j k l m a b c d e f g a b c d e f g"},"retCode":"0","retMsg":"Success"}
2021-03-20 04:25:31.286 13315-13768/com.reapex.sv I/MLASR_AsrProcessor: onMessage:
2021-03-20 04:25:31.291 13315-13315/com.reapex.sv D/Leo: OnResults
2021-03-20 04:25:31.291 13315-13315/com.reapex.sv D/Leo: onRecognizingResults is_sv Bundle[{results_recognizing=12345671234567123456712345671234567 123456712345671234567 12345671234567123456712345676789十11 12 13 56781bcdeft我是正月标准定的中国第二第二我6788嗨嗨嗨嗨嗨嗨嗨还要333333335566666669999999777777777888888888888888888888888888888好好好好哦888888888我要说我要说三星三星三星索尼索尼索尼索尼三星三星a b c a b c d d d a b c d e f g h i j k l m a b c d e f g a b c d e f g}]
2021-03-20 04:25:31.315 13315-13767/com.reapex.sv D/ml-vadenergy: get -> tag = 65459225
2021-03-20 04:25:31.315 13315-13767/com.reapex.sv I/ml-vadenergy: Detect -> type = 2, energy = 3845117.2
2021-03-20 04:25:31.316 13315-13767/com.reapex.sv D/Leo: onVoiceDataReceived-- energy =3865117.2
2021-03-20 04:25:31.316 13315-13767/com.reapex.sv I/MLASR_AsrVadDetector: lowerEnergy = 43.01, energy = 65.87, diff = 0.53
2021-03-20 04:25:31.355 13315-13767/com.reapex.sv D/ml-vadenergy: get -> tag = 65459225
2021-03-20 04:25:31.356 13315-13767/com.reapex.sv I/ml-vadenergy: Detect -> type = 2, energy = 2416925.5
2021-03-20 04:25:31.356 13315-13767/com.reapex.sv D/Leo: onVoiceDataReceived-- energy =2436925.5
2021-03-20 04:25:31.357 13315-13767/com.reapex.sv I/MLASR_AsrVadDetector: lowerEnergy = 43.01, energy = 63.87, diff = 0.48
2021-03-20 04:25:31.395 13315-13767/com.reapex.sv D/ml-vadenergy: get -> tag = 65459225
2021-03-20 04:25:31.395 13315-13767/com.reapex.sv I/ml-vadenergy: Detect -> type = 2, energy = 131002.0
2021-03-20 04:25:31.395 13315-13767/com.reapex.sv D/Leo: onVoiceDataReceived-- energy =151002.03
2021-03-20 04:25:31.396 13315-13767/com.reapex.sv I/MLASR_AsrVadDetector: lowerEnergy = 43.01, energy = 51.79, diff = 0.20
2021-03-20 04:25:31.436 13315-13767/com.reapex.sv D/ml-vadenergy: get -> tag = 65459225
2021-03-20 04:25:31.436 13315-13767/com.reapex.sv I/ml-vadenergy: Detect -> type = 2, energy = 59912.6
2021-03-20 04:25:31.436 13315-13767/com.reapex.sv D/Leo: onVoiceDataReceived-- energy =79912.6
2021-03-20 04:25:31.437 13315-13767/com.reapex.sv I/MLASR_AsrVadDetector: lowerEnergy = 43.01, energy = 49.03, diff = 0.14
2021-03-20 04:25:31.480 13315-13767/com.reapex.sv D/ml-vadenergy: get -> tag = 65459225
2021-03-20 04:25:31.480 13315-13767/com.reapex.sv I/ml-vadenergy: Detect -> type = 2, energy = 738240.9
2021-03-20 04:25:31.481 13315-13767/com.reapex.sv D/Leo: onVoiceDataReceived-- energy =758240.9
2021-03-20 04:25:31.482 13315-13772/com.reapex.sv I/MLASR_AsrProcessor: send data in thread, messageSeqNo: 273
2021-03-20 04:25:31.484 13315-13772/com.reapex.sv I/MLASR_HaAdapter_MLKitAsr: handleMsg, taskId: 1616185473579381msg: 5
2021-03-20 04:25:31.484 13315-13772/com.reapex.sv E/MLASR_HaAdapter_MLKitAsr: mEventsToBeReported: has no response event isInfoGatherStart:falsemsg: 5
2021-03-20 04:25:31.484 13315-13772/com.reapex.sv I/MLASR_HaAdapter_MLKitAsr: handleMsg, taskId: 1616185473579381msg: 6
2021-03-20 04:25:31.484 13315-13772/com.reapex.sv E/MLASR_HaAdapter_MLKitAsr: mEventsToBeReported: has no response event isInfoGatherStart:falsemsg: 6
2021-03-20 04:25:31.484 13315-13772/com.reapex.sv I/MLASR_HaAdapter_MLKitAsr: handleMsg, taskId: 1616185473579381msg: 11
2021-03-20 04:25:31.484 13315-13772/com.reapex.sv E/MLASR_HaAdapter_MLKitAsr: mEventsToBeReported: has no response event isInfoGatherStart:falsemsg: 11
2021-03-20 04:25:31.485 13315-13767/com.reapex.sv I/MLASR_AsrVadDetector: lowerEnergy = 43.01, energy = 58.80, diff = 0.37
2021-03-20 04:25:31.515 13315-13767/com.reapex.sv D/ml-vadenergy: get -> tag = 65459225
2021-03-20 04:25:31.515 13315-13767/com.reapex.sv I/ml-vadenergy: Detect -> type = 2, energy = 2335508.2
2021-03-20 04:25:31.515 13315-13767/com.reapex.sv D/Leo: onVoiceDataReceived-- energy =2355508.2
2021-03-20 04:25:31.516 13315-13767/com.reapex.sv I/MLASR_AsrVadDetector: lowerEnergy = 43.01, energy = 63.72, diff = 0.48
2021-03-20 04:25:31.555 13315-13767/com.reapex.sv D/ml-vadenergy: get -> tag = 65459225
2021-03-20 04:25:31.556 13315-13767/com.reapex.sv I/ml-vadenergy: Detect -> type = 2, energy = 2852554.5
2021-03-20 04:25:31.556 13315-13767/com.reapex.sv D/Leo: onVoiceDataReceived-- energy =2872554.5
2021-03-20 04:25:31.556 13315-13767/com.reapex.sv I/MLASR_AsrVadDetector: lowerEnergy = 43.01, energy = 64.58, diff = 0.50
2021-03-20 04:25:31.595 13315-13767/com.reapex.sv D/ml-vadenergy: get -> tag = 65459225
2021-03-20 04:25:31.595 13315-13767/com.reapex.sv I/ml-vadenergy: Detect -> type = 2, energy = 4572167.5
2021-03-20 04:25:31.596 13315-13767/com.reapex.sv D/Leo: onVoiceDataReceived-- energy =4592167.5
2021-03-20 04:25:31.596 13315-13767/com.reapex.sv I/MLASR_AsrVadDetector: lowerEnergy = 43.01, energy = 66.62, diff = 0.55
2021-03-20 04:25:31.635 13315-13767/com.reapex.sv D/ml-vadenergy: get -> tag = 65459225
2021-03-20 04:25:31.636 13315-13767/com.reapex.sv I/ml-vadenergy: Detect -> type = 2, energy = 2514262.0
2021-03-20 04:25:31.636 13315-13767/com.reapex.sv D/Leo: onVoiceDataReceived-- energy =2534262.0
2021-03-20 04:25:31.637 13315-13767/com.reapex.sv I/MLASR_AsrVadDetector: lowerEnergy = 43.01, energy = 64.04, diff = 0.49
2021-03-20 04:25:31.676 13315-13767/com.reapex.sv D/ml-vadenergy: get -> tag = 65459225
2021-03-20 04:25:31.676 13315-13767/com.reapex.sv I/ml-vadenergy: Detect -> type = 2, energy = 1130060.9
2021-03-20 04:25:31.676 13315-13767/com.reapex.sv D/Leo: onVoiceDataReceived-- energy =1150060.9
2021-03-20 04:25:31.677 13315-13767/com.reapex.sv I/MLASR_AsrVadDetector: lowerEnergy = 43.01, energy = 60.61, diff = 0.41
2021-03-20 04:25:31.678 13315-13772/com.reapex.sv I/MLASR_AsrProcessor: send data in thread, messageSeqNo: 274
2021-03-20 04:25:31.679 13315-13772/com.reapex.sv I/MLASR_HaAdapter_MLKitAsr: handleMsg, taskId: 1616185473579381msg: 5
2021-03-20 04:25:31.679 13315-13772/com.reapex.sv E/MLASR_HaAdapter_MLKitAsr: mEventsToBeReported: has no response event isInfoGatherStart:falsemsg: 5
2021-03-20 04:25:31.679 13315-13772/com.reapex.sv I/MLASR_HaAdapter_MLKitAsr: handleMsg, taskId: 1616185473579381msg: 6
2021-03-20 04:25:31.680 13315-13772/com.reapex.sv E/MLASR_HaAdapter_MLKitAsr: mEventsToBeReported: has no response event isInfoGatherStart:falsemsg: 6
2021-03-20 04:25:31.680 13315-13772/com.reapex.sv I/MLASR_HaAdapter_MLKitAsr: handleMsg, taskId: 1616185473579381msg: 11
2021-03-20 04:25:31.680 13315-13772/com.reapex.sv E/MLASR_HaAdapter_MLKitAsr: mEventsToBeReported: has no response event isInfoGatherStart:falsemsg: 11
2021-03-20 04:25:31.717 13315-13767/com.reapex.sv D/ml-vadenergy: get -> tag = 65459225
2021-03-20 04:25:31.718 13315-13767/com.reapex.sv I/ml-vadenergy: Detect -> type = 2, energy = 81252.9
2021-03-20 04:25:31.718 13315-13767/com.reapex.sv D/Leo: onVoiceDataReceived-- energy =101252.875
2021-03-20 04:25:31.719 13315-13767/com.reapex.sv I/MLASR_AsrVadDetector: lowerEnergy = 43.01, energy = 50.05, diff = 0.16
2021-03-20 04:25:31.742 13315-13768/com.reapex.sv D/WebSocketManager: onMessage: {"command":"DATA","result":{"isFinal":false,"isPartialFinal":false,"text":"12345671234567123456712345671234567 123456712345671234567 12345671234567123456712345676789十11 12 13 56781bcdeft我是正月标准定的中国第二第二我6788嗨嗨嗨嗨嗨嗨嗨还要333333335566666669999999777777777888888888888888888888888888888好好好好哦888888888我要说我要说三星三星三星索尼索尼索尼索尼三星三星a b c a b c d d d a b c d e f g h i j k l m a b c d e f g a b c d e f g说话"},"retCode":"0","retMsg":"Success"}
2021-03-20 04:25:31.742 13315-13768/com.reapex.sv I/MLASR_AsrProcessor: onMessage:
2021-03-20 04:25:31.751 13315-13315/com.reapex.sv D/Leo: OnResults
2021-03-20 04:25:31.751 13315-13315/com.reapex.sv D/Leo: onRecognizingResults is_sv Bundle[{results_recognizing=12345671234567123456712345671234567 123456712345671234567 12345671234567123456712345676789十11 12 13 56781bcdeft我是正月标准定的中国第二第二我6788嗨嗨嗨嗨嗨嗨嗨还要333333335566666669999999777777777888888888888888888888888888888好好好好哦888888888我要说我要说三星三星三星索尼索尼索尼索尼三星三星a b c a b c d d d a b c d e f g h i j k l m a b c d e f g a b c d e f g说话}]
2021-03-20 04:25:31.755 13315-13767/com.reapex.sv D/ml-vadenergy: get -> tag = 65459225
2021-03-20 04:25:31.755 13315-13767/com.reapex.sv I/ml-vadenergy: Detect -> type = 2, energy = 33593.4
2021-03-20 04:25:31.756 13315-13767/com.reapex.sv D/Leo: onVoiceDataReceived-- energy =53593.4
2021-03-20 04:25:31.756 13315-13767/com.reapex.sv I/MLASR_AsrVadDetector: lowerEnergy = 43.01, energy = 47.29, diff = 0.10
2021-03-20 04:25:31.757 13315-13767/com.reapex.sv I/MLASR_AsrVadDetector: duration = 0, timingDuration = 700, lowerEnergy = 43.01
2021-03-20 04:25:31.795 13315-13767/com.reapex.sv D/ml-vadenergy: get -> tag = 65459225
2021-03-20 04:25:31.796 13315-13767/com.reapex.sv I/ml-vadenergy: Detect -> type = 2, energy = 2070208.8
2021-03-20 04:25:31.796 13315-13767/com.reapex.sv D/Leo: onVoiceDataReceived-- energy =2090208.8
2021-03-20 04:25:31.797 13315-13767/com.reapex.sv I/MLASR_AsrVadDetector: lowerEnergy = 43.01, energy = 63.20, diff = 0.47
2021-03-20 04:25:31.835 13315-13767/com.reapex.sv D/ml-vadenergy: get -> tag = 65459225
2021-03-20 04:25:31.835 13315-13767/com.reapex.sv I/ml-vadenergy: Detect -> type = 2, energy = 2466136.5
2021-03-20 04:25:31.835 13315-13767/com.reapex.sv D/Leo: onVoiceDataReceived-- energy =2486136.5
2021-03-20 04:25:31.836 13315-13767/com.reapex.sv I/MLASR_AsrVadDetector: lowerEnergy = 43.01, energy = 63.96, diff = 0.49
2021-03-20 04:25:31.876 13315-13767/com.reapex.sv D/ml-vadenergy: get -> tag = 65459225
2021-03-20 04:25:31.876 13315-13767/com.reapex.sv I/ml-vadenergy: Detect -> type = 2, energy = 3034734.8
2021-03-20 04:25:31.876 13315-13767/com.reapex.sv D/Leo: onVoiceDataReceived-- energy =3054734.8
2021-03-20 04:25:31.877 13315-13767/com.reapex.sv I/MLASR_AsrVadDetector: lowerEnergy = 43.01, energy = 64.85, diff = 0.51
2021-03-20 04:25:31.877 13315-13772/com.reapex.sv I/MLASR_AsrProcessor: send data in thread, messageSeqNo: 275
2021-03-20 04:25:31.878 13315-13772/com.reapex.sv I/MLASR_HaAdapter_MLKitAsr: handleMsg, taskId: 1616185473579381msg: 5
2021-03-20 04:25:31.878 13315-13772/com.reapex.sv E/MLASR_HaAdapter_MLKitAsr: mEventsToBeReported: has no response event isInfoGatherStart:falsemsg: 5
2021-03-20 04:25:31.878 13315-13772/com.reapex.sv I/MLASR_HaAdapter_MLKitAsr: handleMsg, taskId: 1616185473579381msg: 6
2021-03-20 04:25:31.879 13315-13772/com.reapex.sv E/MLASR_HaAdapter_MLKitAsr: mEventsToBeReported: has no response event isInfoGatherStart:falsemsg: 6
2021-03-20 04:25:31.879 13315-13772/com.reapex.sv I/MLASR_HaAdapter_MLKitAsr: handleMsg, taskId: 1616185473579381msg: 11
2021-03-20 04:25:31.879 13315-13772/com.reapex.sv E/MLASR_HaAdapter_MLKitAsr: mEventsToBeReported: has no response event isInfoGatherStart:falsemsg: 11
2021-03-20 04:25:31.921 13315-13767/com.reapex.sv D/ml-vadenergy: get -> tag = 65459225
2021-03-20 04:25:31.921 13315-13767/com.reapex.sv I/ml-vadenergy: Detect -> type = 2, energy = 1112290.8
2021-03-20 04:25:31.922 13315-13767/com.reapex.sv D/Leo: onVoiceDataReceived-- energy =1132290.8
2021-03-20 04:25:31.923 13315-13767/com.reapex.sv I/MLASR_AsrVadDetector: lowerEnergy = 43.01, energy = 60.54, diff = 0.41
2021-03-20 04:25:31.932 13315-13768/com.reapex.sv D/WebSocketManager: onMessage: {"command":"DATA","result":{"isFinal":false,"isPartialFinal":false,"text":"12345671234567123456712345671234567 123456712345671234567 12345671234567123456712345676789十11 12 13 56781bcdeft我是正月标准定的中国第二第二我6788嗨嗨嗨嗨嗨嗨嗨还要333333335566666669999999777777777888888888888888888888888888888好好好好哦888888888我要说我要说三星三星三星索尼索尼索尼索尼三星三星a b c a b c d d d a b c d e f g h i j k l m a b c d e f g a b c d e f g说话初二"},"retCode":"0","retMsg":"Success"}
2021-03-20 04:25:31.932 13315-13768/com.reapex.sv I/MLASR_AsrProcessor: onMessage:
2021-03-20 04:25:31.941 13315-13315/com.reapex.sv D/Leo: OnResults
2021-03-20 04:25:31.941 13315-13315/com.reapex.sv D/Leo: onRecognizingResults is_sv Bundle[{results_recognizing=12345671234567123456712345671234567 123456712345671234567 12345671234567123456712345676789十11 12 13 56781bcdeft我是正月标准定的中国第二第二我6788嗨嗨嗨嗨嗨嗨嗨还要333333335566666669999999777777777888888888888888888888888888888好好好好哦888888888我要说我要说三星三星三星索尼索尼索尼索尼三星三星a b c a b c d d d a b c d e f g h i j k l m a b c d e f g a b c d e f g说话初二}]
2021-03-20 04:25:31.955 13315-13767/com.reapex.sv D/ml-vadenergy: get -> tag = 65459225
2021-03-20 04:25:31.955 13315-13767/com.reapex.sv I/ml-vadenergy: Detect -> type = 2, energy = 49974.2
2021-03-20 04:25:31.955 13315-13767/com.reapex.sv D/Leo: onVoiceDataReceived-- energy =69974.19
2021-03-20 04:25:31.956 13315-13767/com.reapex.sv I/MLASR_AsrVadDetector: lowerEnergy = 43.01, energy = 48.45, diff = 0.13
2021-03-20 04:25:31.996 13315-13767/com.reapex.sv D/ml-vadenergy: get -> tag = 65459225
2021-03-20 04:25:31.996 13315-13767/com.reapex.sv I/ml-vadenergy: Detect -> type = 2, energy = 27253.4
2021-03-20 04:25:31.997 13315-13767/com.reapex.sv D/Leo: onVoiceDataReceived-- energy =47253.38
2021-03-20 04:25:31.998 13315-13767/com.reapex.sv I/MLASR_AsrVadDetector: lowerEnergy = 43.01, energy = 46.74, diff = 0.09
2021-03-20 04:25:31.998 13315-13767/com.reapex.sv I/MLASR_AsrVadDetector: duration = 0, timingDuration = 700, lowerEnergy = 43.01
2021-03-20 04:25:32.035 13315-13767/com.reapex.sv D/ml-vadenergy: get -> tag = 65459225
2021-03-20 04:25:32.036 13315-13767/com.reapex.sv I/ml-vadenergy: Detect -> type = 2, energy = 54974.8
2021-03-20 04:25:32.036 13315-13767/com.reapex.sv D/Leo: onVoiceDataReceived-- energy =74974.766
2021-03-20 04:25:32.036 13315-13767/com.reapex.sv I/MLASR_AsrVadDetector: lowerEnergy = 43.01, energy = 48.75, diff = 0.13
2021-03-20 04:25:32.075 13315-13767/com.reapex.sv D/ml-vadenergy: get -> tag = 65459225
2021-03-20 04:25:32.075 13315-13767/com.reapex.sv I/ml-vadenergy: Detect -> type = 2, energy = 34777.6
2021-03-20 04:25:32.075 13315-13767/com.reapex.sv D/Leo: onVoiceDataReceived-- energy =54777.63
2021-03-20 04:25:32.076 13315-13767/com.reapex.sv I/MLASR_AsrVadDetector: lowerEnergy = 43.01, energy = 47.39, diff = 0.10
2021-03-20 04:25:32.076 13315-13772/com.reapex.sv I/MLASR_AsrProcessor: send data in thread, messageSeqNo: 276
2021-03-20 04:25:32.077 13315-13772/com.reapex.sv I/MLASR_HaAdapter_MLKitAsr: handleMsg, taskId: 1616185473579381msg: 5
2021-03-20 04:25:32.077 13315-13772/com.reapex.sv E/MLASR_HaAdapter_MLKitAsr: mEventsToBeReported: has no response event isInfoGatherStart:falsemsg: 5
2021-03-20 04:25:32.077 13315-13772/com.reapex.sv I/MLASR_HaAdapter_MLKitAsr: handleMsg, taskId: 1616185473579381msg: 6
2021-03-20 04:25:32.077 13315-13772/com.reapex.sv E/MLASR_HaAdapter_MLKitAsr: mEventsToBeReported: has no response event isInfoGatherStart:falsemsg: 6
2021-03-20 04:25:32.077 13315-13772/com.reapex.sv I/MLASR_HaAdapter_MLKitAsr: handleMsg, taskId: 1616185473579381msg: 11
2021-03-20 04:25:32.077 13315-13772/com.reapex.sv E/MLASR_HaAdapter_MLKitAsr: mEventsToBeReported: has no response event isInfoGatherStart:falsemsg: 11
2021-03-20 04:25:32.121 13315-13767/com.reapex.sv D/ml-vadenergy: get -> tag = 65459225
2021-03-20 04:25:32.121 13315-13767/com.reapex.sv I/ml-vadenergy: Detect -> type = 2, energy = 22159.8
2021-03-20 04:25:32.122 13315-13767/com.reapex.sv D/Leo: onVoiceDataReceived-- energy =42159.836
2021-03-20 04:25:32.122 13315-13767/com.reapex.sv I/MLASR_AsrVadDetector: lowerEnergy = 43.01, energy = 46.25, diff = 0.08
2021-03-20 04:25:32.123 13315-13767/com.reapex.sv I/MLASR_AsrVadDetector: duration = 1, timingDuration = 700, lowerEnergy = 43.01
2021-03-20 04:25:32.157 13315-13767/com.reapex.sv D/ml-vadenergy: get -> tag = 65459225
2021-03-20 04:25:32.157 13315-13767/com.reapex.sv I/ml-vadenergy: Detect -> type = 1, energy = 11453.3
2021-03-20 04:25:32.158 13315-13767/com.reapex.sv D/Leo: onVoiceDataReceived-- energy =31453.344
2021-03-20 04:25:32.159 13315-13767/com.reapex.sv I/MLASR_AsrVadDetector: lowerEnergy = 43.01, energy = 44.98, diff = 0.05
2021-03-20 04:25:32.160 13315-13767/com.reapex.sv I/MLASR_AsrVadDetector: duration = 38, timingDuration = 700, lowerEnergy = 43.01
2021-03-20 04:25:32.197 13315-13767/com.reapex.sv D/ml-vadenergy: get -> tag = 65459225
2021-03-20 04:25:32.197 13315-13767/com.reapex.sv I/ml-vadenergy: Detect -> type = 1, energy = 7171.6
2021-03-20 04:25:32.198 13315-13767/com.reapex.sv D/Leo: onVoiceDataReceived-- energy =27171.607
2021-03-20 04:25:32.198 13315-13767/com.reapex.sv I/MLASR_AsrVadDetector: lowerEnergy = 43.01, energy = 44.34, diff = 0.03
2021-03-20 04:25:32.199 13315-13767/com.reapex.sv I/MLASR_AsrVadDetector: duration = 77, timingDuration = 700, lowerEnergy = 43.01
2021-03-20 04:25:32.240 13315-13767/com.reapex.sv D/ml-vadenergy: get -> tag = 65459225
2021-03-20 04:25:32.241 13315-13767/com.reapex.sv I/ml-vadenergy: Detect -> type = 1, energy = 7852.8
2021-03-20 04:25:32.241 13315-13767/com.reapex.sv D/Leo: onVoiceDataReceived-- energy =27852.791
2021-03-20 04:25:32.242 13315-13767/com.reapex.sv I/MLASR_AsrVadDetector: lowerEnergy = 43.01, energy = 44.45, diff = 0.03
2021-03-20 04:25:32.243 13315-13767/com.reapex.sv I/MLASR_AsrVadDetector: duration = 121, timingDuration = 700, lowerEnergy = 43.01
2021-03-20 04:25:32.275 13315-13767/com.reapex.sv D/ml-vadenergy: get -> tag = 65459225
2021-03-20 04:25:32.276 13315-13767/com.reapex.sv I/ml-vadenergy: Detect -> type = 1, energy = 7790.6
2021-03-20 04:25:32.276 13315-13767/com.reapex.sv D/Leo: onVoiceDataReceived-- energy =27790.65
2021-03-20 04:25:32.277 13315-13767/com.reapex.sv I/MLASR_AsrVadDetector: lowerEnergy = 43.01, energy = 44.44, diff = 0.03
2021-03-20 04:25:32.277 13315-13767/com.reapex.sv I/MLASR_AsrVadDetector: duration = 155, timingDuration = 700, lowerEnergy = 43.01
2021-03-20 04:25:32.278 13315-13772/com.reapex.sv I/MLASR_AsrProcessor: send data in thread, messageSeqNo: 277
2021-03-20 04:25:32.279 13315-13772/com.reapex.sv I/MLASR_HaAdapter_MLKitAsr: handleMsg, taskId: 1616185473579381msg: 5
2021-03-20 04:25:32.279 13315-13772/com.reapex.sv E/MLASR_HaAdapter_MLKitAsr: mEventsToBeReported: has no response event isInfoGatherStart:falsemsg: 5
2021-03-20 04:25:32.279 13315-13772/com.reapex.sv I/MLASR_HaAdapter_MLKitAsr: handleMsg, taskId: 1616185473579381msg: 6
2021-03-20 04:25:32.279 13315-13772/com.reapex.sv E/MLASR_HaAdapter_MLKitAsr: mEventsToBeReported: has no response event isInfoGatherStart:falsemsg: 6
2021-03-20 04:25:32.279 13315-13772/com.reapex.sv I/MLASR_HaAdapter_MLKitAsr: handleMsg, taskId: 1616185473579381msg: 11
2021-03-20 04:25:32.279 13315-13772/com.reapex.sv E/MLASR_HaAdapter_MLKitAsr: mEventsToBeReported: has no response event isInfoGatherStart:falsemsg: 11
2021-03-20 04:25:32.305 13315-13768/com.reapex.sv D/WebSocketManager: onMessage: {"command":"DATA","result":{"isFinal":false,"isPartialFinal":false,"text":"12345671234567123456712345671234567 123456712345671234567 12345671234567123456712345676789十11 12 13 56781bcdeft我是正月标准定的中国第二第二我6788嗨嗨嗨嗨嗨嗨嗨还要333333335566666669999999777777777888888888888888888888888888888好好好好哦888888888我要说我要说三星三星三星索尼索尼索尼索尼三星三星a b c a b c d d d a b c d e f g h i j k l m a b c d e f g a b c d e f g说话说话说话"},"retCode":"0","retMsg":"Success"}
2021-03-20 04:25:32.305 13315-13768/com.reapex.sv I/MLASR_AsrProcessor: onMessage:
2021-03-20 04:25:32.311 13315-13315/com.reapex.sv D/Leo: OnResults
2021-03-20 04:25:32.312 13315-13315/com.reapex.sv D/Leo: onRecognizingResults is_sv Bundle[{results_recognizing=12345671234567123456712345671234567 123456712345671234567 12345671234567123456712345676789十11 12 13 56781bcdeft我是正月标准定的中国第二第二我6788嗨嗨嗨嗨嗨嗨嗨还要333333335566666669999999777777777888888888888888888888888888888好好好好哦888888888我要说我要说三星三星三星索尼索尼索尼索尼三星三星a b c a b c d d d a b c d e f g h i j k l m a b c d e f g a b c d e f g说话说话说话}]
2021-03-20 04:25:32.315 13315-13767/com.reapex.sv D/ml-vadenergy: get -> tag = 65459225
2021-03-20 04:25:32.316 13315-13767/com.reapex.sv I/ml-vadenergy: Detect -> type = 1, energy = 3764.9
2021-03-20 04:25:32.316 13315-13767/com.reapex.sv D/Leo: onVoiceDataReceived-- energy =23764.86
2021-03-20 04:25:32.316 13315-13767/com.reapex.sv I/MLASR_AsrVadDetector: lowerEnergy = 43.01, energy = 43.76, diff = 0.02
2021-03-20 04:25:32.317 13315-13767/com.reapex.sv I/MLASR_AsrVadDetector: duration = 195, timingDuration = 700, lowerEnergy = 43.01
2021-03-20 04:25:32.355 13315-13767/com.reapex.sv D/ml-vadenergy: get -> tag = 65459225
2021-03-20 04:25:32.356 13315-13767/com.reapex.sv I/ml-vadenergy: Detect -> type = 1, energy = 792.8
2021-03-20 04:25:32.356 13315-13767/com.reapex.sv D/Leo: onVoiceDataReceived-- energy =20792.84
2021-03-20 04:25:32.357 13315-13767/com.reapex.sv I/MLASR_AsrVadDetector: lowerEnergy = 43.01, energy = 43.18, diff = 0.00
2021-03-20 04:25:32.358 13315-13767/com.reapex.sv I/MLASR_AsrVadDetector: duration = 236, timingDuration = 700, lowerEnergy = 43.01
2021-03-20 04:25:32.395 13315-13767/com.reapex.sv D/ml-vadenergy: get -> tag = 65459225
2021-03-20 04:25:32.395 13315-13767/com.reapex.sv I/ml-vadenergy: Detect -> type = 2, energy = 2153748.2
2021-03-20 04:25:32.396 13315-13767/com.reapex.sv D/Leo: onVoiceDataReceived-- energy =2173748.2
2021-03-20 04:25:32.396 13315-13767/com.reapex.sv I/MLASR_AsrVadDetector: lowerEnergy = 43.01, energy = 63.37, diff = 0.47
2021-03-20 04:25:32.435 13315-13767/com.reapex.sv D/ml-vadenergy: get -> tag = 65459225
2021-03-20 04:25:32.436 13315-13767/com.reapex.sv I/ml-vadenergy: Detect -> type = 2, energy = 16441253.0
2021-03-20 04:25:32.436 13315-13767/com.reapex.sv D/Leo: onVoiceDataReceived-- energy =1.6461253E7
2021-03-20 04:25:32.437 13315-13767/com.reapex.sv I/MLASR_AsrVadDetector: lowerEnergy = 43.01, energy = 72.16, diff = 0.68
2021-03-20 04:25:32.481 13315-13767/com.reapex.sv D/ml-vadenergy: get -> tag = 65459225
2021-03-20 04:25:32.481 13315-13767/com.reapex.sv I/ml-vadenergy: Detect -> type = 2, energy = 24852550.0
2021-03-20 04:25:32.482 13315-13767/com.reapex.sv D/Leo: onVoiceDataReceived-- energy =2.487255E7
2021-03-20 04:25:32.483 13315-13767/com.reapex.sv I/MLASR_AsrVadDetector: lowerEnergy = 43.01, energy = 73.96, diff = 0.72
2021-03-20 04:25:32.483 13315-13772/com.reapex.sv I/MLASR_AsrProcessor: send data in thread, messageSeqNo: 278
2021-03-20 04:25:32.484 13315-13772/com.reapex.sv I/MLASR_HaAdapter_MLKitAsr: handleMsg, taskId: 1616185473579381msg: 5
2021-03-20 04:25:32.484 13315-13772/com.reapex.sv E/MLASR_HaAdapter_MLKitAsr: mEventsToBeReported: has no response event isInfoGatherStart:falsemsg: 5
2021-03-20 04:25:32.485 13315-13772/com.reapex.sv I/MLASR_HaAdapter_MLKitAsr: handleMsg, taskId: 1616185473579381msg: 6
2021-03-20 04:25:32.485 13315-13772/com.reapex.sv E/MLASR_HaAdapter_MLKitAsr: mEventsToBeReported: has no response event isInfoGatherStart:falsemsg: 6
2021-03-20 04:25:32.485 13315-13772/com.reapex.sv I/MLASR_HaAdapter_MLKitAsr: handleMsg, taskId: 1616185473579381msg: 11
2021-03-20 04:25:32.485 13315-13772/com.reapex.sv E/MLASR_HaAdapter_MLKitAsr: mEventsToBeReported: has no response event isInfoGatherStart:falsemsg: 11
2021-03-20 04:25:32.520 13315-13767/com.reapex.sv D/ml-vadenergy: get -> tag = 65459225
2021-03-20 04:25:32.521 13315-13767/com.reapex.sv I/ml-vadenergy: Detect -> type = 2, energy = 42474668.0
2021-03-20 04:25:32.521 13315-13767/com.reapex.sv D/Leo: onVoiceDataReceived-- energy =4.2494668E7
2021-03-20 04:25:32.522 13315-13767/com.reapex.sv I/MLASR_AsrVadDetector: lowerEnergy = 43.01, energy = 76.28, diff = 0.77
2021-03-20 04:25:32.561 13315-13767/com.reapex.sv D/ml-vadenergy: get -> tag = 65459225
2021-03-20 04:25:32.562 13315-13767/com.reapex.sv I/ml-vadenergy: Detect -> type = 2, energy = 15183149.0
2021-03-20 04:25:32.562 13315-13767/com.reapex.sv D/Leo: onVoiceDataReceived-- energy =1.5203149E7
2021-03-20 04:25:32.563 13315-13767/com.reapex.sv I/MLASR_AsrVadDetector: lowerEnergy = 43.01, energy = 71.82, diff = 0.67
2021-03-20 04:25:32.597 13315-13767/com.reapex.sv D/ml-vadenergy: get -> tag = 65459225
2021-03-20 04:25:32.598 13315-13767/com.reapex.sv I/ml-vadenergy: Detect -> type = 2, energy = 1290117.8
2021-03-20 04:25:32.598 13315-13767/com.reapex.sv D/Leo: onVoiceDataReceived-- energy =1310117.8
2021-03-20 04:25:32.599 13315-13767/com.reapex.sv I/MLASR_AsrVadDetector: lowerEnergy = 43.01, energy = 61.17, diff = 0.42
2021-03-20 04:25:32.635 13315-13767/com.reapex.sv D/ml-vadenergy: get -> tag = 65459225
2021-03-20 04:25:32.636 13315-13767/com.reapex.sv I/ml-vadenergy: Detect -> type = 2, energy = 208859.0
2021-03-20 04:25:32.636 13315-13767/com.reapex.sv D/Leo: onVoiceDataReceived-- energy =228858.98
2021-03-20 04:25:32.636 13315-13767/com.reapex.sv I/MLASR_AsrVadDetector: lowerEnergy = 43.01, energy = 53.60, diff = 0.25
2021-03-20 04:25:32.674 13315-13768/com.reapex.sv D/WebSocketManager: onMessage: {"command":"DATA","result":{"isFinal":false,"isPartialFinal":false,"text":"12345671234567123456712345671234567 123456712345671234567 12345671234567123456712345676789十11 12 13 56781bcdeft我是正月标准定的中国第二第二我6788嗨嗨嗨嗨嗨嗨嗨还要333333335566666669999999777777777888888888888888888888888888888好好好好哦888888888我要说我要说三星三星三星索尼索尼索尼索尼三星三星a b c a b c d d d a b c d e f g h i j k l m a b c d e f g a b c d e f g说话说话说话说话"},"retCode":"0","retMsg":"Success"}
2021-03-20 04:25:32.675 13315-13768/com.reapex.sv I/MLASR_AsrProcessor: onMessage:
2021-03-20 04:25:32.676 13315-13767/com.reapex.sv D/ml-vadenergy: get -> tag = 65459225
2021-03-20 04:25:32.677 13315-13767/com.reapex.sv I/ml-vadenergy: Detect -> type = 2, energy = 329210.6
2021-03-20 04:25:32.677 13315-13767/com.reapex.sv D/Leo: onVoiceDataReceived-- energy =349210.56
2021-03-20 04:25:32.678 13315-13767/com.reapex.sv I/MLASR_AsrVadDetector: lowerEnergy = 43.01, energy = 55.43, diff = 0.29
2021-03-20 04:25:32.678 13315-13772/com.reapex.sv I/MLASR_AsrProcessor: send data in thread, messageSeqNo: 279
2021-03-20 04:25:32.679 13315-13772/com.reapex.sv I/MLASR_HaAdapter_MLKitAsr: handleMsg, taskId: 1616185473579381msg: 5
2021-03-20 04:25:32.679 13315-13772/com.reapex.sv E/MLASR_HaAdapter_MLKitAsr: mEventsToBeReported: has no response event isInfoGatherStart:falsemsg: 5
2021-03-20 04:25:32.679 13315-13772/com.reapex.sv I/MLASR_HaAdapter_MLKitAsr: handleMsg, taskId: 1616185473579381msg: 6
2021-03-20 04:25:32.679 13315-13772/com.reapex.sv E/MLASR_HaAdapter_MLKitAsr: mEventsToBeReported: has no response event isInfoGatherStart:falsemsg: 6
2021-03-20 04:25:32.679 13315-13772/com.reapex.sv I/MLASR_HaAdapter_MLKitAsr: handleMsg, taskId: 1616185473579381msg: 11
2021-03-20 04:25:32.680 13315-13772/com.reapex.sv E/MLASR_HaAdapter_MLKitAsr: mEventsToBeReported: has no response event isInfoGatherStart:falsemsg: 11
2021-03-20 04:25:32.682 13315-13315/com.reapex.sv D/Leo: OnResults
2021-03-20 04:25:32.682 13315-13315/com.reapex.sv D/Leo: onRecognizingResults is_sv Bundle[{results_recognizing=12345671234567123456712345671234567 123456712345671234567 12345671234567123456712345676789十11 12 13 56781bcdeft我是正月标准定的中国第二第二我6788嗨嗨嗨嗨嗨嗨嗨还要333333335566666669999999777777777888888888888888888888888888888好好好好哦888888888我要说我要说三星三星三星索尼索尼索尼索尼三星三星a b c a b c d d d a b c d e f g h i j k l m a b c d e f g a b c d e f g说话说话说话说话}]
2021-03-20 04:25:32.715 13315-13767/com.reapex.sv D/ml-vadenergy: get -> tag = 65459225
2021-03-20 04:25:32.716 13315-13767/com.reapex.sv I/ml-vadenergy: Detect -> type = 2, energy = 1494491.2
2021-03-20 04:25:32.716 13315-13767/com.reapex.sv D/Leo: onVoiceDataReceived-- energy =1514491.2
2021-03-20 04:25:32.717 13315-13767/com.reapex.sv I/MLASR_AsrVadDetector: lowerEnergy = 43.01, energy = 61.80, diff = 0.44
2021-03-20 04:25:32.755 13315-13767/com.reapex.sv D/ml-vadenergy: get -> tag = 65459225
2021-03-20 04:25:32.755 13315-13767/com.reapex.sv I/ml-vadenergy: Detect -> type = 2, energy = 28411082.0
2021-03-20 04:25:32.756 13315-13767/com.reapex.sv D/Leo: onVoiceDataReceived-- energy =2.8431082E7
2021-03-20 04:25:32.756 13315-13767/com.reapex.sv I/MLASR_AsrVadDetector: lowerEnergy = 43.01, energy = 74.54, diff = 0.73
2021-03-20 04:25:32.795 13315-13767/com.reapex.sv D/ml-vadenergy: get -> tag = 65459225
2021-03-20 04:25:32.795 13315-13767/com.reapex.sv I/ml-vadenergy: Detect -> type = 2, energy = 49601520.0
2021-03-20 04:25:32.796 13315-13767/com.reapex.sv D/Leo: onVoiceDataReceived-- energy =4.962152E7
2021-03-20 04:25:32.796 13315-13767/com.reapex.sv I/MLASR_AsrVadDetector: lowerEnergy = 43.01, energy = 76.96, diff = 0.79
2021-03-20 04:25:32.840 13315-13767/com.reapex.sv D/ml-vadenergy: get -> tag = 65459225
2021-03-20 04:25:32.841 13315-13767/com.reapex.sv I/ml-vadenergy: Detect -> type = 2, energy = 30898474.0
2021-03-20 04:25:32.841 13315-13767/com.reapex.sv D/Leo: onVoiceDataReceived-- energy =3.0918474E7
2021-03-20 04:25:32.842 13315-13767/com.reapex.sv I/MLASR_AsrVadDetector: lowerEnergy = 43.01, energy = 74.90, diff = 0.74
2021-03-20 04:25:32.878 13315-13767/com.reapex.sv D/ml-vadenergy: get -> tag = 65459225
2021-03-20 04:25:32.878 13315-13767/com.reapex.sv I/ml-vadenergy: Detect -> type = 2, energy = 9865201.0
2021-03-20 04:25:32.878 13315-13767/com.reapex.sv D/Leo: onVoiceDataReceived-- energy =9885201.0
2021-03-20 04:25:32.879 13315-13767/com.reapex.sv I/MLASR_AsrVadDetector: lowerEnergy = 43.01, energy = 69.95, diff = 0.63
2021-03-20 04:25:32.880 13315-13772/com.reapex.sv I/MLASR_AsrProcessor: send data in thread, messageSeqNo: 280
2021-03-20 04:25:32.881 13315-13772/com.reapex.sv I/MLASR_HaAdapter_MLKitAsr: handleMsg, taskId: 1616185473579381msg: 5
2021-03-20 04:25:32.881 13315-13772/com.reapex.sv E/MLASR_HaAdapter_MLKitAsr: mEventsToBeReported: has no response event isInfoGatherStart:falsemsg: 5
2021-03-20 04:25:32.881 13315-13772/com.reapex.sv I/MLASR_HaAdapter_MLKitAsr: handleMsg, taskId: 1616185473579381msg: 6
2021-03-20 04:25:32.882 13315-13772/com.reapex.sv E/MLASR_HaAdapter_MLKitAsr: mEventsToBeReported: has no response event isInfoGatherStart:falsemsg: 6
2021-03-20 04:25:32.882 13315-13772/com.reapex.sv I/MLASR_HaAdapter_MLKitAsr: handleMsg, taskId: 1616185473579381msg: 11
2021-03-20 04:25:32.882 13315-13772/com.reapex.sv E/MLASR_HaAdapter_MLKitAsr: mEventsToBeReported: has no response event isInfoGatherStart:falsemsg: 11
2021-03-20 04:25:32.916 13315-13768/com.reapex.sv D/WebSocketManager: onMessage: {"command":"DATA","result":{"isFinal":false,"isPartialFinal":false,"text":"12345671234567123456712345671234567 123456712345671234567 12345671234567123456712345676789十11 12 13 56781bcdeft我是正月标准定的中国第二第二我6788嗨嗨嗨嗨嗨嗨嗨还要333333335566666669999999777777777888888888888888888888888888888好好好好哦888888888我要说我要说三星三星三星索尼索尼索尼索尼三星三星a b c a b c d d d a b c d e f g h i j k l m a b c d e f g a b c d e f g说话说话说话说话"},"retCode":"0","retMsg":"Success"}
2021-03-20 04:25:32.916 13315-13767/com.reapex.sv D/ml-vadenergy: get -> tag = 65459225
2021-03-20 04:25:32.917 13315-13768/com.reapex.sv I/MLASR_AsrProcessor: onMessage:
2021-03-20 04:25:32.917 13315-13767/com.reapex.sv I/ml-vadenergy: Detect -> type = 2, energy = 1205912.0
2021-03-20 04:25:32.917 13315-13767/com.reapex.sv D/Leo: onVoiceDataReceived-- energy =1225912.0
2021-03-20 04:25:32.918 13315-13767/com.reapex.sv I/MLASR_AsrVadDetector: lowerEnergy = 43.01, energy = 60.88, diff = 0.42
2021-03-20 04:25:32.925 13315-13315/com.reapex.sv D/Leo: OnResults
2021-03-20 04:25:32.925 13315-13315/com.reapex.sv D/Leo: onRecognizingResults is_sv Bundle[{results_recognizing=12345671234567123456712345671234567 123456712345671234567 12345671234567123456712345676789十11 12 13 56781bcdeft我是正月标准定的中国第二第二我6788嗨嗨嗨嗨嗨嗨嗨还要333333335566666669999999777777777888888888888888888888888888888好好好好哦888888888我要说我要说三星三星三星索尼索尼索尼索尼三星三星a b c a b c d d d a b c d e f g h i j k l m a b c d e f g a b c d e f g说话说话说话说话}]
2021-03-20 04:25:32.956 13315-13767/com.reapex.sv D/ml-vadenergy: get -> tag = 65459225
2021-03-20 04:25:32.956 13315-13767/com.reapex.sv I/ml-vadenergy: Detect -> type = 2, energy = 157948.0
2021-03-20 04:25:32.956 13315-13767/com.reapex.sv D/Leo: onVoiceDataReceived-- energy =177948.03
2021-03-20 04:25:32.957 13315-13767/com.reapex.sv I/MLASR_AsrVadDetector: lowerEnergy = 43.01, energy = 52.50, diff = 0.22
2021-03-20 04:25:32.995 13315-13767/com.reapex.sv D/ml-vadenergy: get -> tag = 65459225
2021-03-20 04:25:32.995 13315-13767/com.reapex.sv I/ml-vadenergy: Detect -> type = 2, energy = 1545778.0
2021-03-20 04:25:32.996 13315-13767/com.reapex.sv D/Leo: onVoiceDataReceived-- energy =1565778.0
2021-03-20 04:25:32.996 13315-13767/com.reapex.sv I/MLASR_AsrVadDetector: lowerEnergy = 43.01, energy = 61.95, diff = 0.44
2021-03-20 04:25:33.035 13315-13767/com.reapex.sv D/ml-vadenergy: get -> tag = 65459225
2021-03-20 04:25:33.035 13315-13767/com.reapex.sv I/ml-vadenergy: Detect -> type = 2, energy = 8073576.0
2021-03-20 04:25:33.035 13315-13767/com.reapex.sv D/Leo: onVoiceDataReceived-- energy =8093576.0
2021-03-20 04:25:33.036 13315-13767/com.reapex.sv I/MLASR_AsrVadDetector: lowerEnergy = 43.01, energy = 69.08, diff = 0.61
2021-03-20 04:25:33.078 13315-13767/com.reapex.sv D/ml-vadenergy: get -> tag = 65459225
2021-03-20 04:25:33.079 13315-13767/com.reapex.sv I/ml-vadenergy: Detect -> type = 2, energy = 15416219.0
2021-03-20 04:25:33.079 13315-13767/com.reapex.sv D/Leo: onVoiceDataReceived-- energy =1.5436219E7
2021-03-20 04:25:33.080 13315-13767/com.reapex.sv I/MLASR_AsrVadDetector: lowerEnergy = 43.01, energy = 71.89, diff = 0.67
2021-03-20 04:25:33.081 13315-13772/com.reapex.sv I/MLASR_AsrProcessor: send data in thread, messageSeqNo: 281
2021-03-20 04:25:33.082 13315-13772/com.reapex.sv I/MLASR_HaAdapter_MLKitAsr: handleMsg, taskId: 1616185473579381msg: 5
2021-03-20 04:25:33.082 13315-13772/com.reapex.sv E/MLASR_HaAdapter_MLKitAsr: mEventsToBeReported: has no response event isInfoGatherStart:falsemsg: 5
2021-03-20 04:25:33.082 13315-13772/com.reapex.sv I/MLASR_HaAdapter_MLKitAsr: handleMsg, taskId: 1616185473579381msg: 6
2021-03-20 04:25:33.082 13315-13772/com.reapex.sv E/MLASR_HaAdapter_MLKitAsr: mEventsToBeReported: has no response event isInfoGatherStart:falsemsg: 6
2021-03-20 04:25:33.082 13315-13772/com.reapex.sv I/MLASR_HaAdapter_MLKitAsr: handleMsg, taskId: 1616185473579381msg: 11
2021-03-20 04:25:33.082 13315-13772/com.reapex.sv E/MLASR_HaAdapter_MLKitAsr: mEventsToBeReported: has no response event isInfoGatherStart:falsemsg: 11
2021-03-20 04:25:33.115 13315-13767/com.reapex.sv D/ml-vadenergy: get -> tag = 65459225
2021-03-20 04:25:33.115 13315-13767/com.reapex.sv I/ml-vadenergy: Detect -> type = 2, energy = 11524439.0
2021-03-20 04:25:33.116 13315-13767/com.reapex.sv D/Leo: onVoiceDataReceived-- energy =1.1544439E7
2021-03-20 04:25:33.116 13315-13767/com.reapex.sv I/MLASR_AsrVadDetector: lowerEnergy = 43.01, energy = 70.62, diff = 0.64
2021-03-20 04:25:33.161 13315-13767/com.reapex.sv D/ml-vadenergy: get -> tag = 65459225
2021-03-20 04:25:33.161 13315-13767/com.reapex.sv I/ml-vadenergy: Detect -> type = 2, energy = 2963424.2
2021-03-20 04:25:33.162 13315-13767/com.reapex.sv D/Leo: onVoiceDataReceived-- energy =2983424.2
2021-03-20 04:25:33.163 13315-13767/com.reapex.sv I/MLASR_AsrVadDetector: lowerEnergy = 43.01, energy = 64.75, diff = 0.51
2021-03-20 04:25:33.196 13315-13767/com.reapex.sv D/ml-vadenergy: get -> tag = 65459225
2021-03-20 04:25:33.196 13315-13767/com.reapex.sv I/ml-vadenergy: Detect -> type = 2, energy = 948629.9
2021-03-20 04:25:33.197 13315-13767/com.reapex.sv D/Leo: onVoiceDataReceived-- energy =968629.9
2021-03-20 04:25:33.197 13315-13767/com.reapex.sv I/MLASR_AsrVadDetector: lowerEnergy = 43.01, energy = 59.86, diff = 0.39
2021-03-20 04:25:33.235 13315-13767/com.reapex.sv D/ml-vadenergy: get -> tag = 65459225
2021-03-20 04:25:33.235 13315-13767/com.reapex.sv I/ml-vadenergy: Detect -> type = 2, energy = 25388.0
2021-03-20 04:25:33.236 13315-13767/com.reapex.sv D/Leo: onVoiceDataReceived-- energy =45388.027
2021-03-20 04:25:33.236 13315-13767/com.reapex.sv I/MLASR_AsrVadDetector: lowerEnergy = 43.01, energy = 46.57, diff = 0.08
2021-03-20 04:25:33.237 13315-13767/com.reapex.sv I/MLASR_AsrVadDetector: duration = 1, timingDuration = 700, lowerEnergy = 43.01
2021-03-20 04:25:33.280 13315-13767/com.reapex.sv D/ml-vadenergy: get -> tag = 65459225
2021-03-20 04:25:33.280 13315-13767/com.reapex.sv I/ml-vadenergy: Detect -> type = 1, energy = 5663.5
2021-03-20 04:25:33.281 13315-13767/com.reapex.sv D/Leo: onVoiceDataReceived-- energy =25663.48
2021-03-20 04:25:33.282 13315-13767/com.reapex.sv I/MLASR_AsrVadDetector: lowerEnergy = 43.01, energy = 44.09, diff = 0.03
2021-03-20 04:25:33.282 13315-13772/com.reapex.sv I/MLASR_AsrProcessor: send data in thread, messageSeqNo: 282
2021-03-20 04:25:33.282 13315-13767/com.reapex.sv I/MLASR_AsrVadDetector: duration = 47, timingDuration = 700, lowerEnergy = 43.01
2021-03-20 04:25:33.283 13315-13772/com.reapex.sv I/MLASR_HaAdapter_MLKitAsr: handleMsg, taskId: 1616185473579381msg: 5
2021-03-20 04:25:33.283 13315-13772/com.reapex.sv E/MLASR_HaAdapter_MLKitAsr: mEventsToBeReported: has no response event isInfoGatherStart:falsemsg: 5
2021-03-20 04:25:33.283 13315-13772/com.reapex.sv I/MLASR_HaAdapter_MLKitAsr: handleMsg, taskId: 1616185473579381msg: 6
2021-03-20 04:25:33.283 13315-13772/com.reapex.sv E/MLASR_HaAdapter_MLKitAsr: mEventsToBeReported: has no response event isInfoGatherStart:falsemsg: 6
2021-03-20 04:25:33.283 13315-13772/com.reapex.sv I/MLASR_HaAdapter_MLKitAsr: handleMsg, taskId: 1616185473579381msg: 11
2021-03-20 04:25:33.283 13315-13772/com.reapex.sv E/MLASR_HaAdapter_MLKitAsr: mEventsToBeReported: has no response event isInfoGatherStart:falsemsg: 11
2021-03-20 04:25:33.315 13315-13767/com.reapex.sv D/ml-vadenergy: get -> tag = 65459225
2021-03-20 04:25:33.316 13315-13767/com.reapex.sv I/ml-vadenergy: Detect -> type = 1, energy = 2318.6
2021-03-20 04:25:33.316 13315-13767/com.reapex.sv D/Leo: onVoiceDataReceived-- energy =22318.627
2021-03-20 04:25:33.316 13315-13767/com.reapex.sv I/MLASR_AsrVadDetector: lowerEnergy = 43.01, energy = 43.49, diff = 0.01
2021-03-20 04:25:33.317 13315-13767/com.reapex.sv I/MLASR_AsrVadDetector: duration = 81, timingDuration = 700, lowerEnergy = 43.01
2021-03-20 04:25:33.355 13315-13767/com.reapex.sv D/ml-vadenergy: get -> tag = 65459225
2021-03-20 04:25:33.356 13315-13767/com.reapex.sv I/ml-vadenergy: Detect -> type = 2, energy = 1146922.5
2021-03-20 04:25:33.356 13315-13767/com.reapex.sv D/Leo: onVoiceDataReceived-- energy =1166922.5
2021-03-20 04:25:33.357 13315-13767/com.reapex.sv I/MLASR_AsrVadDetector: lowerEnergy = 43.01, energy = 60.67, diff = 0.41
2021-03-20 04:25:33.396 13315-13767/com.reapex.sv D/ml-vadenergy: get -> tag = 65459225
2021-03-20 04:25:33.396 13315-13767/com.reapex.sv I/ml-vadenergy: Detect -> type = 2, energy = 8471976.0
2021-03-20 04:25:33.397 13315-13767/com.reapex.sv D/Leo: onVoiceDataReceived-- energy =8491976.0
2021-03-20 04:25:33.397 13315-13767/com.reapex.sv I/MLASR_AsrVadDetector: lowerEnergy = 43.01, energy = 69.29, diff = 0.61
2021-03-20 04:25:33.441 13315-13767/com.reapex.sv D/ml-vadenergy: get -> tag = 65459225
2021-03-20 04:25:33.441 13315-13767/com.reapex.sv I/ml-vadenergy: Detect -> type = 2, energy = 14442366.0
2021-03-20 04:25:33.442 13315-13767/com.reapex.sv D/Leo: onVoiceDataReceived-- energy =1.4462366E7
2021-03-20 04:25:33.442 13315-13767/com.reapex.sv I/MLASR_AsrVadDetector: lowerEnergy = 43.01, energy = 71.60, diff = 0.66
2021-03-20 04:25:33.481 13315-13767/com.reapex.sv D/ml-vadenergy: get -> tag = 65459225
2021-03-20 04:25:33.482 13315-13767/com.reapex.sv I/ml-vadenergy: Detect -> type = 2, energy = 7684253.0
2021-03-20 04:25:33.482 13315-13767/com.reapex.sv D/Leo: onVoiceDataReceived-- energy =7704253.0
2021-03-20 04:25:33.483 13315-13772/com.reapex.sv I/MLASR_AsrProcessor: send data in thread, messageSeqNo: 283
2021-03-20 04:25:33.485 13315-13772/com.reapex.sv I/MLASR_HaAdapter_MLKitAsr: handleMsg, taskId: 1616185473579381msg: 5
2021-03-20 04:25:33.485 13315-13767/com.reapex.sv I/MLASR_AsrVadDetector: lowerEnergy = 43.01, energy = 68.87, diff = 0.60
2021-03-20 04:25:33.485 13315-13772/com.reapex.sv E/MLASR_HaAdapter_MLKitAsr: mEventsToBeReported: has no response event isInfoGatherStart:falsemsg: 5
2021-03-20 04:25:33.485 13315-13772/com.reapex.sv I/MLASR_HaAdapter_MLKitAsr: handleMsg, taskId: 1616185473579381msg: 6
2021-03-20 04:25:33.485 13315-13772/com.reapex.sv E/MLASR_HaAdapter_MLKitAsr: mEventsToBeReported: has no response event isInfoGatherStart:falsemsg: 6
2021-03-20 04:25:33.485 13315-13772/com.reapex.sv I/MLASR_HaAdapter_MLKitAsr: handleMsg, taskId: 1616185473579381msg: 11
2021-03-20 04:25:33.485 13315-13772/com.reapex.sv E/MLASR_HaAdapter_MLKitAsr: mEventsToBeReported: has no response event isInfoGatherStart:falsemsg: 11
2021-03-20 04:25:33.521 13315-13767/com.reapex.sv D/ml-vadenergy: get -> tag = 65459225
2021-03-20 04:25:33.522 13315-13767/com.reapex.sv I/ml-vadenergy: Detect -> type = 2, energy = 671492.4
2021-03-20 04:25:33.522 13315-13767/com.reapex.sv D/Leo: onVoiceDataReceived-- energy =691492.4
2021-03-20 04:25:33.523 13315-13767/com.reapex.sv I/MLASR_AsrVadDetector: lowerEnergy = 43.01, energy = 58.40, diff = 0.36
2021-03-20 04:25:33.561 13315-13767/com.reapex.sv D/ml-vadenergy: get -> tag = 65459225
2021-03-20 04:25:33.562 13315-13767/com.reapex.sv I/ml-vadenergy: Detect -> type = 2, energy = 27812.5
2021-03-20 04:25:33.562 13315-13767/com.reapex.sv D/Leo: onVoiceDataReceived-- energy =47812.54
2021-03-20 04:25:33.563 13315-13767/com.reapex.sv I/MLASR_AsrVadDetector: lowerEnergy = 43.01, energy = 46.80, diff = 0.09
2021-03-20 04:25:33.564 13315-13767/com.reapex.sv I/MLASR_AsrVadDetector: duration = 1, timingDuration = 700, lowerEnergy = 43.01
2021-03-20 04:25:33.595 13315-13767/com.reapex.sv D/ml-vadenergy: get -> tag = 65459225
2021-03-20 04:25:33.595 13315-13767/com.reapex.sv I/ml-vadenergy: Detect -> type = 2, energy = 417412.9
2021-03-20 04:25:33.595 13315-13767/com.reapex.sv D/Leo: onVoiceDataReceived-- energy =437412.94
2021-03-20 04:25:33.596 13315-13767/com.reapex.sv I/MLASR_AsrVadDetector: lowerEnergy = 43.01, energy = 56.41, diff = 0.31
2021-03-20 04:25:33.635 13315-13767/com.reapex.sv D/ml-vadenergy: get -> tag = 65459225
2021-03-20 04:25:33.636 13315-13767/com.reapex.sv I/ml-vadenergy: Detect -> type = 2, energy = 3590270.5
2021-03-20 04:25:33.636 13315-13767/com.reapex.sv D/Leo: onVoiceDataReceived-- energy =3610270.5
2021-03-20 04:25:33.636 13315-13767/com.reapex.sv I/MLASR_AsrVadDetector: lowerEnergy = 43.01, energy = 65.58, diff = 0.52
2021-03-20 04:25:33.663 13315-13768/com.reapex.sv D/WebSocketManager: onMessage: {"command":"DATA","result":{"isFinal":false,"isPartialFinal":false,"text":"12345671234567123456712345671234567 123456712345671234567 12345671234567123456712345676789十11 12 13 56781bcdeft我是正月标准定的中国第二第二我6788嗨嗨嗨嗨嗨嗨嗨还要333333335566666669999999777777777888888888888888888888888888888好好好好哦888888888我要说我要说三星三星三星索尼索尼索尼索尼三星三星a b c a b c d d d a b c d e f g h i j k l m a b c d e f g a b c d e f g说话说话说话说话哎呀"},"retCode":"0","retMsg":"Success"}
2021-03-20 04:25:33.664 13315-13768/com.reapex.sv I/MLASR_AsrProcessor: onMessage:
2021-03-20 04:25:33.672 13315-13315/com.reapex.sv D/Leo: OnResults
2021-03-20 04:25:33.673 13315-13315/com.reapex.sv D/Leo: onRecognizingResults is_sv Bundle[{results_recognizing=12345671234567123456712345671234567 123456712345671234567 12345671234567123456712345676789十11 12 13 56781bcdeft我是正月标准定的中国第二第二我6788嗨嗨嗨嗨嗨嗨嗨还要333333335566666669999999777777777888888888888888888888888888888好好好好哦888888888我要说我要说三星三星三星索尼索尼索尼索尼三星三星a b c a b c d d d a b c d e f g h i j k l m a b c d e f g a b c d e f g说话说话说话说话哎呀}]
2021-03-20 04:25:33.675 13315-13767/com.reapex.sv D/ml-vadenergy: get -> tag = 65459225
2021-03-20 04:25:33.676 13315-13767/com.reapex.sv I/ml-vadenergy: Detect -> type = 2, energy = 8315948.0
2021-03-20 04:25:33.676 13315-13767/com.reapex.sv D/Leo: onVoiceDataReceived-- energy =8335948.0
2021-03-20 04:25:33.677 13315-13767/com.reapex.sv I/MLASR_AsrVadDetector: lowerEnergy = 43.01, energy = 69.21, diff = 0.61
2021-03-20 04:25:33.678 13315-13772/com.reapex.sv I/MLASR_AsrProcessor: send data in thread, messageSeqNo: 284
2021-03-20 04:25:33.679 13315-13772/com.reapex.sv I/MLASR_HaAdapter_MLKitAsr: handleMsg, taskId: 1616185473579381msg: 5
2021-03-20 04:25:33.679 13315-13772/com.reapex.sv E/MLASR_HaAdapter_MLKitAsr: mEventsToBeReported: has no response event isInfoGatherStart:falsemsg: 5
2021-03-20 04:25:33.679 13315-13772/com.reapex.sv I/MLASR_HaAdapter_MLKitAsr: handleMsg, taskId: 1616185473579381msg: 6
2021-03-20 04:25:33.679 13315-13772/com.reapex.sv E/MLASR_HaAdapter_MLKitAsr: mEventsToBeReported: has no response event isInfoGatherStart:falsemsg: 6
2021-03-20 04:25:33.679 13315-13772/com.reapex.sv I/MLASR_HaAdapter_MLKitAsr: handleMsg, taskId: 1616185473579381msg: 11
2021-03-20 04:25:33.679 13315-13772/com.reapex.sv E/MLASR_HaAdapter_MLKitAsr: mEventsToBeReported: has no response event isInfoGatherStart:falsemsg: 11
2021-03-20 04:25:33.715 13315-13767/com.reapex.sv D/ml-vadenergy: get -> tag = 65459225
2021-03-20 04:25:33.716 13315-13767/com.reapex.sv I/ml-vadenergy: Detect -> type = 2, energy = 21896228.0
2021-03-20 04:25:33.716 13315-13767/com.reapex.sv D/Leo: onVoiceDataReceived-- energy =2.1916228E7
2021-03-20 04:25:33.717 13315-13767/com.reapex.sv I/MLASR_AsrVadDetector: lowerEnergy = 43.01, energy = 73.41, diff = 0.71
2021-03-20 04:25:33.755 13315-13767/com.reapex.sv D/ml-vadenergy: get -> tag = 65459225
2021-03-20 04:25:33.755 13315-13767/com.reapex.sv I/ml-vadenergy: Detect -> type = 2, energy = 12584566.0
2021-03-20 04:25:33.755 13315-13767/com.reapex.sv D/Leo: onVoiceDataReceived-- energy =1.2604566E7
2021-03-20 04:25:33.756 13315-13767/com.reapex.sv I/MLASR_AsrVadDetector: lowerEnergy = 43.01, energy = 71.01, diff = 0.65
2021-03-20 04:25:33.795 13315-13767/com.reapex.sv D/ml-vadenergy: get -> tag = 65459225
2021-03-20 04:25:33.795 13315-13767/com.reapex.sv I/ml-vadenergy: Detect -> type = 2, energy = 3078717.5
2021-03-20 04:25:33.795 13315-13767/com.reapex.sv D/Leo: onVoiceDataReceived-- energy =3098717.5
2021-03-20 04:25:33.796 13315-13767/com.reapex.sv I/MLASR_AsrVadDetector: lowerEnergy = 43.01, energy = 64.91, diff = 0.51
2021-03-20 04:25:33.839 13315-13767/com.reapex.sv D/ml-vadenergy: get -> tag = 65459225
2021-03-20 04:25:33.840 13315-13767/com.reapex.sv I/ml-vadenergy: Detect -> type = 2, energy = 295807.7
2021-03-20 04:25:33.840 13315-13767/com.reapex.sv D/Leo: onVoiceDataReceived-- energy =315807.7
2021-03-20 04:25:33.841 13315-13767/com.reapex.sv I/MLASR_AsrVadDetector: lowerEnergy = 43.01, energy = 54.99, diff = 0.28
2021-03-20 04:25:33.879 13315-13767/com.reapex.sv D/ml-vadenergy: get -> tag = 65459225
2021-03-20 04:25:33.879 13315-13767/com.reapex.sv I/ml-vadenergy: Detect -> type = 2, energy = 30140.7
2021-03-20 04:25:33.879 13315-13767/com.reapex.sv D/Leo: onVoiceDataReceived-- energy =50140.703
2021-03-20 04:25:33.880 13315-13767/com.reapex.sv I/MLASR_AsrVadDetector: lowerEnergy = 43.01, energy = 47.00, diff = 0.09
2021-03-20 04:25:33.881 13315-13767/com.reapex.sv I/MLASR_AsrVadDetector: duration = 1, timingDuration = 700, lowerEnergy = 43.01
2021-03-20 04:25:33.881 13315-13772/com.reapex.sv I/MLASR_AsrProcessor: send data in thread, messageSeqNo: 285
2021-03-20 04:25:33.882 13315-13772/com.reapex.sv I/MLASR_HaAdapter_MLKitAsr: handleMsg, taskId: 1616185473579381msg: 5
2021-03-20 04:25:33.883 13315-13772/com.reapex.sv E/MLASR_HaAdapter_MLKitAsr: mEventsToBeReported: has no response event isInfoGatherStart:falsemsg: 5
2021-03-20 04:25:33.883 13315-13772/com.reapex.sv I/MLASR_HaAdapter_MLKitAsr: handleMsg, taskId: 1616185473579381msg: 6
2021-03-20 04:25:33.883 13315-13772/com.reapex.sv E/MLASR_HaAdapter_MLKitAsr: mEventsToBeReported: has no response event isInfoGatherStart:falsemsg: 6
2021-03-20 04:25:33.883 13315-13772/com.reapex.sv I/MLASR_HaAdapter_MLKitAsr: handleMsg, taskId: 1616185473579381msg: 11
2021-03-20 04:25:33.883 13315-13772/com.reapex.sv E/MLASR_HaAdapter_MLKitAsr: mEventsToBeReported: has no response event isInfoGatherStart:falsemsg: 11
2021-03-20 04:25:33.921 13315-13767/com.reapex.sv D/ml-vadenergy: get -> tag = 65459225
2021-03-20 04:25:33.922 13315-13767/com.reapex.sv I/ml-vadenergy: Detect -> type = 1, energy = 5012.6
2021-03-20 04:25:33.922 13315-13767/com.reapex.sv D/Leo: onVoiceDataReceived-- energy =25012.59
2021-03-20 04:25:33.923 13315-13767/com.reapex.sv I/MLASR_AsrVadDetector: lowerEnergy = 43.01, energy = 43.98, diff = 0.02
2021-03-20 04:25:33.924 13315-13767/com.reapex.sv I/MLASR_AsrVadDetector: duration = 44, timingDuration = 700, lowerEnergy = 43.01
2021-03-20 04:25:33.933 13315-13768/com.reapex.sv D/WebSocketManager: onMessage: {"command":"DATA","result":{"isFinal":false,"isPartialFinal":false,"text":"12345671234567123456712345671234567 123456712345671234567 12345671234567123456712345676789十11 12 13 56781bcdeft我是正月标准定的中国第二第二我6788嗨嗨嗨嗨嗨嗨嗨还要333333335566666669999999777777777888888888888888888888888888888好好好好哦888888888我要说我要说三星三星三星索尼索尼索尼索尼三星三星a b c a b c d d d a b c d e f g h i j k l m a b c d e f g a b c d e f g说话说话说话说话ai ei"},"retCode":"0","retMsg":"Success"}
2021-03-20 04:25:33.933 13315-13768/com.reapex.sv I/MLASR_AsrProcessor: onMessage:
2021-03-20 04:25:33.943 13315-13315/com.reapex.sv D/Leo: OnResults
