2021-03-20 04:25:22.916 13315-13767/com.reapex.sv D/Leo: onVoiceDataReceived-- energy =2637682.5
2021-03-20 04:25:22.916 13315-13767/com.reapex.sv I/MLASR_AsrVadDetector: lowerEnergy = 43.01, energy = 64.21, diff = 0.49
2021-03-20 04:25:22.961 13315-13767/com.reapex.sv D/ml-vadenergy: get -> tag = 65459225
2021-03-20 04:25:22.961 13315-13767/com.reapex.sv I/ml-vadenergy: Detect -> type = 2, energy = 282573.6
2021-03-20 04:25:22.962 13315-13767/com.reapex.sv D/Leo: onVoiceDataReceived-- energy =302573.62
2021-03-20 04:25:22.962 13315-13767/com.reapex.sv I/MLASR_AsrVadDetector: lowerEnergy = 43.01, energy = 54.81, diff = 0.27
2021-03-20 04:25:22.998 13315-13767/com.reapex.sv D/ml-vadenergy: get -> tag = 65459225
2021-03-20 04:25:22.998 13315-13767/com.reapex.sv I/ml-vadenergy: Detect -> type = 2, energy = 123360.0
2021-03-20 04:25:22.999 13315-13767/com.reapex.sv D/Leo: onVoiceDataReceived-- energy =143359.97
2021-03-20 04:25:23.000 13315-13767/com.reapex.sv I/MLASR_AsrVadDetector: lowerEnergy = 43.01, energy = 51.56, diff = 0.20
2021-03-20 04:25:23.041 13315-13767/com.reapex.sv D/ml-vadenergy: get -> tag = 65459225
2021-03-20 04:25:23.042 13315-13767/com.reapex.sv I/ml-vadenergy: Detect -> type = 2, energy = 6106411.0
2021-03-20 04:25:23.042 13315-13767/com.reapex.sv D/Leo: onVoiceDataReceived-- energy =6126411.0
2021-03-20 04:25:23.043 13315-13767/com.reapex.sv I/MLASR_AsrVadDetector: lowerEnergy = 43.01, energy = 67.87, diff = 0.58
2021-03-20 04:25:23.076 13315-13767/com.reapex.sv D/ml-vadenergy: get -> tag = 65459225
2021-03-20 04:25:23.076 13315-13767/com.reapex.sv I/ml-vadenergy: Detect -> type = 2, energy = 18578296.0
2021-03-20 04:25:23.077 13315-13768/com.reapex.sv D/WebSocketManager: onMessage: {"command":"DATA","result":{"isFinal":false,"isPartialFinal":false,"text":"12345671234567123456712345671234567 123456712345671234567 12345671234567123456712345676789十11 12 13 56781bcdeft我是正月标准定的中国第二第二我6788嗨嗨嗨嗨嗨嗨嗨还要333333335566666669999999777777777888888888888888888888888888888好好好好哦888888888我要说我要说三星三星三星索尼索尼索尼索尼三星三星"},"retCode":"0","retMsg":"Success"}
2021-03-20 04:25:23.077 13315-13767/com.reapex.sv D/Leo: onVoiceDataReceived-- energy =1.8598296E7
2021-03-20 04:25:23.077 13315-13768/com.reapex.sv I/MLASR_AsrProcessor: onMessage:
2021-03-20 04:25:23.077 13315-13767/com.reapex.sv I/MLASR_AsrVadDetector: lowerEnergy = 43.01, energy = 72.69, diff = 0.69
2021-03-20 04:25:23.079 13315-13772/com.reapex.sv I/MLASR_AsrProcessor: send data in thread, messageSeqNo: 231
2021-03-20 04:25:23.080 13315-13772/com.reapex.sv I/MLASR_HaAdapter_MLKitAsr: handleMsg, taskId: 1616185473579381msg: 5
2021-03-20 04:25:23.080 13315-13772/com.reapex.sv E/MLASR_HaAdapter_MLKitAsr: mEventsToBeReported: has no response event isInfoGatherStart:falsemsg: 5
2021-03-20 04:25:23.080 13315-13772/com.reapex.sv I/MLASR_HaAdapter_MLKitAsr: handleMsg, taskId: 1616185473579381msg: 6
2021-03-20 04:25:23.080 13315-13772/com.reapex.sv E/MLASR_HaAdapter_MLKitAsr: mEventsToBeReported: has no response event isInfoGatherStart:falsemsg: 6
2021-03-20 04:25:23.081 13315-13772/com.reapex.sv I/MLASR_HaAdapter_MLKitAsr: handleMsg, taskId: 1616185473579381msg: 11
2021-03-20 04:25:23.081 13315-13772/com.reapex.sv E/MLASR_HaAdapter_MLKitAsr: mEventsToBeReported: has no response event isInfoGatherStart:falsemsg: 11
2021-03-20 04:25:23.084 13315-13315/com.reapex.sv D/Leo: OnResults
2021-03-20 04:25:23.084 13315-13315/com.reapex.sv D/Leo: onRecognizingResults is_sv Bundle[{results_recognizing=12345671234567123456712345671234567 123456712345671234567 12345671234567123456712345676789十11 12 13 56781bcdeft我是正月标准定的中国第二第二我6788嗨嗨嗨嗨嗨嗨嗨还要333333335566666669999999777777777888888888888888888888888888888好好好好哦888888888我要说我要说三星三星三星索尼索尼索尼索尼三星三星}]
2021-03-20 04:25:23.116 13315-13767/com.reapex.sv D/ml-vadenergy: get -> tag = 65459225
2021-03-20 04:25:23.116 13315-13767/com.reapex.sv I/ml-vadenergy: Detect -> type = 2, energy = 13331715.0
2021-03-20 04:25:23.117 13315-13767/com.reapex.sv D/Leo: onVoiceDataReceived-- energy =1.3351715E7
2021-03-20 04:25:23.118 13315-13767/com.reapex.sv I/MLASR_AsrVadDetector: lowerEnergy = 43.01, energy = 71.26, diff = 0.66
2021-03-20 04:25:23.155 13315-13767/com.reapex.sv D/ml-vadenergy: get -> tag = 65459225
2021-03-20 04:25:23.156 13315-13767/com.reapex.sv I/ml-vadenergy: Detect -> type = 2, energy = 8533651.0
2021-03-20 04:25:23.156 13315-13767/com.reapex.sv D/Leo: onVoiceDataReceived-- energy =8553651.0
2021-03-20 04:25:23.157 13315-13767/com.reapex.sv I/MLASR_AsrVadDetector: lowerEnergy = 43.01, energy = 69.32, diff = 0.61
2021-03-20 04:25:23.195 13315-13767/com.reapex.sv D/ml-vadenergy: get -> tag = 65459225
2021-03-20 04:25:23.196 13315-13767/com.reapex.sv I/ml-vadenergy: Detect -> type = 2, energy = 3628282.8
2021-03-20 04:25:23.196 13315-13767/com.reapex.sv D/Leo: onVoiceDataReceived-- energy =3648282.8
2021-03-20 04:25:23.197 13315-13767/com.reapex.sv I/MLASR_AsrVadDetector: lowerEnergy = 43.01, energy = 65.62, diff = 0.53
2021-03-20 04:25:23.235 13315-13767/com.reapex.sv D/ml-vadenergy: get -> tag = 65459225
2021-03-20 04:25:23.236 13315-13767/com.reapex.sv I/ml-vadenergy: Detect -> type = 2, energy = 496302.6
2021-03-20 04:25:23.236 13315-13767/com.reapex.sv D/Leo: onVoiceDataReceived-- energy =516302.56
2021-03-20 04:25:23.236 13315-13767/com.reapex.sv I/MLASR_AsrVadDetector: lowerEnergy = 43.01, energy = 57.13, diff = 0.33
2021-03-20 04:25:23.281 13315-13767/com.reapex.sv D/ml-vadenergy: get -> tag = 65459225
2021-03-20 04:25:23.282 13315-13767/com.reapex.sv I/ml-vadenergy: Detect -> type = 2, energy = 305812.6
2021-03-20 04:25:23.283 13315-13767/com.reapex.sv D/Leo: onVoiceDataReceived-- energy =325812.56
2021-03-20 04:25:23.284 13315-13772/com.reapex.sv I/MLASR_AsrProcessor: send data in thread, messageSeqNo: 232
2021-03-20 04:25:23.285 13315-13772/com.reapex.sv I/MLASR_HaAdapter_MLKitAsr: handleMsg, taskId: 1616185473579381msg: 5
2021-03-20 04:25:23.285 13315-13767/com.reapex.sv I/MLASR_AsrVadDetector: lowerEnergy = 43.01, energy = 55.13, diff = 0.28
2021-03-20 04:25:23.285 13315-13772/com.reapex.sv E/MLASR_HaAdapter_MLKitAsr: mEventsToBeReported: has no response event isInfoGatherStart:falsemsg: 5
2021-03-20 04:25:23.286 13315-13772/com.reapex.sv I/MLASR_HaAdapter_MLKitAsr: handleMsg, taskId: 1616185473579381msg: 6
2021-03-20 04:25:23.286 13315-13772/com.reapex.sv E/MLASR_HaAdapter_MLKitAsr: mEventsToBeReported: has no response event isInfoGatherStart:falsemsg: 6
2021-03-20 04:25:23.286 13315-13772/com.reapex.sv I/MLASR_HaAdapter_MLKitAsr: handleMsg, taskId: 1616185473579381msg: 11
2021-03-20 04:25:23.286 13315-13772/com.reapex.sv E/MLASR_HaAdapter_MLKitAsr: mEventsToBeReported: has no response event isInfoGatherStart:falsemsg: 11
2021-03-20 04:25:23.315 13315-13767/com.reapex.sv D/ml-vadenergy: get -> tag = 65459225
2021-03-20 04:25:23.316 13315-13767/com.reapex.sv I/ml-vadenergy: Detect -> type = 2, energy = 72364.8
2021-03-20 04:25:23.316 13315-13767/com.reapex.sv D/Leo: onVoiceDataReceived-- energy =92364.77
2021-03-20 04:25:23.317 13315-13767/com.reapex.sv I/MLASR_AsrVadDetector: lowerEnergy = 43.01, energy = 49.66, diff = 0.15
2021-03-20 04:25:23.332 13315-13768/com.reapex.sv D/WebSocketManager: onMessage: {"command":"DATA","result":{"isFinal":false,"isPartialFinal":false,"text":"12345671234567123456712345671234567 123456712345671234567 12345671234567123456712345676789十11 12 13 56781bcdeft我是正月标准定的中国第二第二我6788嗨嗨嗨嗨嗨嗨嗨还要333333335566666669999999777777777888888888888888888888888888888好好好好哦888888888我要说我要说三星三星三星索尼索尼索尼索尼三星三星a"},"retCode":"0","retMsg":"Success"}
2021-03-20 04:25:23.332 13315-13768/com.reapex.sv I/MLASR_AsrProcessor: onMessage:
2021-03-20 04:25:23.340 13315-13315/com.reapex.sv D/Leo: OnResults
2021-03-20 04:25:23.340 13315-13315/com.reapex.sv D/Leo: onRecognizingResults is_sv Bundle[{results_recognizing=12345671234567123456712345671234567 123456712345671234567 12345671234567123456712345676789十11 12 13 56781bcdeft我是正月标准定的中国第二第二我6788嗨嗨嗨嗨嗨嗨嗨还要333333335566666669999999777777777888888888888888888888888888888好好好好哦888888888我要说我要说三星三星三星索尼索尼索尼索尼三星三星a}]
2021-03-20 04:25:23.356 13315-13767/com.reapex.sv D/ml-vadenergy: get -> tag = 65459225
2021-03-20 04:25:23.356 13315-13767/com.reapex.sv I/ml-vadenergy: Detect -> type = 2, energy = 379631.8
2021-03-20 04:25:23.356 13315-13767/com.reapex.sv D/Leo: onVoiceDataReceived-- energy =399631.78
2021-03-20 04:25:23.357 13315-13767/com.reapex.sv I/MLASR_AsrVadDetector: lowerEnergy = 43.01, energy = 56.02, diff = 0.30
2021-03-20 04:25:23.395 13315-13767/com.reapex.sv D/ml-vadenergy: get -> tag = 65459225
2021-03-20 04:25:23.396 13315-13767/com.reapex.sv I/ml-vadenergy: Detect -> type = 2, energy = 2378784.0
2021-03-20 04:25:23.396 13315-13767/com.reapex.sv D/Leo: onVoiceDataReceived-- energy =2398784.0
2021-03-20 04:25:23.397 13315-13767/com.reapex.sv I/MLASR_AsrVadDetector: lowerEnergy = 43.01, energy = 63.80, diff = 0.48
2021-03-20 04:25:23.435 13315-13767/com.reapex.sv D/ml-vadenergy: get -> tag = 65459225
2021-03-20 04:25:23.435 13315-13767/com.reapex.sv I/ml-vadenergy: Detect -> type = 2, energy = 11850888.0
2021-03-20 04:25:23.435 13315-13767/com.reapex.sv D/Leo: onVoiceDataReceived-- energy =1.1870888E7
2021-03-20 04:25:23.436 13315-13767/com.reapex.sv I/MLASR_AsrVadDetector: lowerEnergy = 43.01, energy = 70.74, diff = 0.64
2021-03-20 04:25:23.481 13315-13767/com.reapex.sv D/ml-vadenergy: get -> tag = 65459225
2021-03-20 04:25:23.482 13315-13767/com.reapex.sv I/ml-vadenergy: Detect -> type = 2, energy = 10747471.0
2021-03-20 04:25:23.482 13315-13767/com.reapex.sv D/Leo: onVoiceDataReceived-- energy =1.0767471E7
2021-03-20 04:25:23.484 13315-13772/com.reapex.sv I/MLASR_AsrProcessor: send data in thread, messageSeqNo: 233
2021-03-20 04:25:23.485 13315-13767/com.reapex.sv I/MLASR_AsrVadDetector: lowerEnergy = 43.01, energy = 70.32, diff = 0.63
2021-03-20 04:25:23.485 13315-13772/com.reapex.sv I/MLASR_HaAdapter_MLKitAsr: handleMsg, taskId: 1616185473579381msg: 5
2021-03-20 04:25:23.485 13315-13772/com.reapex.sv E/MLASR_HaAdapter_MLKitAsr: mEventsToBeReported: has no response event isInfoGatherStart:falsemsg: 5
2021-03-20 04:25:23.485 13315-13772/com.reapex.sv I/MLASR_HaAdapter_MLKitAsr: handleMsg, taskId: 1616185473579381msg: 6
2021-03-20 04:25:23.485 13315-13772/com.reapex.sv E/MLASR_HaAdapter_MLKitAsr: mEventsToBeReported: has no response event isInfoGatherStart:falsemsg: 6
2021-03-20 04:25:23.486 13315-13772/com.reapex.sv I/MLASR_HaAdapter_MLKitAsr: handleMsg, taskId: 1616185473579381msg: 11
2021-03-20 04:25:23.486 13315-13772/com.reapex.sv E/MLASR_HaAdapter_MLKitAsr: mEventsToBeReported: has no response event isInfoGatherStart:falsemsg: 11
2021-03-20 04:25:23.521 13315-13767/com.reapex.sv D/ml-vadenergy: get -> tag = 65459225
2021-03-20 04:25:23.521 13315-13767/com.reapex.sv I/ml-vadenergy: Detect -> type = 2, energy = 1152365.4
2021-03-20 04:25:23.522 13315-13767/com.reapex.sv D/Leo: onVoiceDataReceived-- energy =1172365.4
2021-03-20 04:25:23.523 13315-13767/com.reapex.sv I/MLASR_AsrVadDetector: lowerEnergy = 43.01, energy = 60.69, diff = 0.41
2021-03-20 04:25:23.557 13315-13767/com.reapex.sv D/ml-vadenergy: get -> tag = 65459225
2021-03-20 04:25:23.558 13315-13767/com.reapex.sv I/ml-vadenergy: Detect -> type = 2, energy = 5558170.0
2021-03-20 04:25:23.558 13315-13767/com.reapex.sv D/Leo: onVoiceDataReceived-- energy =5578170.0
2021-03-20 04:25:23.559 13315-13767/com.reapex.sv I/MLASR_AsrVadDetector: lowerEnergy = 43.01, energy = 67.46, diff = 0.57
2021-03-20 04:25:23.595 13315-13767/com.reapex.sv D/ml-vadenergy: get -> tag = 65459225
2021-03-20 04:25:23.595 13315-13767/com.reapex.sv I/ml-vadenergy: Detect -> type = 2, energy = 10161083.0
2021-03-20 04:25:23.596 13315-13767/com.reapex.sv D/Leo: onVoiceDataReceived-- energy =1.0181083E7
2021-03-20 04:25:23.596 13315-13767/com.reapex.sv I/MLASR_AsrVadDetector: lowerEnergy = 43.01, energy = 70.08, diff = 0.63
2021-03-20 04:25:23.639 13315-13767/com.reapex.sv D/ml-vadenergy: get -> tag = 65459225
2021-03-20 04:25:23.640 13315-13767/com.reapex.sv I/ml-vadenergy: Detect -> type = 2, energy = 5319967.0
2021-03-20 04:25:23.640 13315-13767/com.reapex.sv D/Leo: onVoiceDataReceived-- energy =5339967.0
2021-03-20 04:25:23.641 13315-13767/com.reapex.sv I/MLASR_AsrVadDetector: lowerEnergy = 43.01, energy = 67.28, diff = 0.56
2021-03-20 04:25:23.676 13315-13767/com.reapex.sv D/ml-vadenergy: get -> tag = 65459225
2021-03-20 04:25:23.676 13315-13767/com.reapex.sv I/ml-vadenergy: Detect -> type = 2, energy = 419386.4
2021-03-20 04:25:23.676 13315-13767/com.reapex.sv D/Leo: onVoiceDataReceived-- energy =439386.44
2021-03-20 04:25:23.677 13315-13767/com.reapex.sv I/MLASR_AsrVadDetector: lowerEnergy = 43.01, energy = 56.43, diff = 0.31
2021-03-20 04:25:23.678 13315-13772/com.reapex.sv I/MLASR_AsrProcessor: send data in thread, messageSeqNo: 234
2021-03-20 04:25:23.679 13315-13772/com.reapex.sv I/MLASR_HaAdapter_MLKitAsr: handleMsg, taskId: 1616185473579381msg: 5
2021-03-20 04:25:23.679 13315-13772/com.reapex.sv E/MLASR_HaAdapter_MLKitAsr: mEventsToBeReported: has no response event isInfoGatherStart:falsemsg: 5
2021-03-20 04:25:23.679 13315-13772/com.reapex.sv I/MLASR_HaAdapter_MLKitAsr: handleMsg, taskId: 1616185473579381msg: 6
2021-03-20 04:25:23.679 13315-13772/com.reapex.sv E/MLASR_HaAdapter_MLKitAsr: mEventsToBeReported: has no response event isInfoGatherStart:falsemsg: 6
2021-03-20 04:25:23.679 13315-13772/com.reapex.sv I/MLASR_HaAdapter_MLKitAsr: handleMsg, taskId: 1616185473579381msg: 11
2021-03-20 04:25:23.679 13315-13772/com.reapex.sv E/MLASR_HaAdapter_MLKitAsr: mEventsToBeReported: has no response event isInfoGatherStart:falsemsg: 11
2021-03-20 04:25:23.709 13315-13768/com.reapex.sv D/WebSocketManager: onMessage: {"command":"DATA","result":{"isFinal":false,"isPartialFinal":false,"text":"12345671234567123456712345671234567 123456712345671234567 12345671234567123456712345676789十11 12 13 56781bcdeft我是正月标准定的中国第二第二我6788嗨嗨嗨嗨嗨嗨嗨还要333333335566666669999999777777777888888888888888888888888888888好好好好哦888888888我要说我要说三星三星三星索尼索尼索尼索尼三星三星a b c"},"retCode":"0","retMsg":"Success"}
2021-03-20 04:25:23.709 13315-13768/com.reapex.sv I/MLASR_AsrProcessor: onMessage:
2021-03-20 04:25:23.715 13315-13767/com.reapex.sv D/ml-vadenergy: get -> tag = 65459225
2021-03-20 04:25:23.715 13315-13767/com.reapex.sv I/ml-vadenergy: Detect -> type = 2, energy = 88267.0
2021-03-20 04:25:23.715 13315-13767/com.reapex.sv D/Leo: onVoiceDataReceived-- energy =108267.0
2021-03-20 04:25:23.716 13315-13315/com.reapex.sv D/Leo: OnResults
2021-03-20 04:25:23.716 13315-13315/com.reapex.sv D/Leo: onRecognizingResults is_sv Bundle[{results_recognizing=12345671234567123456712345671234567 123456712345671234567 12345671234567123456712345676789十11 12 13 56781bcdeft我是正月标准定的中国第二第二我6788嗨嗨嗨嗨嗨嗨嗨还要333333335566666669999999777777777888888888888888888888888888888好好好好哦888888888我要说我要说三星三星三星索尼索尼索尼索尼三星三星a b c}]
2021-03-20 04:25:23.716 13315-13767/com.reapex.sv I/MLASR_AsrVadDetector: lowerEnergy = 43.01, energy = 50.34, diff = 0.17
2021-03-20 04:25:23.755 13315-13767/com.reapex.sv D/ml-vadenergy: get -> tag = 65459225
2021-03-20 04:25:23.755 13315-13767/com.reapex.sv I/ml-vadenergy: Detect -> type = 2, energy = 6856339.0
2021-03-20 04:25:23.756 13315-13767/com.reapex.sv D/Leo: onVoiceDataReceived-- energy =6876339.0
2021-03-20 04:25:23.756 13315-13767/com.reapex.sv I/MLASR_AsrVadDetector: lowerEnergy = 43.01, energy = 68.37, diff = 0.59
2021-03-20 04:25:23.795 13315-13767/com.reapex.sv D/ml-vadenergy: get -> tag = 65459225
2021-03-20 04:25:23.795 13315-13767/com.reapex.sv I/ml-vadenergy: Detect -> type = 2, energy = 9309977.0
2021-03-20 04:25:23.796 13315-13767/com.reapex.sv D/Leo: onVoiceDataReceived-- energy =9329977.0
2021-03-20 04:25:23.796 13315-13767/com.reapex.sv I/MLASR_AsrVadDetector: lowerEnergy = 43.01, energy = 69.70, diff = 0.62
2021-03-20 04:25:23.835 13315-13767/com.reapex.sv D/ml-vadenergy: get -> tag = 65459225
2021-03-20 04:25:23.835 13315-13767/com.reapex.sv I/ml-vadenergy: Detect -> type = 2, energy = 6235824.0
2021-03-20 04:25:23.835 13315-13767/com.reapex.sv D/Leo: onVoiceDataReceived-- energy =6255824.0
2021-03-20 04:25:23.836 13315-13767/com.reapex.sv I/MLASR_AsrVadDetector: lowerEnergy = 43.01, energy = 67.96, diff = 0.58
2021-03-20 04:25:23.880 13315-13767/com.reapex.sv D/ml-vadenergy: get -> tag = 65459225
2021-03-20 04:25:23.880 13315-13767/com.reapex.sv I/ml-vadenergy: Detect -> type = 2, energy = 4970506.5
2021-03-20 04:25:23.881 13315-13767/com.reapex.sv D/Leo: onVoiceDataReceived-- energy =4990506.5
2021-03-20 04:25:23.882 13315-13772/com.reapex.sv I/MLASR_AsrProcessor: send data in thread, messageSeqNo: 235
2021-03-20 04:25:23.883 13315-13767/com.reapex.sv I/MLASR_AsrVadDetector: lowerEnergy = 43.01, energy = 66.98, diff = 0.56
2021-03-20 04:25:23.883 13315-13772/com.reapex.sv I/MLASR_HaAdapter_MLKitAsr: handleMsg, taskId: 1616185473579381msg: 5
2021-03-20 04:25:23.884 13315-13772/com.reapex.sv E/MLASR_HaAdapter_MLKitAsr: mEventsToBeReported: has no response event isInfoGatherStart:falsemsg: 5
2021-03-20 04:25:23.884 13315-13772/com.reapex.sv I/MLASR_HaAdapter_MLKitAsr: handleMsg, taskId: 1616185473579381msg: 6
2021-03-20 04:25:23.884 13315-13772/com.reapex.sv E/MLASR_HaAdapter_MLKitAsr: mEventsToBeReported: has no response event isInfoGatherStart:falsemsg: 6
2021-03-20 04:25:23.884 13315-13772/com.reapex.sv I/MLASR_HaAdapter_MLKitAsr: handleMsg, taskId: 1616185473579381msg: 11
2021-03-20 04:25:23.884 13315-13772/com.reapex.sv E/MLASR_HaAdapter_MLKitAsr: mEventsToBeReported: has no response event isInfoGatherStart:falsemsg: 11
2021-03-20 04:25:23.915 13315-13767/com.reapex.sv D/ml-vadenergy: get -> tag = 65459225
2021-03-20 04:25:23.916 13315-13767/com.reapex.sv I/ml-vadenergy: Detect -> type = 2, energy = 435664.9
2021-03-20 04:25:23.916 13315-13767/com.reapex.sv D/Leo: onVoiceDataReceived-- energy =455664.94
2021-03-20 04:25:23.917 13315-13767/com.reapex.sv I/MLASR_AsrVadDetector: lowerEnergy = 43.01, energy = 56.59, diff = 0.32
2021-03-20 04:25:23.958 13315-13767/com.reapex.sv D/ml-vadenergy: get -> tag = 65459225
2021-03-20 04:25:23.959 13315-13767/com.reapex.sv I/ml-vadenergy: Detect -> type = 2, energy = 31117.4
2021-03-20 04:25:23.959 13315-13767/com.reapex.sv D/Leo: onVoiceDataReceived-- energy =51117.43
2021-03-20 04:25:23.960 13315-13767/com.reapex.sv I/MLASR_AsrVadDetector: lowerEnergy = 43.01, energy = 47.09, diff = 0.09
2021-03-20 04:25:23.961 13315-13767/com.reapex.sv I/MLASR_AsrVadDetector: duration = 1, timingDuration = 700, lowerEnergy = 43.01
2021-03-20 04:25:23.997 13315-13767/com.reapex.sv D/ml-vadenergy: get -> tag = 65459225
2021-03-20 04:25:23.998 13315-13767/com.reapex.sv I/ml-vadenergy: Detect -> type = 2, energy = 690150.9
2021-03-20 04:25:23.998 13315-13767/com.reapex.sv D/Leo: onVoiceDataReceived-- energy =710150.9
2021-03-20 04:25:23.999 13315-13767/com.reapex.sv I/MLASR_AsrVadDetector: lowerEnergy = 43.01, energy = 58.51, diff = 0.36
2021-03-20 04:25:24.041 13315-13767/com.reapex.sv D/ml-vadenergy: get -> tag = 65459225
2021-03-20 04:25:24.042 13315-13767/com.reapex.sv I/ml-vadenergy: Detect -> type = 2, energy = 5983189.0
2021-03-20 04:25:24.042 13315-13767/com.reapex.sv D/Leo: onVoiceDataReceived-- energy =6003189.0
2021-03-20 04:25:24.043 13315-13767/com.reapex.sv I/MLASR_AsrVadDetector: lowerEnergy = 43.01, energy = 67.78, diff = 0.58
2021-03-20 04:25:24.079 13315-13767/com.reapex.sv D/ml-vadenergy: get -> tag = 65459225
2021-03-20 04:25:24.080 13315-13767/com.reapex.sv I/ml-vadenergy: Detect -> type = 2, energy = 2890114.8
2021-03-20 04:25:24.080 13315-13767/com.reapex.sv D/Leo: onVoiceDataReceived-- energy =2910114.8
2021-03-20 04:25:24.081 13315-13767/com.reapex.sv I/MLASR_AsrVadDetector: lowerEnergy = 43.01, energy = 64.64, diff = 0.50
2021-03-20 04:25:24.082 13315-13772/com.reapex.sv I/MLASR_AsrProcessor: send data in thread, messageSeqNo: 236
2021-03-20 04:25:24.083 13315-13772/com.reapex.sv I/MLASR_HaAdapter_MLKitAsr: handleMsg, taskId: 1616185473579381msg: 5
2021-03-20 04:25:24.083 13315-13772/com.reapex.sv E/MLASR_HaAdapter_MLKitAsr: mEventsToBeReported: has no response event isInfoGatherStart:falsemsg: 5
2021-03-20 04:25:24.083 13315-13772/com.reapex.sv I/MLASR_HaAdapter_MLKitAsr: handleMsg, taskId: 1616185473579381msg: 6
2021-03-20 04:25:24.083 13315-13772/com.reapex.sv E/MLASR_HaAdapter_MLKitAsr: mEventsToBeReported: has no response event isInfoGatherStart:falsemsg: 6
2021-03-20 04:25:24.083 13315-13772/com.reapex.sv I/MLASR_HaAdapter_MLKitAsr: handleMsg, taskId: 1616185473579381msg: 11
2021-03-20 04:25:24.083 13315-13772/com.reapex.sv E/MLASR_HaAdapter_MLKitAsr: mEventsToBeReported: has no response event isInfoGatherStart:falsemsg: 11
2021-03-20 04:25:24.120 13315-13767/com.reapex.sv D/ml-vadenergy: get -> tag = 65459225
2021-03-20 04:25:24.121 13315-13767/com.reapex.sv I/ml-vadenergy: Detect -> type = 2, energy = 225284.2
2021-03-20 04:25:24.121 13315-13767/com.reapex.sv D/Leo: onVoiceDataReceived-- energy =245284.17
2021-03-20 04:25:24.122 13315-13767/com.reapex.sv I/MLASR_AsrVadDetector: lowerEnergy = 43.01, energy = 53.90, diff = 0.25
2021-03-20 04:25:24.160 13315-13767/com.reapex.sv D/ml-vadenergy: get -> tag = 65459225
2021-03-20 04:25:24.161 13315-13767/com.reapex.sv I/ml-vadenergy: Detect -> type = 2, energy = 2469254.5
2021-03-20 04:25:24.162 13315-13767/com.reapex.sv D/Leo: onVoiceDataReceived-- energy =2489254.5
2021-03-20 04:25:24.163 13315-13767/com.reapex.sv I/MLASR_AsrVadDetector: lowerEnergy = 43.01, energy = 63.96, diff = 0.49
2021-03-20 04:25:24.195 13315-13767/com.reapex.sv D/ml-vadenergy: get -> tag = 65459225
2021-03-20 04:25:24.196 13315-13767/com.reapex.sv I/ml-vadenergy: Detect -> type = 2, energy = 14311109.0
2021-03-20 04:25:24.196 13315-13767/com.reapex.sv D/Leo: onVoiceDataReceived-- energy =1.4331109E7
2021-03-20 04:25:24.196 13315-13767/com.reapex.sv I/MLASR_AsrVadDetector: lowerEnergy = 43.01, energy = 71.56, diff = 0.66
2021-03-20 04:25:24.240 13315-13767/com.reapex.sv D/ml-vadenergy: get -> tag = 65459225
2021-03-20 04:25:24.240 13315-13767/com.reapex.sv I/ml-vadenergy: Detect -> type = 2, energy = 12290106.0
2021-03-20 04:25:24.241 13315-13767/com.reapex.sv D/Leo: onVoiceDataReceived-- energy =1.2310106E7
2021-03-20 04:25:24.241 13315-13767/com.reapex.sv I/MLASR_AsrVadDetector: lowerEnergy = 43.01, energy = 70.90, diff = 0.65
2021-03-20 04:25:24.281 13315-13767/com.reapex.sv D/ml-vadenergy: get -> tag = 65459225
2021-03-20 04:25:24.281 13315-13767/com.reapex.sv I/ml-vadenergy: Detect -> type = 2, energy = 2000085.4
2021-03-20 04:25:24.282 13315-13767/com.reapex.sv D/Leo: onVoiceDataReceived-- energy =2020085.4
2021-03-20 04:25:24.283 13315-13772/com.reapex.sv I/MLASR_AsrProcessor: send data in thread, messageSeqNo: 237
2021-03-20 04:25:24.284 13315-13772/com.reapex.sv I/MLASR_HaAdapter_MLKitAsr: handleMsg, taskId: 1616185473579381msg: 5
2021-03-20 04:25:24.284 13315-13767/com.reapex.sv I/MLASR_AsrVadDetector: lowerEnergy = 43.01, energy = 63.05, diff = 0.47
2021-03-20 04:25:24.284 13315-13772/com.reapex.sv E/MLASR_HaAdapter_MLKitAsr: mEventsToBeReported: has no response event isInfoGatherStart:falsemsg: 5
2021-03-20 04:25:24.285 13315-13772/com.reapex.sv I/MLASR_HaAdapter_MLKitAsr: handleMsg, taskId: 1616185473579381msg: 6
2021-03-20 04:25:24.285 13315-13772/com.reapex.sv E/MLASR_HaAdapter_MLKitAsr: mEventsToBeReported: has no response event isInfoGatherStart:falsemsg: 6
2021-03-20 04:25:24.285 13315-13772/com.reapex.sv I/MLASR_HaAdapter_MLKitAsr: handleMsg, taskId: 1616185473579381msg: 11
2021-03-20 04:25:24.285 13315-13772/com.reapex.sv E/MLASR_HaAdapter_MLKitAsr: mEventsToBeReported: has no response event isInfoGatherStart:falsemsg: 11
2021-03-20 04:25:24.321 13315-13767/com.reapex.sv D/ml-vadenergy: get -> tag = 65459225
2021-03-20 04:25:24.321 13315-13767/com.reapex.sv I/ml-vadenergy: Detect -> type = 2, energy = 71503.5
2021-03-20 04:25:24.322 13315-13767/com.reapex.sv D/Leo: onVoiceDataReceived-- energy =91503.5
2021-03-20 04:25:24.323 13315-13767/com.reapex.sv I/MLASR_AsrVadDetector: lowerEnergy = 43.01, energy = 49.61, diff = 0.15
2021-03-20 04:25:24.336 13315-13768/com.reapex.sv D/WebSocketManager: onMessage: {"command":"DATA","result":{"isFinal":false,"isPartialFinal":false,"text":"12345671234567123456712345671234567 123456712345671234567 12345671234567123456712345676789十11 12 13 56781bcdeft我是正月标准定的中国第二第二我6788嗨嗨嗨嗨嗨嗨嗨还要333333335566666669999999777777777888888888888888888888888888888好好好好哦888888888我要说我要说三星三星三星索尼索尼索尼索尼三星三星a b c a b c"},"retCode":"0","retMsg":"Success"}
2021-03-20 04:25:24.336 13315-13768/com.reapex.sv I/MLASR_AsrProcessor: onMessage:
2021-03-20 04:25:24.345 13315-13315/com.reapex.sv D/Leo: OnResults
2021-03-20 04:25:24.345 13315-13315/com.reapex.sv D/Leo: onRecognizingResults is_sv Bundle[{results_recognizing=12345671234567123456712345671234567 123456712345671234567 12345671234567123456712345676789十11 12 13 56781bcdeft我是正月标准定的中国第二第二我6788嗨嗨嗨嗨嗨嗨嗨还要333333335566666669999999777777777888888888888888888888888888888好好好好哦888888888我要说我要说三星三星三星索尼索尼索尼索尼三星三星a b c a b c}]
2021-03-20 04:25:24.355 13315-13767/com.reapex.sv D/ml-vadenergy: get -> tag = 65459225
2021-03-20 04:25:24.355 13315-13767/com.reapex.sv I/ml-vadenergy: Detect -> type = 2, energy = 347894.3
2021-03-20 04:25:24.356 13315-13767/com.reapex.sv D/Leo: onVoiceDataReceived-- energy =367894.28
2021-03-20 04:25:24.356 13315-13767/com.reapex.sv I/MLASR_AsrVadDetector: lowerEnergy = 43.01, energy = 55.66, diff = 0.29
2021-03-20 04:25:24.381 13315-13615/com.reapex.sv D/WebSocketManager: mHeartMessage: {"command":"HEART"}
2021-03-20 04:25:24.395 13315-13767/com.reapex.sv D/ml-vadenergy: get -> tag = 65459225
2021-03-20 04:25:24.395 13315-13767/com.reapex.sv I/ml-vadenergy: Detect -> type = 2, energy = 8619406.0
2021-03-20 04:25:24.396 13315-13767/com.reapex.sv D/Leo: onVoiceDataReceived-- energy =8639406.0
2021-03-20 04:25:24.396 13315-13767/com.reapex.sv I/MLASR_AsrVadDetector: lowerEnergy = 43.01, energy = 69.36, diff = 0.61
2021-03-20 04:25:24.435 13315-13767/com.reapex.sv D/ml-vadenergy: get -> tag = 65459225
2021-03-20 04:25:24.435 13315-13767/com.reapex.sv I/ml-vadenergy: Detect -> type = 2, energy = 15178848.0
2021-03-20 04:25:24.435 13315-13767/com.reapex.sv D/Leo: onVoiceDataReceived-- energy =1.5198848E7
2021-03-20 04:25:24.436 13315-13767/com.reapex.sv I/MLASR_AsrVadDetector: lowerEnergy = 43.01, energy = 71.82, diff = 0.67
2021-03-20 04:25:24.475 13315-13767/com.reapex.sv D/ml-vadenergy: get -> tag = 65459225
2021-03-20 04:25:24.475 13315-13767/com.reapex.sv I/ml-vadenergy: Detect -> type = 2, energy = 8651092.0
2021-03-20 04:25:24.476 13315-13767/com.reapex.sv D/Leo: onVoiceDataReceived-- energy =8671092.0
2021-03-20 04:25:24.477 13315-13767/com.reapex.sv I/MLASR_AsrVadDetector: lowerEnergy = 43.01, energy = 69.38, diff = 0.61
2021-03-20 04:25:24.477 13315-13772/com.reapex.sv I/MLASR_AsrProcessor: send data in thread, messageSeqNo: 238
2021-03-20 04:25:24.478 13315-13772/com.reapex.sv I/MLASR_HaAdapter_MLKitAsr: handleMsg, taskId: 1616185473579381msg: 5
2021-03-20 04:25:24.478 13315-13772/com.reapex.sv E/MLASR_HaAdapter_MLKitAsr: mEventsToBeReported: has no response event isInfoGatherStart:falsemsg: 5
2021-03-20 04:25:24.479 13315-13772/com.reapex.sv I/MLASR_HaAdapter_MLKitAsr: handleMsg, taskId: 1616185473579381msg: 6
2021-03-20 04:25:24.479 13315-13772/com.reapex.sv E/MLASR_HaAdapter_MLKitAsr: mEventsToBeReported: has no response event isInfoGatherStart:falsemsg: 6
2021-03-20 04:25:24.479 13315-13772/com.reapex.sv I/MLASR_HaAdapter_MLKitAsr: handleMsg, taskId: 1616185473579381msg: 11
2021-03-20 04:25:24.479 13315-13772/com.reapex.sv E/MLASR_HaAdapter_MLKitAsr: mEventsToBeReported: has no response event isInfoGatherStart:falsemsg: 11
2021-03-20 04:25:24.515 13315-13767/com.reapex.sv D/ml-vadenergy: get -> tag = 65459225
2021-03-20 04:25:24.516 13315-13767/com.reapex.sv I/ml-vadenergy: Detect -> type = 2, energy = 2733100.5
2021-03-20 04:25:24.516 13315-13767/com.reapex.sv D/Leo: onVoiceDataReceived-- energy =2753100.5
2021-03-20 04:25:24.517 13315-13767/com.reapex.sv I/MLASR_AsrVadDetector: lowerEnergy = 43.01, energy = 64.40, diff = 0.50
2021-03-20 04:25:24.540 13315-13768/com.reapex.sv D/WebSocketManager: onMessage: {"command":"HEART","retCode":"0","retMsg":"Success"}
2021-03-20 04:25:24.541 13315-13768/com.reapex.sv I/MLASR_AsrProcessor: onMessage:
2021-03-20 04:25:24.561 13315-13767/com.reapex.sv D/ml-vadenergy: get -> tag = 65459225
2021-03-20 04:25:24.562 13315-13767/com.reapex.sv I/ml-vadenergy: Detect -> type = 2, energy = 2273780.2
2021-03-20 04:25:24.562 13315-13767/com.reapex.sv D/Leo: onVoiceDataReceived-- energy =2293780.2
2021-03-20 04:25:24.563 13315-13767/com.reapex.sv I/MLASR_AsrVadDetector: lowerEnergy = 43.01, energy = 63.61, diff = 0.48
2021-03-20 04:25:24.595 13315-13767/com.reapex.sv D/ml-vadenergy: get -> tag = 65459225
2021-03-20 04:25:24.595 13315-13767/com.reapex.sv I/ml-vadenergy: Detect -> type = 2, energy = 819983.5
2021-03-20 04:25:24.595 13315-13767/com.reapex.sv D/Leo: onVoiceDataReceived-- energy =839983.5
2021-03-20 04:25:24.596 13315-13767/com.reapex.sv I/MLASR_AsrVadDetector: lowerEnergy = 43.01, energy = 59.24, diff = 0.38
2021-03-20 04:25:24.641 13315-13767/com.reapex.sv D/ml-vadenergy: get -> tag = 65459225
2021-03-20 04:25:24.641 13315-13767/com.reapex.sv I/ml-vadenergy: Detect -> type = 2, energy = 167634.3
2021-03-20 04:25:24.642 13315-13767/com.reapex.sv D/Leo: onVoiceDataReceived-- energy =187634.28
2021-03-20 04:25:24.643 13315-13767/com.reapex.sv I/MLASR_AsrVadDetector: lowerEnergy = 43.01, energy = 52.73, diff = 0.23
2021-03-20 04:25:24.675 13315-13767/com.reapex.sv D/ml-vadenergy: get -> tag = 65459225
2021-03-20 04:25:24.675 13315-13767/com.reapex.sv I/ml-vadenergy: Detect -> type = 2, energy = 396623.4
2021-03-20 04:25:24.675 13315-13767/com.reapex.sv D/Leo: onVoiceDataReceived-- energy =416623.4
2021-03-20 04:25:24.676 13315-13767/com.reapex.sv I/MLASR_AsrVadDetector: lowerEnergy = 43.01, energy = 56.20, diff = 0.31
2021-03-20 04:25:24.677 13315-13772/com.reapex.sv I/MLASR_AsrProcessor: send data in thread, messageSeqNo: 239
2021-03-20 04:25:24.678 13315-13772/com.reapex.sv I/MLASR_HaAdapter_MLKitAsr: handleMsg, taskId: 1616185473579381msg: 5
2021-03-20 04:25:24.678 13315-13772/com.reapex.sv E/MLASR_HaAdapter_MLKitAsr: mEventsToBeReported: has no response event isInfoGatherStart:falsemsg: 5
2021-03-20 04:25:24.678 13315-13772/com.reapex.sv I/MLASR_HaAdapter_MLKitAsr: handleMsg, taskId: 1616185473579381msg: 6
2021-03-20 04:25:24.678 13315-13772/com.reapex.sv E/MLASR_HaAdapter_MLKitAsr: mEventsToBeReported: has no response event isInfoGatherStart:falsemsg: 6
2021-03-20 04:25:24.678 13315-13772/com.reapex.sv I/MLASR_HaAdapter_MLKitAsr: handleMsg, taskId: 1616185473579381msg: 11
2021-03-20 04:25:24.678 13315-13772/com.reapex.sv E/MLASR_HaAdapter_MLKitAsr: mEventsToBeReported: has no response event isInfoGatherStart:falsemsg: 11
2021-03-20 04:25:24.716 13315-13767/com.reapex.sv D/ml-vadenergy: get -> tag = 65459225
2021-03-20 04:25:24.716 13315-13767/com.reapex.sv I/ml-vadenergy: Detect -> type = 2, energy = 3368384.5
2021-03-20 04:25:24.717 13315-13767/com.reapex.sv D/Leo: onVoiceDataReceived-- energy =3388384.5
2021-03-20 04:25:24.717 13315-13767/com.reapex.sv I/MLASR_AsrVadDetector: lowerEnergy = 43.01, energy = 65.30, diff = 0.52
2021-03-20 04:25:24.741 13315-13768/com.reapex.sv D/WebSocketManager: onMessage: {"command":"DATA","result":{"isFinal":false,"isPartialFinal":false,"text":"12345671234567123456712345671234567 123456712345671234567 12345671234567123456712345676789十11 12 13 56781bcdeft我是正月标准定的中国第二第二我6788嗨嗨嗨嗨嗨嗨嗨还要333333335566666669999999777777777888888888888888888888888888888好好好好哦888888888我要说我要说三星三星三星索尼索尼索尼索尼三星三星a b c a b c d"},"retCode":"0","retMsg":"Success"}
2021-03-20 04:25:24.741 13315-13768/com.reapex.sv I/MLASR_AsrProcessor: onMessage:
2021-03-20 04:25:24.749 13315-13315/com.reapex.sv D/Leo: OnResults
2021-03-20 04:25:24.750 13315-13315/com.reapex.sv D/Leo: onRecognizingResults is_sv Bundle[{results_recognizing=12345671234567123456712345671234567 123456712345671234567 12345671234567123456712345676789十11 12 13 56781bcdeft我是正月标准定的中国第二第二我6788嗨嗨嗨嗨嗨嗨嗨还要333333335566666669999999777777777888888888888888888888888888888好好好好哦888888888我要说我要说三星三星三星索尼索尼索尼索尼三星三星a b c a b c d}]
2021-03-20 04:25:24.756 13315-13767/com.reapex.sv D/ml-vadenergy: get -> tag = 65459225
2021-03-20 04:25:24.756 13315-13767/com.reapex.sv I/ml-vadenergy: Detect -> type = 2, energy = 10224259.0
2021-03-20 04:25:24.756 13315-13767/com.reapex.sv D/Leo: onVoiceDataReceived-- energy =1.0244259E7
2021-03-20 04:25:24.757 13315-13767/com.reapex.sv I/MLASR_AsrVadDetector: lowerEnergy = 43.01, energy = 70.10, diff = 0.63
2021-03-20 04:25:24.795 13315-13767/com.reapex.sv D/ml-vadenergy: get -> tag = 65459225
2021-03-20 04:25:24.796 13315-13767/com.reapex.sv I/ml-vadenergy: Detect -> type = 2, energy = 10252878.0
2021-03-20 04:25:24.796 13315-13767/com.reapex.sv D/Leo: onVoiceDataReceived-- energy =1.0272878E7
2021-03-20 04:25:24.797 13315-13767/com.reapex.sv I/MLASR_AsrVadDetector: lowerEnergy = 43.01, energy = 70.12, diff = 0.63
2021-03-20 04:25:24.835 13315-13767/com.reapex.sv D/ml-vadenergy: get -> tag = 65459225
2021-03-20 04:25:24.835 13315-13767/com.reapex.sv I/ml-vadenergy: Detect -> type = 2, energy = 851324.5
2021-03-20 04:25:24.836 13315-13767/com.reapex.sv D/Leo: onVoiceDataReceived-- energy =871324.5
2021-03-20 04:25:24.836 13315-13767/com.reapex.sv I/MLASR_AsrVadDetector: lowerEnergy = 43.01, energy = 59.40, diff = 0.38
2021-03-20 04:25:24.875 13315-13767/com.reapex.sv D/ml-vadenergy: get -> tag = 65459225
2021-03-20 04:25:24.875 13315-13767/com.reapex.sv I/ml-vadenergy: Detect -> type = 2, energy = 1166246.5
2021-03-20 04:25:24.876 13315-13767/com.reapex.sv D/Leo: onVoiceDataReceived-- energy =1186246.5
2021-03-20 04:25:24.877 13315-13767/com.reapex.sv I/MLASR_AsrVadDetector: lowerEnergy = 43.01, energy = 60.74, diff = 0.41
2021-03-20 04:25:24.878 13315-13772/com.reapex.sv I/MLASR_AsrProcessor: send data in thread, messageSeqNo: 240
2021-03-20 04:25:24.879 13315-13772/com.reapex.sv I/MLASR_HaAdapter_MLKitAsr: handleMsg, taskId: 1616185473579381msg: 5
2021-03-20 04:25:24.879 13315-13772/com.reapex.sv E/MLASR_HaAdapter_MLKitAsr: mEventsToBeReported: has no response event isInfoGatherStart:falsemsg: 5
2021-03-20 04:25:24.879 13315-13772/com.reapex.sv I/MLASR_HaAdapter_MLKitAsr: handleMsg, taskId: 1616185473579381msg: 6
2021-03-20 04:25:24.879 13315-13772/com.reapex.sv E/MLASR_HaAdapter_MLKitAsr: mEventsToBeReported: has no response event isInfoGatherStart:falsemsg: 6
2021-03-20 04:25:24.879 13315-13772/com.reapex.sv I/MLASR_HaAdapter_MLKitAsr: handleMsg, taskId: 1616185473579381msg: 11
2021-03-20 04:25:24.879 13315-13772/com.reapex.sv E/MLASR_HaAdapter_MLKitAsr: mEventsToBeReported: has no response event isInfoGatherStart:falsemsg: 11
2021-03-20 04:25:24.921 13315-13767/com.reapex.sv D/ml-vadenergy: get -> tag = 65459225
2021-03-20 04:25:24.922 13315-13767/com.reapex.sv I/ml-vadenergy: Detect -> type = 2, energy = 4138925.2
2021-03-20 04:25:24.922 13315-13767/com.reapex.sv D/Leo: onVoiceDataReceived-- energy =4158925.2
2021-03-20 04:25:24.923 13315-13767/com.reapex.sv I/MLASR_AsrVadDetector: lowerEnergy = 43.01, energy = 66.19, diff = 0.54
2021-03-20 04:25:24.961 13315-13767/com.reapex.sv D/ml-vadenergy: get -> tag = 65459225
2021-03-20 04:25:24.962 13315-13767/com.reapex.sv I/ml-vadenergy: Detect -> type = 2, energy = 9949740.0
2021-03-20 04:25:24.962 13315-13767/com.reapex.sv D/Leo: onVoiceDataReceived-- energy =9969740.0
2021-03-20 04:25:24.963 13315-13767/com.reapex.sv I/MLASR_AsrVadDetector: lowerEnergy = 43.01, energy = 69.99, diff = 0.63
2021-03-20 04:25:24.997 13315-13767/com.reapex.sv D/ml-vadenergy: get -> tag = 65459225
2021-03-20 04:25:24.998 13315-13767/com.reapex.sv I/ml-vadenergy: Detect -> type = 2, energy = 1083736.4
2021-03-20 04:25:24.998 13315-13767/com.reapex.sv D/Leo: onVoiceDataReceived-- energy =1103736.4
2021-03-20 04:25:24.999 13315-13767/com.reapex.sv I/MLASR_AsrVadDetector: lowerEnergy = 43.01, energy = 60.43, diff = 0.40
2021-03-20 04:25:25.036 13315-13767/com.reapex.sv D/ml-vadenergy: get -> tag = 65459225
2021-03-20 04:25:25.037 13315-13767/com.reapex.sv I/ml-vadenergy: Detect -> type = 2, energy = 168011.1
2021-03-20 04:25:25.037 13315-13767/com.reapex.sv D/Leo: onVoiceDataReceived-- energy =188011.08
2021-03-20 04:25:25.038 13315-13767/com.reapex.sv I/MLASR_AsrVadDetector: lowerEnergy = 43.01, energy = 52.74, diff = 0.23
2021-03-20 04:25:25.062 13315-13768/com.reapex.sv D/WebSocketManager: onMessage: {"command":"DATA","result":{"isFinal":false,"isPartialFinal":false,"text":"12345671234567123456712345671234567 123456712345671234567 12345671234567123456712345676789十11 12 13 56781bcdeft我是正月标准定的中国第二第二我6788嗨嗨嗨嗨嗨嗨嗨还要333333335566666669999999777777777888888888888888888888888888888好好好好哦888888888我要说我要说三星三星三星索尼索尼索尼索尼三星三星a b c a b c d d d"},"retCode":"0","retMsg":"Success"}
2021-03-20 04:25:25.062 13315-13768/com.reapex.sv I/MLASR_AsrProcessor: onMessage:
2021-03-20 04:25:25.067 13315-13315/com.reapex.sv D/Leo: OnResults
2021-03-20 04:25:25.068 13315-13315/com.reapex.sv D/Leo: onRecognizingResults is_sv Bundle[{results_recognizing=12345671234567123456712345671234567 123456712345671234567 12345671234567123456712345676789十11 12 13 56781bcdeft我是正月标准定的中国第二第二我6788嗨嗨嗨嗨嗨嗨嗨还要333333335566666669999999777777777888888888888888888888888888888好好好好哦888888888我要说我要说三星三星三星索尼索尼索尼索尼三星三星a b c a b c d d d}]
2021-03-20 04:25:25.075 13315-13767/com.reapex.sv D/ml-vadenergy: get -> tag = 65459225
2021-03-20 04:25:25.075 13315-13767/com.reapex.sv I/ml-vadenergy: Detect -> type = 2, energy = 2569316.2
2021-03-20 04:25:25.075 13315-13767/com.reapex.sv D/Leo: onVoiceDataReceived-- energy =2589316.2
2021-03-20 04:25:25.076 13315-13767/com.reapex.sv I/MLASR_AsrVadDetector: lowerEnergy = 43.01, energy = 64.13, diff = 0.49
2021-03-20 04:25:25.076 13315-13772/com.reapex.sv I/MLASR_AsrProcessor: send data in thread, messageSeqNo: 241
2021-03-20 04:25:25.076 13315-13772/com.reapex.sv I/MLASR_HaAdapter_MLKitAsr: handleMsg, taskId: 1616185473579381msg: 5
2021-03-20 04:25:25.076 13315-13772/com.reapex.sv E/MLASR_HaAdapter_MLKitAsr: mEventsToBeReported: has no response event isInfoGatherStart:falsemsg: 5
2021-03-20 04:25:25.077 13315-13772/com.reapex.sv I/MLASR_HaAdapter_MLKitAsr: handleMsg, taskId: 1616185473579381msg: 6
2021-03-20 04:25:25.077 13315-13772/com.reapex.sv E/MLASR_HaAdapter_MLKitAsr: mEventsToBeReported: has no response event isInfoGatherStart:falsemsg: 6
2021-03-20 04:25:25.077 13315-13772/com.reapex.sv I/MLASR_HaAdapter_MLKitAsr: handleMsg, taskId: 1616185473579381msg: 11
2021-03-20 04:25:25.077 13315-13772/com.reapex.sv E/MLASR_HaAdapter_MLKitAsr: mEventsToBeReported: has no response event isInfoGatherStart:falsemsg: 11
2021-03-20 04:25:25.115 13315-13767/com.reapex.sv D/ml-vadenergy: get -> tag = 65459225
2021-03-20 04:25:25.115 13315-13767/com.reapex.sv I/ml-vadenergy: Detect -> type = 2, energy = 8205010.5
2021-03-20 04:25:25.116 13315-13767/com.reapex.sv D/Leo: onVoiceDataReceived-- energy =8225010.5
2021-03-20 04:25:25.117 13315-13767/com.reapex.sv I/MLASR_AsrVadDetector: lowerEnergy = 43.01, energy = 69.15, diff = 0.61
2021-03-20 04:25:25.155 13315-13767/com.reapex.sv D/ml-vadenergy: get -> tag = 65459225
2021-03-20 04:25:25.155 13315-13767/com.reapex.sv I/ml-vadenergy: Detect -> type = 2, energy = 6994591.0
2021-03-20 04:25:25.155 13315-13767/com.reapex.sv D/Leo: onVoiceDataReceived-- energy =7014591.0
2021-03-20 04:25:25.156 13315-13767/com.reapex.sv I/MLASR_AsrVadDetector: lowerEnergy = 43.01, energy = 68.46, diff = 0.59
2021-03-20 04:25:25.195 13315-13767/com.reapex.sv D/ml-vadenergy: get -> tag = 65459225
2021-03-20 04:25:25.196 13315-13767/com.reapex.sv I/ml-vadenergy: Detect -> type = 2, energy = 355029.5
2021-03-20 04:25:25.196 13315-13767/com.reapex.sv D/Leo: onVoiceDataReceived-- energy =375029.5
2021-03-20 04:25:25.197 13315-13767/com.reapex.sv I/MLASR_AsrVadDetector: lowerEnergy = 43.01, energy = 55.74, diff = 0.30
2021-03-20 04:25:25.236 13315-13767/com.reapex.sv D/ml-vadenergy: get -> tag = 65459225
2021-03-20 04:25:25.236 13315-13767/com.reapex.sv I/ml-vadenergy: Detect -> type = 2, energy = 44867.3
2021-03-20 04:25:25.236 13315-13767/com.reapex.sv D/Leo: onVoiceDataReceived-- energy =64867.31
2021-03-20 04:25:25.237 13315-13767/com.reapex.sv I/MLASR_AsrVadDetector: lowerEnergy = 43.01, energy = 48.12, diff = 0.12
2021-03-20 04:25:25.276 13315-13767/com.reapex.sv D/ml-vadenergy: get -> tag = 65459225
2021-03-20 04:25:25.276 13315-13767/com.reapex.sv I/ml-vadenergy: Detect -> type = 2, energy = 3970638.5
2021-03-20 04:25:25.277 13315-13767/com.reapex.sv D/Leo: onVoiceDataReceived-- energy =3990638.5
2021-03-20 04:25:25.278 13315-13772/com.reapex.sv I/MLASR_AsrProcessor: send data in thread, messageSeqNo: 242
2021-03-20 04:25:25.279 13315-13772/com.reapex.sv I/MLASR_HaAdapter_MLKitAsr: handleMsg, taskId: 1616185473579381msg: 5
2021-03-20 04:25:25.279 13315-13767/com.reapex.sv I/MLASR_AsrVadDetector: lowerEnergy = 43.01, energy = 66.01, diff = 0.53
2021-03-20 04:25:25.279 13315-13772/com.reapex.sv E/MLASR_HaAdapter_MLKitAsr: mEventsToBeReported: has no response event isInfoGatherStart:falsemsg: 5
2021-03-20 04:25:25.279 13315-13772/com.reapex.sv I/MLASR_HaAdapter_MLKitAsr: handleMsg, taskId: 1616185473579381msg: 6
2021-03-20 04:25:25.279 13315-13772/com.reapex.sv E/MLASR_HaAdapter_MLKitAsr: mEventsToBeReported: has no response event isInfoGatherStart:falsemsg: 6
2021-03-20 04:25:25.279 13315-13772/com.reapex.sv I/MLASR_HaAdapter_MLKitAsr: handleMsg, taskId: 1616185473579381msg: 11
2021-03-20 04:25:25.280 13315-13772/com.reapex.sv E/MLASR_HaAdapter_MLKitAsr: mEventsToBeReported: has no response event isInfoGatherStart:falsemsg: 11
2021-03-20 04:25:25.306 13315-13768/com.reapex.sv D/WebSocketManager: onMessage: {"command":"DATA","result":{"isFinal":false,"isPartialFinal":false,"text":"12345671234567123456712345671234567 123456712345671234567 12345671234567123456712345676789十11 12 13 56781bcdeft我是正月标准定的中国第二第二我6788嗨嗨嗨嗨嗨嗨嗨还要333333335566666669999999777777777888888888888888888888888888888好好好好哦888888888我要说我要说三星三星三星索尼索尼索尼索尼三星三星a b c a b c d d d a"},"retCode":"0","retMsg":"Success"}
2021-03-20 04:25:25.306 13315-13768/com.reapex.sv I/MLASR_AsrProcessor: onMessage:
2021-03-20 04:25:25.315 13315-13315/com.reapex.sv D/Leo: OnResults
2021-03-20 04:25:25.315 13315-13315/com.reapex.sv D/Leo: onRecognizingResults is_sv Bundle[{results_recognizing=12345671234567123456712345671234567 123456712345671234567 12345671234567123456712345676789十11 12 13 56781bcdeft我是正月标准定的中国第二第二我6788嗨嗨嗨嗨嗨嗨嗨还要333333335566666669999999777777777888888888888888888888888888888好好好好哦888888888我要说我要说三星三星三星索尼索尼索尼索尼三星三星a b c a b c d d d a}]
2021-03-20 04:25:25.316 13315-13767/com.reapex.sv D/ml-vadenergy: get -> tag = 65459225
2021-03-20 04:25:25.316 13315-13767/com.reapex.sv I/ml-vadenergy: Detect -> type = 2, energy = 6367199.0
2021-03-20 04:25:25.316 13315-13767/com.reapex.sv D/Leo: onVoiceDataReceived-- energy =6387199.0
2021-03-20 04:25:25.317 13315-13767/com.reapex.sv I/MLASR_AsrVadDetector: lowerEnergy = 43.01, energy = 68.05, diff = 0.58
2021-03-20 04:25:25.355 13315-13767/com.reapex.sv D/ml-vadenergy: get -> tag = 65459225
2021-03-20 04:25:25.356 13315-13767/com.reapex.sv I/ml-vadenergy: Detect -> type = 2, energy = 5645694.5
2021-03-20 04:25:25.356 13315-13767/com.reapex.sv D/Leo: onVoiceDataReceived-- energy =5665694.5
2021-03-20 04:25:25.357 13315-13767/com.reapex.sv I/MLASR_AsrVadDetector: lowerEnergy = 43.01, energy = 67.53, diff = 0.57
2021-03-20 04:25:25.395 13315-13767/com.reapex.sv D/ml-vadenergy: get -> tag = 65459225
2021-03-20 04:25:25.395 13315-13767/com.reapex.sv I/ml-vadenergy: Detect -> type = 2, energy = 3527975.5
2021-03-20 04:25:25.396 13315-13767/com.reapex.sv D/Leo: onVoiceDataReceived-- energy =3547975.5
2021-03-20 04:25:25.396 13315-13767/com.reapex.sv I/MLASR_AsrVadDetector: lowerEnergy = 43.01, energy = 65.50, diff = 0.52
2021-03-20 04:25:25.435 13315-13767/com.reapex.sv D/ml-vadenergy: get -> tag = 65459225
2021-03-20 04:25:25.435 13315-13767/com.reapex.sv I/ml-vadenergy: Detect -> type = 2, energy = 2031705.4
2021-03-20 04:25:25.436 13315-13767/com.reapex.sv D/Leo: onVoiceDataReceived-- energy =2051705.4
2021-03-20 04:25:25.436 13315-13767/com.reapex.sv I/MLASR_AsrVadDetector: lowerEnergy = 43.01, energy = 63.12, diff = 0.47
2021-03-20 04:25:25.481 13315-13767/com.reapex.sv D/ml-vadenergy: get -> tag = 65459225
2021-03-20 04:25:25.482 13315-13767/com.reapex.sv I/ml-vadenergy: Detect -> type = 2, energy = 3022038.2
2021-03-20 04:25:25.482 13315-13767/com.reapex.sv D/Leo: onVoiceDataReceived-- energy =3042038.2
2021-03-20 04:25:25.483 13315-13772/com.reapex.sv I/MLASR_AsrProcessor: send data in thread, messageSeqNo: 243
2021-03-20 04:25:25.485 13315-13767/com.reapex.sv I/MLASR_AsrVadDetector: lowerEnergy = 43.01, energy = 64.83, diff = 0.51
2021-03-20 04:25:25.485 13315-13772/com.reapex.sv I/MLASR_HaAdapter_MLKitAsr: handleMsg, taskId: 1616185473579381msg: 5
2021-03-20 04:25:25.485 13315-13772/com.reapex.sv E/MLASR_HaAdapter_MLKitAsr: mEventsToBeReported: has no response event isInfoGatherStart:falsemsg: 5
2021-03-20 04:25:25.485 13315-13772/com.reapex.sv I/MLASR_HaAdapter_MLKitAsr: handleMsg, taskId: 1616185473579381msg: 6
2021-03-20 04:25:25.485 13315-13772/com.reapex.sv E/MLASR_HaAdapter_MLKitAsr: mEventsToBeReported: has no response event isInfoGatherStart:falsemsg: 6
2021-03-20 04:25:25.485 13315-13772/com.reapex.sv I/MLASR_HaAdapter_MLKitAsr: handleMsg, taskId: 1616185473579381msg: 11
2021-03-20 04:25:25.485 13315-13772/com.reapex.sv E/MLASR_HaAdapter_MLKitAsr: mEventsToBeReported: has no response event isInfoGatherStart:falsemsg: 11
2021-03-20 04:25:25.515 13315-13767/com.reapex.sv D/ml-vadenergy: get -> tag = 65459225
2021-03-20 04:25:25.516 13315-13767/com.reapex.sv I/ml-vadenergy: Detect -> type = 2, energy = 8898529.0
2021-03-20 04:25:25.516 13315-13767/com.reapex.sv D/Leo: onVoiceDataReceived-- energy =8918529.0
2021-03-20 04:25:25.517 13315-13767/com.reapex.sv I/MLASR_AsrVadDetector: lowerEnergy = 43.01, energy = 69.50, diff = 0.62
2021-03-20 04:25:25.555 13315-13767/com.reapex.sv D/ml-vadenergy: get -> tag = 65459225
2021-03-20 04:25:25.556 13315-13767/com.reapex.sv I/ml-vadenergy: Detect -> type = 2, energy = 15027448.0
2021-03-20 04:25:25.556 13315-13767/com.reapex.sv D/Leo: onVoiceDataReceived-- energy =1.5047448E7
2021-03-20 04:25:25.556 13315-13767/com.reapex.sv I/MLASR_AsrVadDetector: lowerEnergy = 43.01, energy = 71.77, diff = 0.67
2021-03-20 04:25:25.596 13315-13767/com.reapex.sv D/ml-vadenergy: get -> tag = 65459225
2021-03-20 04:25:25.596 13315-13767/com.reapex.sv I/ml-vadenergy: Detect -> type = 2, energy = 12347224.0
2021-03-20 04:25:25.597 13315-13767/com.reapex.sv D/Leo: onVoiceDataReceived-- energy =1.2367224E7
2021-03-20 04:25:25.597 13315-13767/com.reapex.sv I/MLASR_AsrVadDetector: lowerEnergy = 43.01, energy = 70.92, diff = 0.65
2021-03-20 04:25:25.641 13315-13767/com.reapex.sv D/ml-vadenergy: get -> tag = 65459225
2021-03-20 04:25:25.641 13315-13767/com.reapex.sv I/ml-vadenergy: Detect -> type = 2, energy = 3984588.8
2021-03-20 04:25:25.642 13315-13767/com.reapex.sv D/Leo: onVoiceDataReceived-- energy =4004588.8
2021-03-20 04:25:25.643 13315-13767/com.reapex.sv I/MLASR_AsrVadDetector: lowerEnergy = 43.01, energy = 66.03, diff = 0.54
2021-03-20 04:25:25.676 13315-13767/com.reapex.sv D/ml-vadenergy: get -> tag = 65459225
2021-03-20 04:25:25.676 13315-13767/com.reapex.sv I/ml-vadenergy: Detect -> type = 2, energy = 2806856.5
2021-03-20 04:25:25.676 13315-13767/com.reapex.sv D/Leo: onVoiceDataReceived-- energy =2826856.5
2021-03-20 04:25:25.677 13315-13767/com.reapex.sv I/MLASR_AsrVadDetector: lowerEnergy = 43.01, energy = 64.51, diff = 0.50
2021-03-20 04:25:25.678 13315-13772/com.reapex.sv I/MLASR_AsrProcessor: send data in thread, messageSeqNo: 244
2021-03-20 04:25:25.679 13315-13772/com.reapex.sv I/MLASR_HaAdapter_MLKitAsr: handleMsg, taskId: 1616185473579381msg: 5
2021-03-20 04:25:25.679 13315-13772/com.reapex.sv E/MLASR_HaAdapter_MLKitAsr: mEventsToBeReported: has no response event isInfoGatherStart:falsemsg: 5
2021-03-20 04:25:25.679 13315-13772/com.reapex.sv I/MLASR_HaAdapter_MLKitAsr: handleMsg, taskId: 1616185473579381msg: 6
2021-03-20 04:25:25.679 13315-13772/com.reapex.sv E/MLASR_HaAdapter_MLKitAsr: mEventsToBeReported: has no response event isInfoGatherStart:falsemsg: 6
2021-03-20 04:25:25.679 13315-13772/com.reapex.sv I/MLASR_HaAdapter_MLKitAsr: handleMsg, taskId: 1616185473579381msg: 11
2021-03-20 04:25:25.679 13315-13772/com.reapex.sv E/MLASR_HaAdapter_MLKitAsr: mEventsToBeReported: has no response event isInfoGatherStart:falsemsg: 11
2021-03-20 04:25:25.698 13315-13768/com.reapex.sv D/WebSocketManager: onMessage: {"command":"DATA","result":{"isFinal":false,"isPartialFinal":false,"text":"12345671234567123456712345671234567 123456712345671234567 12345671234567123456712345676789十11 12 13 56781bcdeft我是正月标准定的中国第二第二我6788嗨嗨嗨嗨嗨嗨嗨还要333333335566666669999999777777777888888888888888888888888888888好好好好哦888888888我要说我要说三星三星三星索尼索尼索尼索尼三星三星a b c a b c d d d a b c"},"retCode":"0","retMsg":"Success"}
2021-03-20 04:25:25.699 13315-13768/com.reapex.sv I/MLASR_AsrProcessor: onMessage:
2021-03-20 04:25:25.706 13315-13315/com.reapex.sv D/Leo: OnResults
2021-03-20 04:25:25.706 13315-13315/com.reapex.sv D/Leo: onRecognizingResults is_sv Bundle[{results_recognizing=12345671234567123456712345671234567 123456712345671234567 12345671234567123456712345676789十11 12 13 56781bcdeft我是正月标准定的中国第二第二我6788嗨嗨嗨嗨嗨嗨嗨还要333333335566666669999999777777777888888888888888888888888888888好好好好哦888888888我要说我要说三星三星三星索尼索尼索尼索尼三星三星a b c a b c d d d a b c}]
2021-03-20 04:25:25.715 13315-13767/com.reapex.sv D/ml-vadenergy: get -> tag = 65459225
