2021-03-20 04:25:28.484 13315-13772/com.reapex.sv E/MLASR_HaAdapter_MLKitAsr: mEventsToBeReported: has no response event isInfoGatherStart:falsemsg: 5
2021-03-20 04:25:28.485 13315-13772/com.reapex.sv I/MLASR_HaAdapter_MLKitAsr: handleMsg, taskId: 1616185473579381msg: 6
2021-03-20 04:25:28.485 13315-13772/com.reapex.sv E/MLASR_HaAdapter_MLKitAsr: mEventsToBeReported: has no response event isInfoGatherStart:falsemsg: 6
2021-03-20 04:25:28.485 13315-13772/com.reapex.sv I/MLASR_HaAdapter_MLKitAsr: handleMsg, taskId: 1616185473579381msg: 11
2021-03-20 04:25:28.485 13315-13772/com.reapex.sv E/MLASR_HaAdapter_MLKitAsr: mEventsToBeReported: has no response event isInfoGatherStart:falsemsg: 11
2021-03-20 04:25:28.515 13315-13767/com.reapex.sv D/ml-vadenergy: get -> tag = 65459225
2021-03-20 04:25:28.516 13315-13767/com.reapex.sv I/ml-vadenergy: Detect -> type = 2, energy = 3785365.5
2021-03-20 04:25:28.516 13315-13767/com.reapex.sv D/Leo: onVoiceDataReceived-- energy =3805365.5
2021-03-20 04:25:28.517 13315-13767/com.reapex.sv I/MLASR_AsrVadDetector: lowerEnergy = 43.01, energy = 65.80, diff = 0.53
2021-03-20 04:25:28.558 13315-13767/com.reapex.sv D/ml-vadenergy: get -> tag = 65459225
2021-03-20 04:25:28.558 13315-13767/com.reapex.sv I/ml-vadenergy: Detect -> type = 2, energy = 10164819.0
2021-03-20 04:25:28.558 13315-13767/com.reapex.sv D/Leo: onVoiceDataReceived-- energy =1.0184819E7
2021-03-20 04:25:28.559 13315-13767/com.reapex.sv I/MLASR_AsrVadDetector: lowerEnergy = 43.01, energy = 70.08, diff = 0.63
2021-03-20 04:25:28.595 13315-13767/com.reapex.sv D/ml-vadenergy: get -> tag = 65459225
2021-03-20 04:25:28.596 13315-13767/com.reapex.sv I/ml-vadenergy: Detect -> type = 2, energy = 6140518.5
2021-03-20 04:25:28.596 13315-13767/com.reapex.sv D/Leo: onVoiceDataReceived-- energy =6160518.5
2021-03-20 04:25:28.597 13315-13767/com.reapex.sv I/MLASR_AsrVadDetector: lowerEnergy = 43.01, energy = 67.90, diff = 0.58
2021-03-20 04:25:28.636 13315-13767/com.reapex.sv D/ml-vadenergy: get -> tag = 65459225
2021-03-20 04:25:28.636 13315-13767/com.reapex.sv I/ml-vadenergy: Detect -> type = 2, energy = 242385.1
2021-03-20 04:25:28.636 13315-13767/com.reapex.sv D/Leo: onVoiceDataReceived-- energy =262385.06
2021-03-20 04:25:28.637 13315-13767/com.reapex.sv I/MLASR_AsrVadDetector: lowerEnergy = 43.01, energy = 54.19, diff = 0.26
2021-03-20 04:25:28.681 13315-13767/com.reapex.sv D/ml-vadenergy: get -> tag = 65459225
2021-03-20 04:25:28.682 13315-13767/com.reapex.sv I/ml-vadenergy: Detect -> type = 2, energy = 1199604.9
2021-03-20 04:25:28.682 13315-13767/com.reapex.sv D/Leo: onVoiceDataReceived-- energy =1219604.9
2021-03-20 04:25:28.684 13315-13772/com.reapex.sv I/MLASR_AsrProcessor: send data in thread, messageSeqNo: 259
2021-03-20 04:25:28.686 13315-13767/com.reapex.sv I/MLASR_AsrVadDetector: lowerEnergy = 43.01, energy = 60.86, diff = 0.42
2021-03-20 04:25:28.687 13315-13772/com.reapex.sv I/MLASR_HaAdapter_MLKitAsr: handleMsg, taskId: 1616185473579381msg: 5
2021-03-20 04:25:28.687 13315-13772/com.reapex.sv E/MLASR_HaAdapter_MLKitAsr: mEventsToBeReported: has no response event isInfoGatherStart:falsemsg: 5
2021-03-20 04:25:28.687 13315-13772/com.reapex.sv I/MLASR_HaAdapter_MLKitAsr: handleMsg, taskId: 1616185473579381msg: 6
2021-03-20 04:25:28.687 13315-13772/com.reapex.sv E/MLASR_HaAdapter_MLKitAsr: mEventsToBeReported: has no response event isInfoGatherStart:falsemsg: 6
2021-03-20 04:25:28.687 13315-13772/com.reapex.sv I/MLASR_HaAdapter_MLKitAsr: handleMsg, taskId: 1616185473579381msg: 11
2021-03-20 04:25:28.687 13315-13772/com.reapex.sv E/MLASR_HaAdapter_MLKitAsr: mEventsToBeReported: has no response event isInfoGatherStart:falsemsg: 11
2021-03-20 04:25:28.715 13315-13767/com.reapex.sv D/ml-vadenergy: get -> tag = 65459225
2021-03-20 04:25:28.715 13315-13767/com.reapex.sv I/ml-vadenergy: Detect -> type = 2, energy = 5044288.5
2021-03-20 04:25:28.715 13315-13767/com.reapex.sv D/Leo: onVoiceDataReceived-- energy =5064288.5
2021-03-20 04:25:28.716 13315-13767/com.reapex.sv I/MLASR_AsrVadDetector: lowerEnergy = 43.01, energy = 67.05, diff = 0.56
2021-03-20 04:25:28.755 13315-13767/com.reapex.sv D/ml-vadenergy: get -> tag = 65459225
2021-03-20 04:25:28.755 13315-13767/com.reapex.sv I/ml-vadenergy: Detect -> type = 2, energy = 4607138.5
2021-03-20 04:25:28.756 13315-13767/com.reapex.sv D/Leo: onVoiceDataReceived-- energy =4627138.5
2021-03-20 04:25:28.756 13315-13767/com.reapex.sv I/MLASR_AsrVadDetector: lowerEnergy = 43.01, energy = 66.65, diff = 0.55
2021-03-20 04:25:28.795 13315-13767/com.reapex.sv D/ml-vadenergy: get -> tag = 65459225
2021-03-20 04:25:28.796 13315-13767/com.reapex.sv I/ml-vadenergy: Detect -> type = 2, energy = 3549924.5
2021-03-20 04:25:28.796 13315-13767/com.reapex.sv D/Leo: onVoiceDataReceived-- energy =3569924.5
2021-03-20 04:25:28.797 13315-13767/com.reapex.sv I/MLASR_AsrVadDetector: lowerEnergy = 43.01, energy = 65.53, diff = 0.52
2021-03-20 04:25:28.835 13315-13767/com.reapex.sv D/ml-vadenergy: get -> tag = 65459225
2021-03-20 04:25:28.835 13315-13767/com.reapex.sv I/ml-vadenergy: Detect -> type = 2, energy = 2778498.8
2021-03-20 04:25:28.836 13315-13767/com.reapex.sv D/Leo: onVoiceDataReceived-- energy =2798498.8
2021-03-20 04:25:28.836 13315-13767/com.reapex.sv I/MLASR_AsrVadDetector: lowerEnergy = 43.01, energy = 64.47, diff = 0.50
2021-03-20 04:25:28.877 13315-13767/com.reapex.sv D/ml-vadenergy: get -> tag = 65459225
2021-03-20 04:25:28.877 13315-13767/com.reapex.sv I/ml-vadenergy: Detect -> type = 2, energy = 4595659.0
2021-03-20 04:25:28.877 13315-13767/com.reapex.sv D/Leo: onVoiceDataReceived-- energy =4615659.0
2021-03-20 04:25:28.878 13315-13772/com.reapex.sv I/MLASR_AsrProcessor: send data in thread, messageSeqNo: 260
2021-03-20 04:25:28.879 13315-13767/com.reapex.sv I/MLASR_AsrVadDetector: lowerEnergy = 43.01, energy = 66.64, diff = 0.55
2021-03-20 04:25:28.879 13315-13772/com.reapex.sv I/MLASR_HaAdapter_MLKitAsr: handleMsg, taskId: 1616185473579381msg: 5
2021-03-20 04:25:28.879 13315-13772/com.reapex.sv E/MLASR_HaAdapter_MLKitAsr: mEventsToBeReported: has no response event isInfoGatherStart:falsemsg: 5
2021-03-20 04:25:28.879 13315-13772/com.reapex.sv I/MLASR_HaAdapter_MLKitAsr: handleMsg, taskId: 1616185473579381msg: 6
2021-03-20 04:25:28.879 13315-13772/com.reapex.sv E/MLASR_HaAdapter_MLKitAsr: mEventsToBeReported: has no response event isInfoGatherStart:falsemsg: 6
2021-03-20 04:25:28.879 13315-13772/com.reapex.sv I/MLASR_HaAdapter_MLKitAsr: handleMsg, taskId: 1616185473579381msg: 11
2021-03-20 04:25:28.879 13315-13772/com.reapex.sv E/MLASR_HaAdapter_MLKitAsr: mEventsToBeReported: has no response event isInfoGatherStart:falsemsg: 11
2021-03-20 04:25:28.921 13315-13767/com.reapex.sv D/ml-vadenergy: get -> tag = 65459225
2021-03-20 04:25:28.921 13315-13767/com.reapex.sv I/ml-vadenergy: Detect -> type = 2, energy = 10635584.0
2021-03-20 04:25:28.922 13315-13767/com.reapex.sv D/Leo: onVoiceDataReceived-- energy =1.0655584E7
2021-03-20 04:25:28.923 13315-13767/com.reapex.sv I/MLASR_AsrVadDetector: lowerEnergy = 43.01, energy = 70.28, diff = 0.63
2021-03-20 04:25:28.961 13315-13767/com.reapex.sv D/ml-vadenergy: get -> tag = 65459225
2021-03-20 04:25:28.961 13315-13767/com.reapex.sv I/ml-vadenergy: Detect -> type = 2, energy = 14823016.0
2021-03-20 04:25:28.962 13315-13767/com.reapex.sv D/Leo: onVoiceDataReceived-- energy =1.4843016E7
2021-03-20 04:25:28.963 13315-13767/com.reapex.sv I/MLASR_AsrVadDetector: lowerEnergy = 43.01, energy = 71.72, diff = 0.67
2021-03-20 04:25:28.997 13315-13767/com.reapex.sv D/ml-vadenergy: get -> tag = 65459225
2021-03-20 04:25:28.998 13315-13767/com.reapex.sv I/ml-vadenergy: Detect -> type = 2, energy = 7831891.0
2021-03-20 04:25:28.998 13315-13767/com.reapex.sv D/Leo: onVoiceDataReceived-- energy =7851891.0
2021-03-20 04:25:28.999 13315-13767/com.reapex.sv I/MLASR_AsrVadDetector: lowerEnergy = 43.01, energy = 68.95, diff = 0.60
2021-03-20 04:25:29.041 13315-13767/com.reapex.sv D/ml-vadenergy: get -> tag = 65459225
2021-03-20 04:25:29.041 13315-13767/com.reapex.sv I/ml-vadenergy: Detect -> type = 2, energy = 3677723.5
2021-03-20 04:25:29.042 13315-13767/com.reapex.sv D/Leo: onVoiceDataReceived-- energy =3697723.5
2021-03-20 04:25:29.042 13315-13767/com.reapex.sv I/MLASR_AsrVadDetector: lowerEnergy = 43.01, energy = 65.68, diff = 0.53
2021-03-20 04:25:29.058 13315-13768/com.reapex.sv D/WebSocketManager: onMessage: {"command":"DATA","result":{"isFinal":false,"isPartialFinal":false,"text":"12345671234567123456712345671234567 123456712345671234567 12345671234567123456712345676789十11 12 13 56781bcdeft我是正月标准定的中国第二第二我6788嗨嗨嗨嗨嗨嗨嗨还要333333335566666669999999777777777888888888888888888888888888888好好好好哦888888888我要说我要说三星三星三星索尼索尼索尼索尼三星三星a b c a b c d d d a b c d e f g h i j k l m a b"},"retCode":"0","retMsg":"Success"}
2021-03-20 04:25:29.058 13315-13768/com.reapex.sv I/MLASR_AsrProcessor: onMessage:
2021-03-20 04:25:29.067 13315-13315/com.reapex.sv D/Leo: OnResults
2021-03-20 04:25:29.067 13315-13315/com.reapex.sv D/Leo: onRecognizingResults is_sv Bundle[{results_recognizing=12345671234567123456712345671234567 123456712345671234567 12345671234567123456712345676789十11 12 13 56781bcdeft我是正月标准定的中国第二第二我6788嗨嗨嗨嗨嗨嗨嗨还要333333335566666669999999777777777888888888888888888888888888888好好好好哦888888888我要说我要说三星三星三星索尼索尼索尼索尼三星三星a b c a b c d d d a b c d e f g h i j k l m a b}]
2021-03-20 04:25:29.076 13315-13767/com.reapex.sv D/ml-vadenergy: get -> tag = 65459225
2021-03-20 04:25:29.076 13315-13767/com.reapex.sv I/ml-vadenergy: Detect -> type = 2, energy = 3139564.0
2021-03-20 04:25:29.076 13315-13767/com.reapex.sv D/Leo: onVoiceDataReceived-- energy =3159564.0
2021-03-20 04:25:29.078 13315-13767/com.reapex.sv I/MLASR_AsrVadDetector: lowerEnergy = 43.01, energy = 65.00, diff = 0.51
2021-03-20 04:25:29.079 13315-13772/com.reapex.sv I/MLASR_AsrProcessor: send data in thread, messageSeqNo: 261
2021-03-20 04:25:29.082 13315-13772/com.reapex.sv I/MLASR_HaAdapter_MLKitAsr: handleMsg, taskId: 1616185473579381msg: 5
2021-03-20 04:25:29.082 13315-13772/com.reapex.sv E/MLASR_HaAdapter_MLKitAsr: mEventsToBeReported: has no response event isInfoGatherStart:falsemsg: 5
2021-03-20 04:25:29.082 13315-13772/com.reapex.sv I/MLASR_HaAdapter_MLKitAsr: handleMsg, taskId: 1616185473579381msg: 6
2021-03-20 04:25:29.082 13315-13772/com.reapex.sv E/MLASR_HaAdapter_MLKitAsr: mEventsToBeReported: has no response event isInfoGatherStart:falsemsg: 6
2021-03-20 04:25:29.083 13315-13772/com.reapex.sv I/MLASR_HaAdapter_MLKitAsr: handleMsg, taskId: 1616185473579381msg: 11
2021-03-20 04:25:29.083 13315-13772/com.reapex.sv E/MLASR_HaAdapter_MLKitAsr: mEventsToBeReported: has no response event isInfoGatherStart:falsemsg: 11
2021-03-20 04:25:29.115 13315-13767/com.reapex.sv D/ml-vadenergy: get -> tag = 65459225
2021-03-20 04:25:29.116 13315-13767/com.reapex.sv I/ml-vadenergy: Detect -> type = 2, energy = 1716514.0
2021-03-20 04:25:29.116 13315-13767/com.reapex.sv D/Leo: onVoiceDataReceived-- energy =1736514.0
2021-03-20 04:25:29.117 13315-13767/com.reapex.sv I/MLASR_AsrVadDetector: lowerEnergy = 43.01, energy = 62.40, diff = 0.45
2021-03-20 04:25:29.155 13315-13767/com.reapex.sv D/ml-vadenergy: get -> tag = 65459225
2021-03-20 04:25:29.155 13315-13767/com.reapex.sv I/ml-vadenergy: Detect -> type = 2, energy = 77348.4
2021-03-20 04:25:29.155 13315-13767/com.reapex.sv D/Leo: onVoiceDataReceived-- energy =97348.36
2021-03-20 04:25:29.156 13315-13767/com.reapex.sv I/MLASR_AsrVadDetector: lowerEnergy = 43.01, energy = 49.88, diff = 0.16
2021-03-20 04:25:29.195 13315-13767/com.reapex.sv D/ml-vadenergy: get -> tag = 65459225
2021-03-20 04:25:29.195 13315-13767/com.reapex.sv I/ml-vadenergy: Detect -> type = 2, energy = 111711.9
2021-03-20 04:25:29.196 13315-13767/com.reapex.sv D/Leo: onVoiceDataReceived-- energy =131711.9
2021-03-20 04:25:29.196 13315-13767/com.reapex.sv I/MLASR_AsrVadDetector: lowerEnergy = 43.01, energy = 51.20, diff = 0.19
2021-03-20 04:25:29.236 13315-13767/com.reapex.sv D/ml-vadenergy: get -> tag = 65459225
2021-03-20 04:25:29.236 13315-13767/com.reapex.sv I/ml-vadenergy: Detect -> type = 2, energy = 130067.8
2021-03-20 04:25:29.236 13315-13767/com.reapex.sv D/Leo: onVoiceDataReceived-- energy =150067.8
2021-03-20 04:25:29.237 13315-13767/com.reapex.sv I/MLASR_AsrVadDetector: lowerEnergy = 43.01, energy = 51.76, diff = 0.20
2021-03-20 04:25:29.276 13315-13767/com.reapex.sv D/ml-vadenergy: get -> tag = 65459225
2021-03-20 04:25:29.276 13315-13767/com.reapex.sv I/ml-vadenergy: Detect -> type = 2, energy = 41358.5
2021-03-20 04:25:29.277 13315-13767/com.reapex.sv D/Leo: onVoiceDataReceived-- energy =61358.496
2021-03-20 04:25:29.277 13315-13767/com.reapex.sv I/MLASR_AsrVadDetector: lowerEnergy = 43.01, energy = 47.88, diff = 0.11
2021-03-20 04:25:29.278 13315-13772/com.reapex.sv I/MLASR_AsrProcessor: send data in thread, messageSeqNo: 262
2021-03-20 04:25:29.278 13315-13772/com.reapex.sv I/MLASR_HaAdapter_MLKitAsr: handleMsg, taskId: 1616185473579381msg: 5
2021-03-20 04:25:29.278 13315-13772/com.reapex.sv E/MLASR_HaAdapter_MLKitAsr: mEventsToBeReported: has no response event isInfoGatherStart:falsemsg: 5
2021-03-20 04:25:29.278 13315-13772/com.reapex.sv I/MLASR_HaAdapter_MLKitAsr: handleMsg, taskId: 1616185473579381msg: 6
2021-03-20 04:25:29.278 13315-13772/com.reapex.sv E/MLASR_HaAdapter_MLKitAsr: mEventsToBeReported: has no response event isInfoGatherStart:falsemsg: 6
2021-03-20 04:25:29.278 13315-13772/com.reapex.sv I/MLASR_HaAdapter_MLKitAsr: handleMsg, taskId: 1616185473579381msg: 11
2021-03-20 04:25:29.279 13315-13772/com.reapex.sv E/MLASR_HaAdapter_MLKitAsr: mEventsToBeReported: has no response event isInfoGatherStart:falsemsg: 11
2021-03-20 04:25:29.316 13315-13767/com.reapex.sv D/ml-vadenergy: get -> tag = 65459225
2021-03-20 04:25:29.316 13315-13767/com.reapex.sv I/ml-vadenergy: Detect -> type = 2, energy = 661543.9
2021-03-20 04:25:29.317 13315-13767/com.reapex.sv D/Leo: onVoiceDataReceived-- energy =681543.9
2021-03-20 04:25:29.318 13315-13767/com.reapex.sv I/MLASR_AsrVadDetector: lowerEnergy = 43.01, energy = 58.33, diff = 0.36
2021-03-20 04:25:29.321 13315-13768/com.reapex.sv D/WebSocketManager: onMessage: {"command":"DATA","result":{"isFinal":false,"isPartialFinal":false,"text":"12345671234567123456712345671234567 123456712345671234567 12345671234567123456712345676789十11 12 13 56781bcdeft我是正月标准定的中国第二第二我6788嗨嗨嗨嗨嗨嗨嗨还要333333335566666669999999777777777888888888888888888888888888888好好好好哦888888888我要说我要说三星三星三星索尼索尼索尼索尼三星三星a b c a b c d d d a b c d e f g h i j k l m a b c d"},"retCode":"0","retMsg":"Success"}
2021-03-20 04:25:29.321 13315-13768/com.reapex.sv I/MLASR_AsrProcessor: onMessage:
2021-03-20 04:25:29.330 13315-13315/com.reapex.sv D/Leo: OnResults
2021-03-20 04:25:29.330 13315-13315/com.reapex.sv D/Leo: onRecognizingResults is_sv Bundle[{results_recognizing=12345671234567123456712345671234567 123456712345671234567 12345671234567123456712345676789十11 12 13 56781bcdeft我是正月标准定的中国第二第二我6788嗨嗨嗨嗨嗨嗨嗨还要333333335566666669999999777777777888888888888888888888888888888好好好好哦888888888我要说我要说三星三星三星索尼索尼索尼索尼三星三星a b c a b c d d d a b c d e f g h i j k l m a b c d}]
2021-03-20 04:25:29.355 13315-13767/com.reapex.sv D/ml-vadenergy: get -> tag = 65459225
2021-03-20 04:25:29.356 13315-13767/com.reapex.sv I/ml-vadenergy: Detect -> type = 2, energy = 5762092.0
2021-03-20 04:25:29.357 13315-13767/com.reapex.sv D/Leo: onVoiceDataReceived-- energy =5782092.0
2021-03-20 04:25:29.358 13315-13767/com.reapex.sv I/MLASR_AsrVadDetector: lowerEnergy = 43.01, energy = 67.62, diff = 0.57
2021-03-20 04:25:29.387 13315-13615/com.reapex.sv D/WebSocketManager: mHeartMessage: {"command":"HEART"}
2021-03-20 04:25:29.395 13315-13767/com.reapex.sv D/ml-vadenergy: get -> tag = 65459225
2021-03-20 04:25:29.395 13315-13767/com.reapex.sv I/ml-vadenergy: Detect -> type = 2, energy = 5088431.5
2021-03-20 04:25:29.396 13315-13767/com.reapex.sv D/Leo: onVoiceDataReceived-- energy =5108431.5
2021-03-20 04:25:29.396 13315-13767/com.reapex.sv I/MLASR_AsrVadDetector: lowerEnergy = 43.01, energy = 67.08, diff = 0.56
2021-03-20 04:25:29.435 13315-13767/com.reapex.sv D/ml-vadenergy: get -> tag = 65459225
2021-03-20 04:25:29.435 13315-13767/com.reapex.sv I/ml-vadenergy: Detect -> type = 2, energy = 1815116.4
2021-03-20 04:25:29.435 13315-13767/com.reapex.sv D/Leo: onVoiceDataReceived-- energy =1835116.4
2021-03-20 04:25:29.436 13315-13767/com.reapex.sv I/MLASR_AsrVadDetector: lowerEnergy = 43.01, energy = 62.64, diff = 0.46
2021-03-20 04:25:29.475 13315-13767/com.reapex.sv D/ml-vadenergy: get -> tag = 65459225
2021-03-20 04:25:29.475 13315-13767/com.reapex.sv I/ml-vadenergy: Detect -> type = 2, energy = 2651717.5
2021-03-20 04:25:29.476 13315-13767/com.reapex.sv D/Leo: onVoiceDataReceived-- energy =2671717.5
2021-03-20 04:25:29.476 13315-13767/com.reapex.sv I/MLASR_AsrVadDetector: lowerEnergy = 43.01, energy = 64.27, diff = 0.49
2021-03-20 04:25:29.477 13315-13772/com.reapex.sv I/MLASR_AsrProcessor: send data in thread, messageSeqNo: 263
2021-03-20 04:25:29.478 13315-13772/com.reapex.sv I/MLASR_HaAdapter_MLKitAsr: handleMsg, taskId: 1616185473579381msg: 5
2021-03-20 04:25:29.478 13315-13772/com.reapex.sv E/MLASR_HaAdapter_MLKitAsr: mEventsToBeReported: has no response event isInfoGatherStart:falsemsg: 5
2021-03-20 04:25:29.478 13315-13772/com.reapex.sv I/MLASR_HaAdapter_MLKitAsr: handleMsg, taskId: 1616185473579381msg: 6
2021-03-20 04:25:29.478 13315-13772/com.reapex.sv E/MLASR_HaAdapter_MLKitAsr: mEventsToBeReported: has no response event isInfoGatherStart:falsemsg: 6
2021-03-20 04:25:29.478 13315-13772/com.reapex.sv I/MLASR_HaAdapter_MLKitAsr: handleMsg, taskId: 1616185473579381msg: 11
2021-03-20 04:25:29.478 13315-13772/com.reapex.sv E/MLASR_HaAdapter_MLKitAsr: mEventsToBeReported: has no response event isInfoGatherStart:falsemsg: 11
2021-03-20 04:25:29.521 13315-13767/com.reapex.sv D/ml-vadenergy: get -> tag = 65459225
2021-03-20 04:25:29.522 13315-13767/com.reapex.sv I/ml-vadenergy: Detect -> type = 2, energy = 4267367.0
2021-03-20 04:25:29.522 13315-13767/com.reapex.sv D/Leo: onVoiceDataReceived-- energy =4287367.0
2021-03-20 04:25:29.523 13315-13767/com.reapex.sv I/MLASR_AsrVadDetector: lowerEnergy = 43.01, energy = 66.32, diff = 0.54
2021-03-20 04:25:29.543 13315-13768/com.reapex.sv D/WebSocketManager: onMessage: {"command":"HEART","retCode":"0","retMsg":"Success"}
2021-03-20 04:25:29.543 13315-13768/com.reapex.sv I/MLASR_AsrProcessor: onMessage:
2021-03-20 04:25:29.556 13315-13767/com.reapex.sv D/ml-vadenergy: get -> tag = 65459225
2021-03-20 04:25:29.556 13315-13767/com.reapex.sv I/ml-vadenergy: Detect -> type = 2, energy = 5746982.0
2021-03-20 04:25:29.557 13315-13767/com.reapex.sv D/Leo: onVoiceDataReceived-- energy =5766982.0
2021-03-20 04:25:29.557 13315-13767/com.reapex.sv I/MLASR_AsrVadDetector: lowerEnergy = 43.01, energy = 67.61, diff = 0.57
2021-03-20 04:25:29.597 13315-13767/com.reapex.sv D/ml-vadenergy: get -> tag = 65459225
2021-03-20 04:25:29.598 13315-13767/com.reapex.sv I/ml-vadenergy: Detect -> type = 2, energy = 455715.1
2021-03-20 04:25:29.598 13315-13767/com.reapex.sv D/Leo: onVoiceDataReceived-- energy =475715.1
2021-03-20 04:25:29.599 13315-13767/com.reapex.sv I/MLASR_AsrVadDetector: lowerEnergy = 43.01, energy = 56.77, diff = 0.32
2021-03-20 04:25:29.637 13315-13767/com.reapex.sv D/ml-vadenergy: get -> tag = 65459225
2021-03-20 04:25:29.637 13315-13767/com.reapex.sv I/ml-vadenergy: Detect -> type = 2, energy = 864684.0
2021-03-20 04:25:29.638 13315-13767/com.reapex.sv D/Leo: onVoiceDataReceived-- energy =884684.0
2021-03-20 04:25:29.638 13315-13767/com.reapex.sv I/MLASR_AsrVadDetector: lowerEnergy = 43.01, energy = 59.47, diff = 0.38
2021-03-20 04:25:29.681 13315-13767/com.reapex.sv D/ml-vadenergy: get -> tag = 65459225
2021-03-20 04:25:29.682 13315-13767/com.reapex.sv I/ml-vadenergy: Detect -> type = 2, energy = 6455656.0
2021-03-20 04:25:29.682 13315-13767/com.reapex.sv D/Leo: onVoiceDataReceived-- energy =6475656.0
2021-03-20 04:25:29.683 13315-13772/com.reapex.sv I/MLASR_AsrProcessor: send data in thread, messageSeqNo: 264
2021-03-20 04:25:29.685 13315-13772/com.reapex.sv I/MLASR_HaAdapter_MLKitAsr: handleMsg, taskId: 1616185473579381msg: 5
2021-03-20 04:25:29.685 13315-13767/com.reapex.sv I/MLASR_AsrVadDetector: lowerEnergy = 43.01, energy = 68.11, diff = 0.58
2021-03-20 04:25:29.685 13315-13772/com.reapex.sv E/MLASR_HaAdapter_MLKitAsr: mEventsToBeReported: has no response event isInfoGatherStart:falsemsg: 5
2021-03-20 04:25:29.685 13315-13772/com.reapex.sv I/MLASR_HaAdapter_MLKitAsr: handleMsg, taskId: 1616185473579381msg: 6
2021-03-20 04:25:29.685 13315-13772/com.reapex.sv E/MLASR_HaAdapter_MLKitAsr: mEventsToBeReported: has no response event isInfoGatherStart:falsemsg: 6
2021-03-20 04:25:29.685 13315-13772/com.reapex.sv I/MLASR_HaAdapter_MLKitAsr: handleMsg, taskId: 1616185473579381msg: 11
2021-03-20 04:25:29.685 13315-13772/com.reapex.sv E/MLASR_HaAdapter_MLKitAsr: mEventsToBeReported: has no response event isInfoGatherStart:falsemsg: 11
2021-03-20 04:25:29.715 13315-13767/com.reapex.sv D/ml-vadenergy: get -> tag = 65459225
2021-03-20 04:25:29.715 13315-13767/com.reapex.sv I/ml-vadenergy: Detect -> type = 2, energy = 2346256.0
2021-03-20 04:25:29.715 13315-13767/com.reapex.sv D/Leo: onVoiceDataReceived-- energy =2366256.0
2021-03-20 04:25:29.716 13315-13767/com.reapex.sv I/MLASR_AsrVadDetector: lowerEnergy = 43.01, energy = 63.74, diff = 0.48
2021-03-20 04:25:29.743 13315-13768/com.reapex.sv D/WebSocketManager: onMessage: {"command":"DATA","result":{"isFinal":false,"isPartialFinal":false,"text":"12345671234567123456712345671234567 123456712345671234567 12345671234567123456712345676789十11 12 13 56781bcdeft我是正月标准定的中国第二第二我6788嗨嗨嗨嗨嗨嗨嗨还要333333335566666669999999777777777888888888888888888888888888888好好好好哦888888888我要说我要说三星三星三星索尼索尼索尼索尼三星三星a b c a b c d d d a b c d e f g h i j k l m a b c d e"},"retCode":"0","retMsg":"Success"}
2021-03-20 04:25:29.744 13315-13768/com.reapex.sv I/MLASR_AsrProcessor: onMessage:
2021-03-20 04:25:29.752 13315-13315/com.reapex.sv D/Leo: OnResults
2021-03-20 04:25:29.752 13315-13315/com.reapex.sv D/Leo: onRecognizingResults is_sv Bundle[{results_recognizing=12345671234567123456712345671234567 123456712345671234567 12345671234567123456712345676789十11 12 13 56781bcdeft我是正月标准定的中国第二第二我6788嗨嗨嗨嗨嗨嗨嗨还要333333335566666669999999777777777888888888888888888888888888888好好好好哦888888888我要说我要说三星三星三星索尼索尼索尼索尼三星三星a b c a b c d d d a b c d e f g h i j k l m a b c d e}]
2021-03-20 04:25:29.755 13315-13767/com.reapex.sv D/ml-vadenergy: get -> tag = 65459225
2021-03-20 04:25:29.756 13315-13767/com.reapex.sv I/ml-vadenergy: Detect -> type = 2, energy = 179219.1
2021-03-20 04:25:29.756 13315-13767/com.reapex.sv D/Leo: onVoiceDataReceived-- energy =199219.1
2021-03-20 04:25:29.756 13315-13767/com.reapex.sv I/MLASR_AsrVadDetector: lowerEnergy = 43.01, energy = 52.99, diff = 0.23
2021-03-20 04:25:29.795 13315-13767/com.reapex.sv D/ml-vadenergy: get -> tag = 65459225
2021-03-20 04:25:29.796 13315-13767/com.reapex.sv I/ml-vadenergy: Detect -> type = 2, energy = 51615.9
2021-03-20 04:25:29.796 13315-13767/com.reapex.sv D/Leo: onVoiceDataReceived-- energy =71615.875
2021-03-20 04:25:29.797 13315-13767/com.reapex.sv I/MLASR_AsrVadDetector: lowerEnergy = 43.01, energy = 48.55, diff = 0.13
2021-03-20 04:25:29.835 13315-13767/com.reapex.sv D/ml-vadenergy: get -> tag = 65459225
2021-03-20 04:25:29.835 13315-13767/com.reapex.sv I/ml-vadenergy: Detect -> type = 2, energy = 4581411.0
2021-03-20 04:25:29.836 13315-13767/com.reapex.sv D/Leo: onVoiceDataReceived-- energy =4601411.0
2021-03-20 04:25:29.836 13315-13767/com.reapex.sv I/MLASR_AsrVadDetector: lowerEnergy = 43.01, energy = 66.63, diff = 0.55
2021-03-20 04:25:29.876 13315-13767/com.reapex.sv D/ml-vadenergy: get -> tag = 65459225
2021-03-20 04:25:29.876 13315-13767/com.reapex.sv I/ml-vadenergy: Detect -> type = 2, energy = 5867477.0
2021-03-20 04:25:29.876 13315-13767/com.reapex.sv D/Leo: onVoiceDataReceived-- energy =5887477.0
2021-03-20 04:25:29.877 13315-13767/com.reapex.sv I/MLASR_AsrVadDetector: lowerEnergy = 43.01, energy = 67.70, diff = 0.57
2021-03-20 04:25:29.877 13315-13772/com.reapex.sv I/MLASR_AsrProcessor: send data in thread, messageSeqNo: 265
2021-03-20 04:25:29.878 13315-13772/com.reapex.sv I/MLASR_HaAdapter_MLKitAsr: handleMsg, taskId: 1616185473579381msg: 5
2021-03-20 04:25:29.878 13315-13772/com.reapex.sv E/MLASR_HaAdapter_MLKitAsr: mEventsToBeReported: has no response event isInfoGatherStart:falsemsg: 5
2021-03-20 04:25:29.879 13315-13772/com.reapex.sv I/MLASR_HaAdapter_MLKitAsr: handleMsg, taskId: 1616185473579381msg: 6
2021-03-20 04:25:29.879 13315-13772/com.reapex.sv E/MLASR_HaAdapter_MLKitAsr: mEventsToBeReported: has no response event isInfoGatherStart:falsemsg: 6
2021-03-20 04:25:29.879 13315-13772/com.reapex.sv I/MLASR_HaAdapter_MLKitAsr: handleMsg, taskId: 1616185473579381msg: 11
2021-03-20 04:25:29.879 13315-13772/com.reapex.sv E/MLASR_HaAdapter_MLKitAsr: mEventsToBeReported: has no response event isInfoGatherStart:falsemsg: 11
2021-03-20 04:25:29.921 13315-13767/com.reapex.sv D/ml-vadenergy: get -> tag = 65459225
2021-03-20 04:25:29.921 13315-13767/com.reapex.sv I/ml-vadenergy: Detect -> type = 2, energy = 2372034.5
2021-03-20 04:25:29.922 13315-13767/com.reapex.sv D/Leo: onVoiceDataReceived-- energy =2392034.5
2021-03-20 04:25:29.923 13315-13767/com.reapex.sv I/MLASR_AsrVadDetector: lowerEnergy = 43.01, energy = 63.79, diff = 0.48
2021-03-20 04:25:29.940 13315-13768/com.reapex.sv D/WebSocketManager: onMessage: {"command":"DATA","result":{"isFinal":false,"isPartialFinal":false,"text":"12345671234567123456712345671234567 123456712345671234567 12345671234567123456712345676789十11 12 13 56781bcdeft我是正月标准定的中国第二第二我6788嗨嗨嗨嗨嗨嗨嗨还要333333335566666669999999777777777888888888888888888888888888888好好好好哦888888888我要说我要说三星三星三星索尼索尼索尼索尼三星三星a b c a b c d d d a b c d e f g h i j k l m a b c d e f g"},"retCode":"0","retMsg":"Success"}
2021-03-20 04:25:29.941 13315-13768/com.reapex.sv I/MLASR_AsrProcessor: onMessage:
2021-03-20 04:25:29.949 13315-13315/com.reapex.sv D/Leo: OnResults
2021-03-20 04:25:29.950 13315-13315/com.reapex.sv D/Leo: onRecognizingResults is_sv Bundle[{results_recognizing=12345671234567123456712345671234567 123456712345671234567 12345671234567123456712345676789十11 12 13 56781bcdeft我是正月标准定的中国第二第二我6788嗨嗨嗨嗨嗨嗨嗨还要333333335566666669999999777777777888888888888888888888888888888好好好好哦888888888我要说我要说三星三星三星索尼索尼索尼索尼三星三星a b c a b c d d d a b c d e f g h i j k l m a b c d e f g}]
2021-03-20 04:25:29.955 13315-13767/com.reapex.sv D/ml-vadenergy: get -> tag = 65459225
2021-03-20 04:25:29.955 13315-13767/com.reapex.sv I/ml-vadenergy: Detect -> type = 2, energy = 145202.3
2021-03-20 04:25:29.956 13315-13767/com.reapex.sv D/Leo: onVoiceDataReceived-- energy =165202.27
2021-03-20 04:25:29.956 13315-13767/com.reapex.sv I/MLASR_AsrVadDetector: lowerEnergy = 43.01, energy = 52.18, diff = 0.21
2021-03-20 04:25:29.995 13315-13767/com.reapex.sv D/ml-vadenergy: get -> tag = 65459225
2021-03-20 04:25:29.996 13315-13767/com.reapex.sv I/ml-vadenergy: Detect -> type = 2, energy = 3791879.2
2021-03-20 04:25:29.996 13315-13767/com.reapex.sv D/Leo: onVoiceDataReceived-- energy =3811879.2
2021-03-20 04:25:29.997 13315-13767/com.reapex.sv I/MLASR_AsrVadDetector: lowerEnergy = 43.01, energy = 65.81, diff = 0.53
2021-03-20 04:25:30.036 13315-13767/com.reapex.sv D/ml-vadenergy: get -> tag = 65459225
2021-03-20 04:25:30.036 13315-13767/com.reapex.sv I/ml-vadenergy: Detect -> type = 2, energy = 5760527.5
2021-03-20 04:25:30.036 13315-13767/com.reapex.sv D/Leo: onVoiceDataReceived-- energy =5780527.5
2021-03-20 04:25:30.037 13315-13767/com.reapex.sv I/MLASR_AsrVadDetector: lowerEnergy = 43.01, energy = 67.62, diff = 0.57
2021-03-20 04:25:30.076 13315-13767/com.reapex.sv D/ml-vadenergy: get -> tag = 65459225
2021-03-20 04:25:30.076 13315-13767/com.reapex.sv I/ml-vadenergy: Detect -> type = 2, energy = 5191677.5
2021-03-20 04:25:30.077 13315-13767/com.reapex.sv D/Leo: onVoiceDataReceived-- energy =5211677.5
2021-03-20 04:25:30.078 13315-13767/com.reapex.sv I/MLASR_AsrVadDetector: lowerEnergy = 43.01, energy = 67.17, diff = 0.56
2021-03-20 04:25:30.079 13315-13772/com.reapex.sv I/MLASR_AsrProcessor: send data in thread, messageSeqNo: 266
2021-03-20 04:25:30.080 13315-13772/com.reapex.sv I/MLASR_HaAdapter_MLKitAsr: handleMsg, taskId: 1616185473579381msg: 5
2021-03-20 04:25:30.080 13315-13772/com.reapex.sv E/MLASR_HaAdapter_MLKitAsr: mEventsToBeReported: has no response event isInfoGatherStart:falsemsg: 5
2021-03-20 04:25:30.080 13315-13772/com.reapex.sv I/MLASR_HaAdapter_MLKitAsr: handleMsg, taskId: 1616185473579381msg: 6
2021-03-20 04:25:30.080 13315-13772/com.reapex.sv E/MLASR_HaAdapter_MLKitAsr: mEventsToBeReported: has no response event isInfoGatherStart:falsemsg: 6
2021-03-20 04:25:30.080 13315-13772/com.reapex.sv I/MLASR_HaAdapter_MLKitAsr: handleMsg, taskId: 1616185473579381msg: 11
2021-03-20 04:25:30.080 13315-13772/com.reapex.sv E/MLASR_HaAdapter_MLKitAsr: mEventsToBeReported: has no response event isInfoGatherStart:falsemsg: 11
2021-03-20 04:25:30.116 13315-13767/com.reapex.sv D/ml-vadenergy: get -> tag = 65459225
2021-03-20 04:25:30.116 13315-13767/com.reapex.sv I/ml-vadenergy: Detect -> type = 2, energy = 4161621.5
2021-03-20 04:25:30.116 13315-13767/com.reapex.sv D/Leo: onVoiceDataReceived-- energy =4181621.5
2021-03-20 04:25:30.117 13315-13767/com.reapex.sv I/MLASR_AsrVadDetector: lowerEnergy = 43.01, energy = 66.21, diff = 0.54
2021-03-20 04:25:30.160 13315-13767/com.reapex.sv D/ml-vadenergy: get -> tag = 65459225
2021-03-20 04:25:30.160 13315-13767/com.reapex.sv I/ml-vadenergy: Detect -> type = 2, energy = 5541435.0
2021-03-20 04:25:30.161 13315-13767/com.reapex.sv D/Leo: onVoiceDataReceived-- energy =5561435.0
2021-03-20 04:25:30.162 13315-13767/com.reapex.sv I/MLASR_AsrVadDetector: lowerEnergy = 43.01, energy = 67.45, diff = 0.57
2021-03-20 04:25:30.196 13315-13767/com.reapex.sv D/ml-vadenergy: get -> tag = 65459225
2021-03-20 04:25:30.196 13315-13767/com.reapex.sv I/ml-vadenergy: Detect -> type = 2, energy = 4333042.0
2021-03-20 04:25:30.196 13315-13767/com.reapex.sv D/Leo: onVoiceDataReceived-- energy =4353042.0
2021-03-20 04:25:30.197 13315-13767/com.reapex.sv I/MLASR_AsrVadDetector: lowerEnergy = 43.01, energy = 66.39, diff = 0.54
2021-03-20 04:25:30.236 13315-13767/com.reapex.sv D/ml-vadenergy: get -> tag = 65459225
2021-03-20 04:25:30.236 13315-13767/com.reapex.sv I/ml-vadenergy: Detect -> type = 2, energy = 4741587.5
2021-03-20 04:25:30.236 13315-13767/com.reapex.sv D/Leo: onVoiceDataReceived-- energy =4761587.5
2021-03-20 04:25:30.237 13315-13767/com.reapex.sv I/MLASR_AsrVadDetector: lowerEnergy = 43.01, energy = 66.78, diff = 0.55
2021-03-20 04:25:30.275 13315-13767/com.reapex.sv D/ml-vadenergy: get -> tag = 65459225
2021-03-20 04:25:30.275 13315-13767/com.reapex.sv I/ml-vadenergy: Detect -> type = 2, energy = 3535035.5
2021-03-20 04:25:30.276 13315-13767/com.reapex.sv D/Leo: onVoiceDataReceived-- energy =3555035.5
2021-03-20 04:25:30.277 13315-13767/com.reapex.sv I/MLASR_AsrVadDetector: lowerEnergy = 43.01, energy = 65.51, diff = 0.52
2021-03-20 04:25:30.277 13315-13772/com.reapex.sv I/MLASR_AsrProcessor: send data in thread, messageSeqNo: 267
2021-03-20 04:25:30.278 13315-13772/com.reapex.sv I/MLASR_HaAdapter_MLKitAsr: handleMsg, taskId: 1616185473579381msg: 5
2021-03-20 04:25:30.278 13315-13772/com.reapex.sv E/MLASR_HaAdapter_MLKitAsr: mEventsToBeReported: has no response event isInfoGatherStart:falsemsg: 5
2021-03-20 04:25:30.278 13315-13772/com.reapex.sv I/MLASR_HaAdapter_MLKitAsr: handleMsg, taskId: 1616185473579381msg: 6
2021-03-20 04:25:30.278 13315-13772/com.reapex.sv E/MLASR_HaAdapter_MLKitAsr: mEventsToBeReported: has no response event isInfoGatherStart:falsemsg: 6
2021-03-20 04:25:30.278 13315-13772/com.reapex.sv I/MLASR_HaAdapter_MLKitAsr: handleMsg, taskId: 1616185473579381msg: 11
2021-03-20 04:25:30.278 13315-13772/com.reapex.sv E/MLASR_HaAdapter_MLKitAsr: mEventsToBeReported: has no response event isInfoGatherStart:falsemsg: 11
2021-03-20 04:25:30.299 13315-13768/com.reapex.sv D/WebSocketManager: onMessage: {"command":"DATA","result":{"isFinal":false,"isPartialFinal":false,"text":"12345671234567123456712345671234567 123456712345671234567 12345671234567123456712345676789十11 12 13 56781bcdeft我是正月标准定的中国第二第二我6788嗨嗨嗨嗨嗨嗨嗨还要333333335566666669999999777777777888888888888888888888888888888好好好好哦888888888我要说我要说三星三星三星索尼索尼索尼索尼三星三星a b c a b c d d d a b c d e f g h i j k l m a b c d e f g a b"},"retCode":"0","retMsg":"Success"}
2021-03-20 04:25:30.299 13315-13768/com.reapex.sv I/MLASR_AsrProcessor: onMessage:
2021-03-20 04:25:30.307 13315-13315/com.reapex.sv D/Leo: OnResults
2021-03-20 04:25:30.307 13315-13315/com.reapex.sv D/Leo: onRecognizingResults is_sv Bundle[{results_recognizing=12345671234567123456712345671234567 123456712345671234567 12345671234567123456712345676789十11 12 13 56781bcdeft我是正月标准定的中国第二第二我6788嗨嗨嗨嗨嗨嗨嗨还要333333335566666669999999777777777888888888888888888888888888888好好好好哦888888888我要说我要说三星三星三星索尼索尼索尼索尼三星三星a b c a b c d d d a b c d e f g h i j k l m a b c d e f g a b}]
2021-03-20 04:25:30.315 13315-13767/com.reapex.sv D/ml-vadenergy: get -> tag = 65459225
2021-03-20 04:25:30.316 13315-13767/com.reapex.sv I/ml-vadenergy: Detect -> type = 2, energy = 3135896.5
2021-03-20 04:25:30.316 13315-13767/com.reapex.sv D/Leo: onVoiceDataReceived-- energy =3155896.5
2021-03-20 04:25:30.316 13315-13767/com.reapex.sv I/MLASR_AsrVadDetector: lowerEnergy = 43.01, energy = 64.99, diff = 0.51
2021-03-20 04:25:30.355 13315-13767/com.reapex.sv D/ml-vadenergy: get -> tag = 65459225
2021-03-20 04:25:30.356 13315-13767/com.reapex.sv I/ml-vadenergy: Detect -> type = 2, energy = 1830544.8
2021-03-20 04:25:30.356 13315-13767/com.reapex.sv D/Leo: onVoiceDataReceived-- energy =1850544.8
2021-03-20 04:25:30.357 13315-13767/com.reapex.sv I/MLASR_AsrVadDetector: lowerEnergy = 43.01, energy = 62.67, diff = 0.46
2021-03-20 04:25:30.395 13315-13767/com.reapex.sv D/ml-vadenergy: get -> tag = 65459225
2021-03-20 04:25:30.395 13315-13767/com.reapex.sv I/ml-vadenergy: Detect -> type = 2, energy = 77134.7
2021-03-20 04:25:30.395 13315-13767/com.reapex.sv D/Leo: onVoiceDataReceived-- energy =97134.67
2021-03-20 04:25:30.396 13315-13767/com.reapex.sv I/MLASR_AsrVadDetector: lowerEnergy = 43.01, energy = 49.87, diff = 0.16
2021-03-20 04:25:30.435 13315-13767/com.reapex.sv D/ml-vadenergy: get -> tag = 65459225
2021-03-20 04:25:30.435 13315-13767/com.reapex.sv I/ml-vadenergy: Detect -> type = 2, energy = 446032.9
2021-03-20 04:25:30.436 13315-13767/com.reapex.sv D/Leo: onVoiceDataReceived-- energy =466032.9
2021-03-20 04:25:30.436 13315-13767/com.reapex.sv I/MLASR_AsrVadDetector: lowerEnergy = 43.01, energy = 56.68, diff = 0.32
2021-03-20 04:25:30.481 13315-13767/com.reapex.sv D/ml-vadenergy: get -> tag = 65459225
2021-03-20 04:25:30.482 13315-13767/com.reapex.sv I/ml-vadenergy: Detect -> type = 2, energy = 2047657.8
2021-03-20 04:25:30.482 13315-13767/com.reapex.sv D/Leo: onVoiceDataReceived-- energy =2067657.8
2021-03-20 04:25:30.484 13315-13772/com.reapex.sv I/MLASR_AsrProcessor: send data in thread, messageSeqNo: 268
2021-03-20 04:25:30.485 13315-13767/com.reapex.sv I/MLASR_AsrVadDetector: lowerEnergy = 43.01, energy = 63.15, diff = 0.47
2021-03-20 04:25:30.485 13315-13772/com.reapex.sv I/MLASR_HaAdapter_MLKitAsr: handleMsg, taskId: 1616185473579381msg: 5
2021-03-20 04:25:30.485 13315-13772/com.reapex.sv E/MLASR_HaAdapter_MLKitAsr: mEventsToBeReported: has no response event isInfoGatherStart:falsemsg: 5
2021-03-20 04:25:30.485 13315-13772/com.reapex.sv I/MLASR_HaAdapter_MLKitAsr: handleMsg, taskId: 1616185473579381msg: 6
2021-03-20 04:25:30.485 13315-13772/com.reapex.sv E/MLASR_HaAdapter_MLKitAsr: mEventsToBeReported: has no response event isInfoGatherStart:falsemsg: 6
2021-03-20 04:25:30.485 13315-13772/com.reapex.sv I/MLASR_HaAdapter_MLKitAsr: handleMsg, taskId: 1616185473579381msg: 11
2021-03-20 04:25:30.485 13315-13772/com.reapex.sv E/MLASR_HaAdapter_MLKitAsr: mEventsToBeReported: has no response event isInfoGatherStart:falsemsg: 11
2021-03-20 04:25:30.517 13315-13767/com.reapex.sv D/ml-vadenergy: get -> tag = 65459225
2021-03-20 04:25:30.518 13315-13767/com.reapex.sv I/ml-vadenergy: Detect -> type = 2, energy = 48199.4
2021-03-20 04:25:30.518 13315-13767/com.reapex.sv D/Leo: onVoiceDataReceived-- energy =68199.414
2021-03-20 04:25:30.519 13315-13767/com.reapex.sv I/MLASR_AsrVadDetector: lowerEnergy = 43.01, energy = 48.34, diff = 0.12
2021-03-20 04:25:30.561 13315-13767/com.reapex.sv D/ml-vadenergy: get -> tag = 65459225
2021-03-20 04:25:30.562 13315-13767/com.reapex.sv I/ml-vadenergy: Detect -> type = 2, energy = 85290.9
2021-03-20 04:25:30.562 13315-13767/com.reapex.sv D/Leo: onVoiceDataReceived-- energy =105290.87
2021-03-20 04:25:30.563 13315-13767/com.reapex.sv I/MLASR_AsrVadDetector: lowerEnergy = 43.01, energy = 50.22, diff = 0.17
2021-03-20 04:25:30.596 13315-13767/com.reapex.sv D/ml-vadenergy: get -> tag = 65459225
2021-03-20 04:25:30.596 13315-13767/com.reapex.sv I/ml-vadenergy: Detect -> type = 2, energy = 4241470.5
2021-03-20 04:25:30.596 13315-13767/com.reapex.sv D/Leo: onVoiceDataReceived-- energy =4261470.5
2021-03-20 04:25:30.597 13315-13767/com.reapex.sv I/MLASR_AsrVadDetector: lowerEnergy = 43.01, energy = 66.30, diff = 0.54
2021-03-20 04:25:30.635 13315-13767/com.reapex.sv D/ml-vadenergy: get -> tag = 65459225
2021-03-20 04:25:30.636 13315-13767/com.reapex.sv I/ml-vadenergy: Detect -> type = 2, energy = 3606096.0
2021-03-20 04:25:30.636 13315-13767/com.reapex.sv D/Leo: onVoiceDataReceived-- energy =3626096.0
2021-03-20 04:25:30.636 13315-13767/com.reapex.sv I/MLASR_AsrVadDetector: lowerEnergy = 43.01, energy = 65.59, diff = 0.53
2021-03-20 04:25:30.671 13315-13768/com.reapex.sv D/WebSocketManager: onMessage: {"command":"DATA","result":{"isFinal":false,"isPartialFinal":false,"text":"12345671234567123456712345671234567 123456712345671234567 12345671234567123456712345676789十11 12 13 56781bcdeft我是正月标准定的中国第二第二我6788嗨嗨嗨嗨嗨嗨嗨还要333333335566666669999999777777777888888888888888888888888888888好好好好哦888888888我要说我要说三星三星三星索尼索尼索尼索尼三星三星a b c a b c d d d a b c d e f g h i j k l m a b c d e f g a b c d"},"retCode":"0","retMsg":"Success"}
2021-03-20 04:25:30.671 13315-13768/com.reapex.sv I/MLASR_AsrProcessor: onMessage:
2021-03-20 04:25:30.675 13315-13767/com.reapex.sv D/ml-vadenergy: get -> tag = 65459225
2021-03-20 04:25:30.675 13315-13767/com.reapex.sv I/ml-vadenergy: Detect -> type = 2, energy = 1848638.8
2021-03-20 04:25:30.676 13315-13767/com.reapex.sv D/Leo: onVoiceDataReceived-- energy =1868638.8
2021-03-20 04:25:30.676 13315-13767/com.reapex.sv I/MLASR_AsrVadDetector: lowerEnergy = 43.01, energy = 62.72, diff = 0.46
2021-03-20 04:25:30.677 13315-13772/com.reapex.sv I/MLASR_AsrProcessor: send data in thread, messageSeqNo: 269
2021-03-20 04:25:30.678 13315-13772/com.reapex.sv I/MLASR_HaAdapter_MLKitAsr: handleMsg, taskId: 1616185473579381msg: 5
2021-03-20 04:25:30.678 13315-13772/com.reapex.sv E/MLASR_HaAdapter_MLKitAsr: mEventsToBeReported: has no response event isInfoGatherStart:falsemsg: 5
2021-03-20 04:25:30.678 13315-13772/com.reapex.sv I/MLASR_HaAdapter_MLKitAsr: handleMsg, taskId: 1616185473579381msg: 6
2021-03-20 04:25:30.678 13315-13772/com.reapex.sv E/MLASR_HaAdapter_MLKitAsr: mEventsToBeReported: has no response event isInfoGatherStart:falsemsg: 6
2021-03-20 04:25:30.678 13315-13772/com.reapex.sv I/MLASR_HaAdapter_MLKitAsr: handleMsg, taskId: 1616185473579381msg: 11
2021-03-20 04:25:30.678 13315-13772/com.reapex.sv E/MLASR_HaAdapter_MLKitAsr: mEventsToBeReported: has no response event isInfoGatherStart:falsemsg: 11
2021-03-20 04:25:30.679 13315-13315/com.reapex.sv D/Leo: OnResults
2021-03-20 04:25:30.679 13315-13315/com.reapex.sv D/Leo: onRecognizingResults is_sv Bundle[{results_recognizing=12345671234567123456712345671234567 123456712345671234567 12345671234567123456712345676789十11 12 13 56781bcdeft我是正月标准定的中国第二第二我6788嗨嗨嗨嗨嗨嗨嗨还要333333335566666669999999777777777888888888888888888888888888888好好好好哦888888888我要说我要说三星三星三星索尼索尼索尼索尼三星三星a b c a b c d d d a b c d e f g h i j k l m a b c d e f g a b c d}]
2021-03-20 04:25:30.716 13315-13767/com.reapex.sv D/ml-vadenergy: get -> tag = 65459225
2021-03-20 04:25:30.716 13315-13767/com.reapex.sv I/ml-vadenergy: Detect -> type = 2, energy = 351852.7
2021-03-20 04:25:30.716 13315-13767/com.reapex.sv D/Leo: onVoiceDataReceived-- energy =371852.72
2021-03-20 04:25:30.717 13315-13767/com.reapex.sv I/MLASR_AsrVadDetector: lowerEnergy = 43.01, energy = 55.70, diff = 0.30
2021-03-20 04:25:30.755 13315-13767/com.reapex.sv D/ml-vadenergy: get -> tag = 65459225
2021-03-20 04:25:30.755 13315-13767/com.reapex.sv I/ml-vadenergy: Detect -> type = 2, energy = 219889.7
2021-03-20 04:25:30.755 13315-13767/com.reapex.sv D/Leo: onVoiceDataReceived-- energy =239889.67
2021-03-20 04:25:30.756 13315-13767/com.reapex.sv I/MLASR_AsrVadDetector: lowerEnergy = 43.01, energy = 53.80, diff = 0.25
2021-03-20 04:25:30.795 13315-13767/com.reapex.sv D/ml-vadenergy: get -> tag = 65459225
2021-03-20 04:25:30.796 13315-13767/com.reapex.sv I/ml-vadenergy: Detect -> type = 2, energy = 54504.2
2021-03-20 04:25:30.796 13315-13767/com.reapex.sv D/Leo: onVoiceDataReceived-- energy =74504.21
2021-03-20 04:25:30.796 13315-13767/com.reapex.sv I/MLASR_AsrVadDetector: lowerEnergy = 43.01, energy = 48.72, diff = 0.13
2021-03-20 04:25:30.836 13315-13767/com.reapex.sv D/ml-vadenergy: get -> tag = 65459225
2021-03-20 04:25:30.836 13315-13767/com.reapex.sv I/ml-vadenergy: Detect -> type = 2, energy = 47931.8
2021-03-20 04:25:30.836 13315-13767/com.reapex.sv D/Leo: onVoiceDataReceived-- energy =67931.766
2021-03-20 04:25:30.837 13315-13767/com.reapex.sv I/MLASR_AsrVadDetector: lowerEnergy = 43.01, energy = 48.32, diff = 0.12
2021-03-20 04:25:30.881 13315-13767/com.reapex.sv D/ml-vadenergy: get -> tag = 65459225
2021-03-20 04:25:30.882 13315-13767/com.reapex.sv I/ml-vadenergy: Detect -> type = 2, energy = 1104969.9
2021-03-20 04:25:30.882 13315-13767/com.reapex.sv D/Leo: onVoiceDataReceived-- energy =1124969.9
2021-03-20 04:25:30.883 13315-13767/com.reapex.sv I/MLASR_AsrVadDetector: lowerEnergy = 43.01, energy = 60.51, diff = 0.41
2021-03-20 04:25:30.884 13315-13772/com.reapex.sv I/MLASR_AsrProcessor: send data in thread, messageSeqNo: 270
2021-03-20 04:25:30.884 13315-13772/com.reapex.sv I/MLASR_HaAdapter_MLKitAsr: handleMsg, taskId: 1616185473579381msg: 5
2021-03-20 04:25:30.885 13315-13772/com.reapex.sv E/MLASR_HaAdapter_MLKitAsr: mEventsToBeReported: has no response event isInfoGatherStart:falsemsg: 5
2021-03-20 04:25:30.885 13315-13772/com.reapex.sv I/MLASR_HaAdapter_MLKitAsr: handleMsg, taskId: 1616185473579381msg: 6
2021-03-20 04:25:30.885 13315-13772/com.reapex.sv E/MLASR_HaAdapter_MLKitAsr: mEventsToBeReported: has no response event isInfoGatherStart:falsemsg: 6
2021-03-20 04:25:30.885 13315-13772/com.reapex.sv I/MLASR_HaAdapter_MLKitAsr: handleMsg, taskId: 1616185473579381msg: 11
2021-03-20 04:25:30.885 13315-13772/com.reapex.sv E/MLASR_HaAdapter_MLKitAsr: mEventsToBeReported: has no response event isInfoGatherStart:falsemsg: 11
2021-03-20 04:25:30.921 13315-13767/com.reapex.sv D/ml-vadenergy: get -> tag = 65459225
2021-03-20 04:25:30.921 13315-13767/com.reapex.sv I/ml-vadenergy: Detect -> type = 2, energy = 1503971.5
2021-03-20 04:25:30.922 13315-13767/com.reapex.sv D/Leo: onVoiceDataReceived-- energy =1523971.5
2021-03-20 04:25:30.923 13315-13767/com.reapex.sv I/MLASR_AsrVadDetector: lowerEnergy = 43.01, energy = 61.83, diff = 0.44
2021-03-20 04:25:30.938 13315-13768/com.reapex.sv D/WebSocketManager: onMessage: {"command":"DATA","result":{"isFinal":false,"isPartialFinal":false,"text":"12345671234567123456712345671234567 123456712345671234567 12345671234567123456712345676789十11 12 13 56781bcdeft我是正月标准定的中国第二第二我6788嗨嗨嗨嗨嗨嗨嗨还要333333335566666669999999777777777888888888888888888888888888888好好好好哦888888888我要说我要说三星三星三星索尼索尼索尼索尼三星三星a b c a b c d d d a b c d e f g h i j k l m a b c d e f g a b c d e f"},"retCode":"0","retMsg":"Success"}
2021-03-20 04:25:30.938 13315-13768/com.reapex.sv I/MLASR_AsrProcessor: onMessage:
2021-03-20 04:25:30.946 13315-13315/com.reapex.sv D/Leo: OnResults
2021-03-20 04:25:30.946 13315-13315/com.reapex.sv D/Leo: onRecognizingResults is_sv Bundle[{results_recognizing=12345671234567123456712345671234567 123456712345671234567 12345671234567123456712345676789十11 12 13 56781bcdeft我是正月标准定的中国第二第二我6788嗨嗨嗨嗨嗨嗨嗨还要333333335566666669999999777777777888888888888888888888888888888好好好好哦888888888我要说我要说三星三星三星索尼索尼索尼索尼三星三星a b c a b c d d d a b c d e f g h i j k l m a b c d e f g a b c d e f}]
2021-03-20 04:25:30.955 13315-13767/com.reapex.sv D/ml-vadenergy: get -> tag = 65459225
2021-03-20 04:25:30.956 13315-13767/com.reapex.sv I/ml-vadenergy: Detect -> type = 2, energy = 3004008.5
2021-03-20 04:25:30.956 13315-13767/com.reapex.sv D/Leo: onVoiceDataReceived-- energy =3024008.5
2021-03-20 04:25:30.957 13315-13767/com.reapex.sv I/MLASR_AsrVadDetector: lowerEnergy = 43.01, energy = 64.81, diff = 0.51
2021-03-20 04:25:30.995 13315-13767/com.reapex.sv D/ml-vadenergy: get -> tag = 65459225
2021-03-20 04:25:30.996 13315-13767/com.reapex.sv I/ml-vadenergy: Detect -> type = 2, energy = 6986406.5
2021-03-20 04:25:30.996 13315-13767/com.reapex.sv D/Leo: onVoiceDataReceived-- energy =7006406.5
2021-03-20 04:25:30.997 13315-13767/com.reapex.sv I/MLASR_AsrVadDetector: lowerEnergy = 43.01, energy = 68.45, diff = 0.59
2021-03-20 04:25:31.035 13315-13767/com.reapex.sv D/ml-vadenergy: get -> tag = 65459225
2021-03-20 04:25:31.035 13315-13767/com.reapex.sv I/ml-vadenergy: Detect -> type = 2, energy = 5186031.0
2021-03-20 04:25:31.035 13315-13767/com.reapex.sv D/Leo: onVoiceDataReceived-- energy =5206031.0
2021-03-20 04:25:31.036 13315-13767/com.reapex.sv I/MLASR_AsrVadDetector: lowerEnergy = 43.01, energy = 67.17, diff = 0.56
2021-03-20 04:25:31.075 13315-13767/com.reapex.sv D/ml-vadenergy: get -> tag = 65459225
2021-03-20 04:25:31.075 13315-13767/com.reapex.sv I/ml-vadenergy: Detect -> type = 2, energy = 888526.9
2021-03-20 04:25:31.076 13315-13767/com.reapex.sv D/Leo: onVoiceDataReceived-- energy =908526.9
2021-03-20 04:25:31.077 13315-13767/com.reapex.sv I/MLASR_AsrVadDetector: lowerEnergy = 43.01, energy = 59.58, diff = 0.39
2021-03-20 04:25:31.078 13315-13772/com.reapex.sv I/MLASR_AsrProcessor: send data in thread, messageSeqNo: 271
2021-03-20 04:25:31.078 13315-13772/com.reapex.sv I/MLASR_HaAdapter_MLKitAsr: handleMsg, taskId: 1616185473579381msg: 5
2021-03-20 04:25:31.079 13315-13772/com.reapex.sv E/MLASR_HaAdapter_MLKitAsr: mEventsToBeReported: has no response event isInfoGatherStart:falsemsg: 5
2021-03-20 04:25:31.079 13315-13772/com.reapex.sv I/MLASR_HaAdapter_MLKitAsr: handleMsg, taskId: 1616185473579381msg: 6
2021-03-20 04:25:31.079 13315-13772/com.reapex.sv E/MLASR_HaAdapter_MLKitAsr: mEventsToBeReported: has no response event isInfoGatherStart:falsemsg: 6
2021-03-20 04:25:31.079 13315-13772/com.reapex.sv I/MLASR_HaAdapter_MLKitAsr: handleMsg, taskId: 1616185473579381msg: 11
2021-03-20 04:25:31.079 13315-13772/com.reapex.sv E/MLASR_HaAdapter_MLKitAsr: mEventsToBeReported: has no response event isInfoGatherStart:falsemsg: 11
2021-03-20 04:25:31.117 13315-13767/com.reapex.sv D/ml-vadenergy: get -> tag = 65459225
2021-03-20 04:25:31.118 13315-13767/com.reapex.sv I/ml-vadenergy: Detect -> type = 2, energy = 81898.4
2021-03-20 04:25:31.118 13315-13767/com.reapex.sv D/Leo: onVoiceDataReceived-- energy =101898.37
2021-03-20 04:25:31.119 13315-13767/com.reapex.sv I/MLASR_AsrVadDetector: lowerEnergy = 43.01, energy = 50.08, diff = 0.16
2021-03-20 04:25:31.161 13315-13767/com.reapex.sv D/ml-vadenergy: get -> tag = 65459225
2021-03-20 04:25:31.162 13315-13767/com.reapex.sv I/ml-vadenergy: Detect -> type = 2, energy = 35299.8
2021-03-20 04:25:31.162 13315-13767/com.reapex.sv D/Leo: onVoiceDataReceived-- energy =55299.816
2021-03-20 04:25:31.163 13315-13767/com.reapex.sv I/MLASR_AsrVadDetector: lowerEnergy = 43.01, energy = 47.43, diff = 0.10
2021-03-20 04:25:31.195 13315-13767/com.reapex.sv D/ml-vadenergy: get -> tag = 65459225
2021-03-20 04:25:31.196 13315-13767/com.reapex.sv I/ml-vadenergy: Detect -> type = 2, energy = 2470050.5
2021-03-20 04:25:31.196 13315-13767/com.reapex.sv D/Leo: onVoiceDataReceived-- energy =2490050.5
2021-03-20 04:25:31.196 13315-13767/com.reapex.sv I/MLASR_AsrVadDetector: lowerEnergy = 43.01, energy = 63.96, diff = 0.49
2021-03-20 04:25:31.235 13315-13767/com.reapex.sv D/ml-vadenergy: get -> tag = 65459225
2021-03-20 04:25:31.235 13315-13767/com.reapex.sv I/ml-vadenergy: Detect -> type = 2, energy = 3832479.2
2021-03-20 04:25:31.236 13315-13767/com.reapex.sv D/Leo: onVoiceDataReceived-- energy =3852479.2
2021-03-20 04:25:31.236 13315-13767/com.reapex.sv I/MLASR_AsrVadDetector: lowerEnergy = 43.01, energy = 65.86, diff = 0.53
2021-03-20 04:25:31.275 13315-13767/com.reapex.sv D/ml-vadenergy: get -> tag = 65459225
2021-03-20 04:25:31.275 13315-13767/com.reapex.sv I/ml-vadenergy: Detect -> type = 2, energy = 4662947.0
2021-03-20 04:25:31.275 13315-13767/com.reapex.sv D/Leo: onVoiceDataReceived-- energy =4682947.0
2021-03-20 04:25:31.276 13315-13772/com.reapex.sv I/MLASR_AsrProcessor: send data in thread, messageSeqNo: 272
2021-03-20 04:25:31.276 13315-13767/com.reapex.sv I/MLASR_AsrVadDetector: lowerEnergy = 43.01, energy = 66.71, diff = 0.55
2021-03-20 04:25:31.277 13315-13772/com.reapex.sv I/MLASR_HaAdapter_MLKitAsr: handleMsg, taskId: 1616185473579381msg: 5
2021-03-20 04:25:31.277 13315-13772/com.reapex.sv E/MLASR_HaAdapter_MLKitAsr: mEventsToBeReported: has no response event isInfoGatherStart:falsemsg: 5
2021-03-20 04:25:31.277 13315-13772/com.reapex.sv I/MLASR_HaAdapter_MLKitAsr: handleMsg, taskId: 1616185473579381msg: 6
2021-03-20 04:25:31.277 13315-13772/com.reapex.sv E/MLASR_HaAdapter_MLKitAsr: mEventsToBeReported: has no response event isInfoGatherStart:falsemsg: 6
